Component: ARM Compiler 5.06 update 7 (build 960) Tool: armlink [4d3601]

==============================================================================

Section Cross References

    main.o(i.Init_Devices) refers to misc.o(i.NVIC_PriorityGroupConfig) for NVIC_PriorityGroupConfig
    main.o(i.Init_Devices) refers to sys.o(i.Init_SysTick) for Init_SysTick
    main.o(i.Init_Devices) refers to sys.o(i.get_rccclock_info) for get_rccclock_info
    main.o(i.Init_Devices) refers to bsp_gpio.o(i.GPIO_Configuration) for GPIO_Configuration
    main.o(i.Init_Devices) refers to bsp_adc.o(i.ADC_GPIO_Configuration) for ADC_GPIO_Configuration
    main.o(i.Init_Devices) refers to bsp_i2cb_port.o(i.i2cb_port_init) for i2cb_port_init
    main.o(i.main) refers to memseta.o(.text) for __aeabi_memclr4
    main.o(i.main) refers to main.o(i.Init_Devices) for Init_Devices
    main.o(i.main) refers to scs_thread.o(i.scs_thread_init) for scs_thread_init
    main.o(i.main) refers to stm32f4xx_gpio.o(i.GPIO_ToggleBits) for GPIO_ToggleBits
    main.o(i.main) refers to stm32f4xx_gpio.o(i.GPIO_ResetBits) for GPIO_ResetBits
    main.o(i.main) refers to thread.o(i.rt_thread_mdelay) for rt_thread_mdelay
    main.o(i.main) refers to stm32f4xx_gpio.o(i.GPIO_SetBits) for GPIO_SetBits
    scs_thread.o(i.led_thread_entry) refers to stm32f4xx_gpio.o(i.GPIO_SetBits) for GPIO_SetBits
    scs_thread.o(i.led_thread_entry) refers to thread.o(i.rt_thread_mdelay) for rt_thread_mdelay
    scs_thread.o(i.led_thread_entry) refers to stm32f4xx_gpio.o(i.GPIO_ResetBits) for GPIO_ResetBits
    scs_thread.o(i.oled_thread_entry) refers to bsp_oled.o(i.OLED_Init) for OLED_Init
    scs_thread.o(i.oled_thread_entry) refers to bsp_oled.o(i.Oled_Poll) for Oled_Poll
    scs_thread.o(i.oled_thread_entry) refers to ipc.o(i.rt_sem_init) for rt_sem_init
    scs_thread.o(i.oled_thread_entry) refers to scs_thread.o(i.timer_static_sample) for timer_static_sample
    scs_thread.o(i.oled_thread_entry) refers to ipc.o(i.rt_sem_control) for rt_sem_control
    scs_thread.o(i.oled_thread_entry) refers to ipc.o(i.rt_sem_take) for rt_sem_take
    scs_thread.o(i.oled_thread_entry) refers to thread.o(i.rt_thread_mdelay) for rt_thread_mdelay
    scs_thread.o(i.oled_thread_entry) refers to scs_thread.o(.bss) for oled_refresh_sem
    scs_thread.o(i.scs_thread_init) refers to thread.o(i.rt_thread_init) for rt_thread_init
    scs_thread.o(i.scs_thread_init) refers to thread.o(i.rt_thread_startup) for rt_thread_startup
    scs_thread.o(i.scs_thread_init) refers to scs_thread.o(.bss) for mled_thread_stack
    scs_thread.o(i.scs_thread_init) refers to app_led.o(i.mled_thread_entry) for mled_thread_entry
    scs_thread.o(i.scs_thread_init) refers to app_codec.o(i.codec_thread_entry) for codec_thread_entry
    scs_thread.o(i.scs_thread_init) refers to app_key.o(i.sw_thread_entry) for sw_thread_entry
    scs_thread.o(i.scs_thread_init) refers to scs_thread.o(i.oled_thread_entry) for oled_thread_entry
    scs_thread.o(i.scs_thread_init) refers to app_adc.o(i.adc_thread_entry) for adc_thread_entry
    scs_thread.o(i.scs_thread_init) refers to app_temp.o(i.board_temp_thread_entry) for board_temp_thread_entry
    scs_thread.o(i.scs_thread_init) refers to app_led.o(i.pled_monitor_thread_entry) for pled_monitor_thread_entry
    scs_thread.o(i.scs_thread_init) refers to scs_thread.o(i.led_thread_entry) for led_thread_entry
    scs_thread.o(i.timeout1) refers to ipc.o(i.rt_sem_release) for rt_sem_release
    scs_thread.o(i.timeout1) refers to scs_thread.o(.bss) for oled_refresh_sem
    scs_thread.o(i.timer_static_sample) refers to timer.o(i.rt_timer_init) for rt_timer_init
    scs_thread.o(i.timer_static_sample) refers to timer.o(i.rt_timer_start) for rt_timer_start
    scs_thread.o(i.timer_static_sample) refers to scs_thread.o(i.timeout1) for timeout1
    scs_thread.o(i.timer_static_sample) refers to scs_thread.o(.bss) for timer1
    app_key.o(i.sw_thread_entry) refers to thread.o(i.rt_thread_mdelay) for rt_thread_mdelay
    app_key.o(i.sw_thread_entry) refers to stm32f4xx_gpio.o(i.GPIO_ReadInputDataBit) for GPIO_ReadInputDataBit
    app_key.o(i.sw_thread_entry) refers to printfa.o(i.__0printf) for __2printf
    app_key.o(i.sw_thread_entry) refers to app_key.o(.data) for led_sw_flag
    app_codec.o(i.codec_thread_entry) refers to ipc.o(i.rt_sem_init) for rt_sem_init
    app_codec.o(i.codec_thread_entry) refers to bsp_codec.o(i.Codec_Init) for Codec_Init
    app_codec.o(i.codec_thread_entry) refers to ipc.o(i.rt_sem_control) for rt_sem_control
    app_codec.o(i.codec_thread_entry) refers to ipc.o(i.rt_sem_take) for rt_sem_take
    app_codec.o(i.codec_thread_entry) refers to thread.o(i.rt_thread_mdelay) for rt_thread_mdelay
    app_codec.o(i.codec_thread_entry) refers to stm32f4xx_gpio.o(i.GPIO_ReadInputDataBit) for GPIO_ReadInputDataBit
    app_codec.o(i.codec_thread_entry) refers to printfa.o(i.__0printf) for __2printf
[...]
    OTG_HS_EP1_OUT_IRQHandler                0x080001bb   Thumb Code     0  startup_stm32f40_41xxx.o(.text)
    OTG_HS_IRQHandler                        0x080001bb   Thumb Code     0  startup_stm32f40_41xxx.o(.text)
    OTG_HS_WKUP_IRQHandler                   0x080001bb   Thumb Code     0  startup_stm32f40_41xxx.o(.text)
    PVD_IRQHandler                           0x080001bb   Thumb Code     0  startup_stm32f40_41xxx.o(.text)
    RCC_IRQHandler                           0x080001bb   Thumb Code     0  startup_stm32f40_41xxx.o(.text)
    RTC_Alarm_IRQHandler                     0x080001bb   Thumb Code     0  startup_stm32f40_41xxx.o(.text)
    RTC_WKUP_IRQHandler                      0x080001bb   Thumb Code     0  startup_stm32f40_41xxx.o(.text)
    SDIO_IRQHandler                          0x080001bb   Thumb Code     0  startup_stm32f40_41xxx.o(.text)
    SPI1_IRQHandler                          0x080001bb   Thumb Code     0  startup_stm32f40_41xxx.o(.text)
    SPI2_IRQHandler                          0x080001bb   Thumb Code     0  startup_stm32f40_41xxx.o(.text)
    SPI3_IRQHandler                          0x080001bb   Thumb Code     0  startup_stm32f40_41xxx.o(.text)
    TAMP_STAMP_IRQHandler                    0x080001bb   Thumb Code     0  startup_stm32f40_41xxx.o(.text)
    TIM1_BRK_TIM9_IRQHandler                 0x080001bb   Thumb Code     0  startup_stm32f40_41xxx.o(.text)
    TIM1_CC_IRQHandler                       0x080001bb   Thumb Code     0  startup_stm32f40_41xxx.o(.text)
    TIM1_TRG_COM_TIM11_IRQHandler            0x080001bb   Thumb Code     0  startup_stm32f40_41xxx.o(.text)
    TIM1_UP_TIM10_IRQHandler                 0x080001bb   Thumb Code     0  startup_stm32f40_41xxx.o(.text)
    TIM2_IRQHandler                          0x080001bb   Thumb Code     0  startup_stm32f40_41xxx.o(.text)
    TIM3_IRQHandler                          0x080001bb   Thumb Code     0  startup_stm32f40_41xxx.o(.text)
    TIM4_IRQHandler                          0x080001bb   Thumb Code     0  startup_stm32f40_41xxx.o(.text)
    TIM5_IRQHandler                          0x080001bb   Thumb Code     0  startup_stm32f40_41xxx.o(.text)
    TIM7_IRQHandler                          0x080001bb   Thumb Code     0  startup_stm32f40_41xxx.o(.text)
    TIM8_BRK_TIM12_IRQHandler                0x080001bb   Thumb Code     0  startup_stm32f40_41xxx.o(.text)
    TIM8_CC_IRQHandler                       0x080001bb   Thumb Code     0  startup_stm32f40_41xxx.o(.text)
    TIM8_TRG_COM_TIM14_IRQHandler            0x080001bb   Thumb Code     0  startup_stm32f40_41xxx.o(.text)
    TIM8_UP_TIM13_IRQHandler                 0x080001bb   Thumb Code     0  startup_stm32f40_41xxx.o(.text)
    UART4_IRQHandler                         0x080001bb   Thumb Code     0  startup_stm32f40_41xxx.o(.text)
    UART5_IRQHandler                         0x080001bb   Thumb Code     0  startup_stm32f40_41xxx.o(.text)
    USART1_IRQHandler                        0x080001bb   Thumb Code     0  startup_stm32f40_41xxx.o(.text)
    USART2_IRQHandler                        0x080001bb   Thumb Code     0  startup_stm32f40_41xxx.o(.text)
    USART3_IRQHandler                        0x080001bb   Thumb Code     0  startup_stm32f40_41xxx.o(.text)
    WWDG_IRQHandler                          0x080001bb   Thumb Code     0  startup_stm32f40_41xxx.o(.text)
    rt_hw_interrupt_disable                  0x080001c5   Thumb Code     8  context_rvds.o(.text)
    rt_hw_interrupt_enable                   0x080001cd   Thumb Code     6  context_rvds.o(.text)
    rt_hw_context_switch                     0x080001d3   Thumb Code    32  context_rvds.o(.text)
    rt_hw_context_switch_interrupt           0x080001d3   Thumb Code     0  context_rvds.o(.text)
    PendSV_Handler                           0x080001f3   Thumb Code   108  context_rvds.o(.text)
    rt_hw_context_switch_to                  0x0800025f   Thumb Code    70  context_rvds.o(.text)
    rt_hw_interrupt_thread_switch            0x080002a5   Thumb Code     2  context_rvds.o(.text)
    HardFault_Handler                        0x080002a7   Thumb Code    56  context_rvds.o(.text)
    __aeabi_memcpy                           0x080002f9   Thumb Code    36  memcpya.o(.text)
    __aeabi_memcpy4                          0x080002f9   Thumb Code     0  memcpya.o(.text)
    __aeabi_memcpy8                          0x080002f9   Thumb Code     0  memcpya.o(.text)
    __aeabi_memset                           0x0800031d   Thumb Code    14  memseta.o(.text)
    __aeabi_memset4                          0x0800031d   Thumb Code     0  memseta.o(.text)
    __aeabi_memset8                          0x0800031d   Thumb Code     0  memseta.o(.text)
    __aeabi_memclr                           0x0800032b   Thumb Code     4  memseta.o(.text)
    __aeabi_memclr4                          0x0800032b   Thumb Code     0  memseta.o(.text)
    __aeabi_memclr8                          0x0800032b   Thumb Code     0  memseta.o(.text)
    _memset$wrapper                          0x0800032f   Thumb Code    18  memseta.o(.text)
    strcat                                   0x08000341   Thumb Code    24  strcat.o(.text)
    strncpy                                  0x08000359   Thumb Code    24  strncpy.o(.text)
    strlen                                   0x08000371   Thumb Code    14  strlen.o(.text)
    strcpy                                   0x0800037f   Thumb Code    18  strcpy.o(.text)
    strncmp                                  0x08000391   Thumb Code    30  strncmp.o(.text)
    atoi                                     0x080003af   Thumb Code    26  atoi.o(.text)
    __aeabi_dadd                             0x080003c9   Thumb Code   322  dadd.o(.text)
    __aeabi_dsub                             0x0800050b   Thumb Code     6  dadd.o(.text)
    __aeabi_drsub                            0x08000511   Thumb Code     6  dadd.o(.text)
    __aeabi_dmul                             0x08000517   Thumb Code   228  dmul.o(.text)
    __aeabi_ddiv                             0x080005fb   Thumb Code   222  ddiv.o(.text)
    __aeabi_i2d                              0x080006d9   Thumb Code    34  dflti.o(.text)
    __aeabi_ui2d                             0x080006fb   Thumb Code    26  dfltui.o(.text)
    __aeabi_d2uiz                            0x08000715   Thumb Code    50  dfixui.o(.text)
    __aeabi_f2d                              0x08000747   Thumb Code    38  f2d.o(.text)
    __aeabi_cdrcmple                         0x0800076d   Thumb Code    48  cdrcmple.o(.text)
    __aeabi_d2f                              0x0800079d   Thumb Code    56  d2f.o(.text)
    __aeabi_uidiv                            0x080007d5   Thumb Code     0  uidiv.o(.text)
    __aeabi_uidivmod                         0x080007d5   Thumb Code    44  uidiv.o(.text)
    __aeabi_uldivmod                         0x08000801   Thumb Code    98  uldiv.o(.text)
    __aeabi_llsl                             0x08000863   Thumb Code    30  llshl.o(.text)
    _ll_shift_l                              0x08000863   Thumb Code     0  llshl.o(.text)
    __aeabi_llsr                             0x08000881   Thumb Code    32  llushr.o(.text)
    _ll_ushift_r                             0x08000881   Thumb Code     0  llushr.o(.text)
    __aeabi_lasr                             0x080008a1   Thumb Code    36  llsshr.o(.text)
    _ll_sshift_r                             0x080008a1   Thumb Code     0  llsshr.o(.text)
    strtol                                   0x080008c5   Thumb Code   112  strtol.o(.text)
    __I$use$fp                               0x08000935   Thumb Code     0  iusefp.o(.text)
    _float_round                             0x08000935   Thumb Code    18  fepilogue.o(.text)
    _float_epilogue                          0x08000947   Thumb Code    92  fepilogue.o(.text)
    _double_round                            0x080009a3   Thumb Code    30  depilogue.o(.text)
    _double_epilogue                         0x080009c1   Thumb Code   156  depilogue.o(.text)
    __aeabi_d2ulz                            0x08000a5d   Thumb Code    48  dfixul.o(.text)
    __fp_status                              0x08000a8d   Thumb Code     4  fpstat.o(.text)
    __ieee_status                            0x08000a8d   Thumb Code     0  fpstat.o(.text)
    __scatterload                            0x08000a91   Thumb Code    28  init.o(.text)
    __scatterload_rt2                        0x08000a91   Thumb Code     0  init.o(.text)
    __rt_ctype_table                         0x08000ab5   Thumb Code     4  ctype_o.o(.text)
    _strtoul                                 0x08000abd   Thumb Code   158  _strtoul.o(.text)
    _chval                                   0x08000b5b   Thumb Code    28  _chval.o(.text)
    __decompress                             0x08000b77   Thumb Code     0  __dczerorl2.o(.text)
    __decompress1                            0x08000b77   Thumb Code    86  __dczerorl2.o(.text)
    main                                     0x08000bcd   Thumb Code    10  components.o(i.$Sub$$main)
    AD5542_WriteA                            0x08000bd9   Thumb Code   116  bsp_spi.o(i.AD5542_WriteA)
    AD5542_WriteB                            0x08000c65   Thumb Code   116  bsp_spi.o(i.AD5542_WriteB)
    ADC_Config                               0x08000cf1   Thumb Code   116  bsp_adc.o(i.ADC_Config)
    ADC_GPIO_Configuration                   0x08000d69   Thumb Code   156  bsp_adc.o(i.ADC_GPIO_Configuration)
    BusFault_Handler                         0x08000e11   Thumb Code     4  stm32f4xx_it.o(i.BusFault_Handler)
    Codec_Init                               0x08000e15   Thumb Code   144  bsp_codec.o(i.Codec_Init)
    DIGIN_Iint                               0x08000ea9   Thumb Code   120  bsp_gpio.o(i.DIGIN_Iint)
    DebugMon_Handler                         0x08000f25   Thumb Code     2  stm32f4xx_it.o(i.DebugMon_Handler)
    EXTI1_IRQHandler                         0x08000f29   Thumb Code    42  bsp_gpio.o(i.EXTI1_IRQHandler)
    EXTI2_IRQHandler                         0x08000f5d   Thumb Code    30  bsp_codec.o(i.EXTI2_IRQHandler)
    EXTI_ClearITPendingBit                   0x08000f95   Thumb Code     6  stm32f4xx_exti.o(i.EXTI_ClearITPendingBit)
    EXTI_GetITStatus                         0x08000fa1   Thumb Code    20  stm32f4xx_exti.o(i.EXTI_GetITStatus)
    EXTI_Init                                0x08000fb9   Thumb Code   142  stm32f4xx_exti.o(i.EXTI_Init)
    GPIO_Configuration                       0x0800104d   Thumb Code   378  bsp_gpio.o(i.GPIO_Configuration)
    GPIO_Init                                0x080011d5   Thumb Code   144  stm32f4xx_gpio.o(i.GPIO_Init)
    GPIO_PinAFConfig                         0x08001265   Thumb Code    70  stm32f4xx_gpio.o(i.GPIO_PinAFConfig)
    GPIO_ReadInputDataBit                    0x080012ab   Thumb Code    18  stm32f4xx_gpio.o(i.GPIO_ReadInputDataBit)
    GPIO_ResetBits                           0x080012bd   Thumb Code     4  stm32f4xx_gpio.o(i.GPIO_ResetBits)
    GPIO_SetBits                             0x080012c1   Thumb Code     4  stm32f4xx_gpio.o(i.GPIO_SetBits)
    GPIO_ToggleBits                          0x080012c5   Thumb Code     8  stm32f4xx_gpio.o(i.GPIO_ToggleBits)
    GetTempValue                             0x080012cd   Thumb Code   132  bsp_temp.o(i.GetTempValue)
    Init_Devices                             0x08001365   Thumb Code    32  main.o(i.Init_Devices)
    Init_SysTick                             0x08001385   Thumb Code    66  sys.o(i.Init_SysTick)
    MemManage_Handler                        0x080013cd   Thumb Code     4  stm32f4xx_it.o(i.MemManage_Handler)
    NMI_Handler                              0x080013d1   Thumb Code     2  stm32f4xx_it.o(i.NMI_Handler)
    NVIC_Init                                0x080013d5   Thumb Code   106  misc.o(i.NVIC_Init)
    NVIC_PriorityGroupConfig                 0x0800144d   Thumb Code    10  misc.o(i.NVIC_PriorityGroupConfig)
    OLED_Clear                               0x08001489   Thumb Code    62  bsp_oled.o(i.OLED_Clear)
    OLED_Init                                0x080014c7   Thumb Code   238  bsp_oled.o(i.OLED_Init)
    OLED_Set_Pos                             0x080015b5   Thumb Code    40  bsp_oled.o(i.OLED_Set_Pos)
    OLED_ShowChar                            0x080015dd   Thumb Code   370  bsp_oled.o(i.OLED_ShowChar)
    OLED_ShowString                          0x08001761   Thumb Code    68  bsp_oled.o(i.OLED_ShowString)
    OLED_WR_Byte                             0x080017a5   Thumb Code    24  bsp_oled.o(i.OLED_WR_Byte)
    Oled_Poll                                0x080017bd   Thumb Code   124  bsp_oled.o(i.Oled_Poll)
    Oled_Write_IIC_Command                   0x0800185d   Thumb Code    44  bsp_oled.o(i.Oled_Write_IIC_Command)
    Oled_Write_IIC_Data                      0x08001889   Thumb Code    44  bsp_oled.o(i.Oled_Write_IIC_Data)
    PID1_Cal                                 0x080018b5   Thumb Code   144  app_led.o(i.PID1_Cal)
    PID2_Cal                                 0x0800194d   Thumb Code   144  app_led.o(i.PID2_Cal)
    PID_Parm_init                            0x080019e5   Thumb Code   134  app_led.o(i.PID_Parm_init)
    RCC_AHB1PeriphClockCmd                   0x08001a7d   Thumb Code    26  stm32f4xx_rcc.o(i.RCC_AHB1PeriphClockCmd)
    RCC_APB1PeriphClockCmd                   0x08001a9d   Thumb Code    26  stm32f4xx_rcc.o(i.RCC_APB1PeriphClockCmd)
    RCC_APB1PeriphResetCmd                   0x08001abd   Thumb Code    26  stm32f4xx_rcc.o(i.RCC_APB1PeriphResetCmd)
    RCC_APB2PeriphClockCmd                   0x08001add   Thumb Code    26  stm32f4xx_rcc.o(i.RCC_APB2PeriphClockCmd)
    RCC_APB2PeriphResetCmd                   0x08001afd   Thumb Code    26  stm32f4xx_rcc.o(i.RCC_APB2PeriphResetCmd)
    RCC_GetClocksFreq                        0x08001b1d   Thumb Code   214  stm32f4xx_rcc.o(i.RCC_GetClocksFreq)
    Read_TMP_Byte                            0x08001c05   Thumb Code    96  bsp_temp.o(i.Read_TMP_Byte)
    SPI3_Config                              0x08001c65   Thumb Code   228  bsp_spi.o(i.SPI3_Config)
    SPI3_ReadWriteByte                       0x08001d55   Thumb Code    70  bsp_spi.o(i.SPI3_ReadWriteByte)
    SPI_Cmd                                  0x08001da1   Thumb Code    24  stm32f4xx_spi.o(i.SPI_Cmd)
    SPI_I2S_DeInit                           0x08001db9   Thumb Code   152  stm32f4xx_spi.o(i.SPI_I2S_DeInit)
    SPI_I2S_GetFlagStatus                    0x08001e69   Thumb Code    18  stm32f4xx_spi.o(i.SPI_I2S_GetFlagStatus)
    SPI_I2S_ReceiveData                      0x08001e7b   Thumb Code     6  stm32f4xx_spi.o(i.SPI_I2S_ReceiveData)
    SPI_I2S_SendData                         0x08001e81   Thumb Code     4  stm32f4xx_spi.o(i.SPI_I2S_SendData)
    SPI_Init                                 0x08001e85   Thumb Code    60  stm32f4xx_spi.o(i.SPI_Init)
    SVC_Handler                              0x08001ec1   Thumb Code     2  stm32f4xx_it.o(i.SVC_Handler)
    SYSCFG_EXTILineConfig                    0x08001ec5   Thumb Code    60  stm32f4xx_syscfg.o(i.SYSCFG_EXTILineConfig)
    Set_LED1_Duty                            0x08001ff1   Thumb Code    24  app_led.o(i.Set_LED1_Duty)
    Set_LED2_Duty                            0x08002009   Thumb Code    24  app_led.o(i.Set_LED2_Duty)
    SysTick_Handler                          0x08002021   Thumb Code     8  board.o(i.SysTick_Handler)
    SystemCoreClockUpdate                    0x08002029   Thumb Code   170  system_stm32f4xx.o(i.SystemCoreClockUpdate)
    SystemInit                               0x080020e9   Thumb Code    88  system_stm32f4xx.o(i.SystemInit)
    TIM6_DAC_IRQHandler                      0x08002151   Thumb Code    32  bsp_timer.o(i.TIM6_DAC_IRQHandler)
    TIM_ARRPreloadConfig                     0x08002179   Thumb Code    24  stm32f4xx_tim.o(i.TIM_ARRPreloadConfig)
    TIM_Cmd                                  0x08002191   Thumb Code    24  stm32f4xx_tim.o(i.TIM_Cmd)
    TIM_ITConfig                             0x080021a9   Thumb Code    18  stm32f4xx_tim.o(i.TIM_ITConfig)
    TIM_OC2Init                              0x080021bd   Thumb Code   154  stm32f4xx_tim.o(i.TIM_OC2Init)
    TIM_OC2PreloadConfig                     0x08002261   Thumb Code    26  stm32f4xx_tim.o(i.TIM_OC2PreloadConfig)
    TIM_OC3Init                              0x0800227d   Thumb Code   150  stm32f4xx_tim.o(i.TIM_OC3Init)
    TIM_OC3PreloadConfig                     0x0800231d   Thumb Code    18  stm32f4xx_tim.o(i.TIM_OC3PreloadConfig)
    TIM_SetCompare2                          0x0800232f   Thumb Code     4  stm32f4xx_tim.o(i.TIM_SetCompare2)
    TIM_SetCompare3                          0x08002333   Thumb Code     4  stm32f4xx_tim.o(i.TIM_SetCompare3)
    TIM_TimeBaseInit                         0x08002339   Thumb Code   104  stm32f4xx_tim.o(i.TIM_TimeBaseInit)
    Timer2_PWM_Init                          0x080023bd   Thumb Code   328  bsp_timer.o(i.Timer2_PWM_Init)
    Timer2_PWM_OC3_Enable                    0x08002521   Thumb Code    74  bsp_timer.o(i.Timer2_PWM_OC3_Enable)
    Timer2_PWM_OC3_SetDuty                   0x08002571   Thumb Code   148  bsp_timer.o(i.Timer2_PWM_OC3_SetDuty)
    Timer5_PWM_Init                          0x08002619   Thumb Code   322  bsp_timer.o(i.Timer5_PWM_Init)
    Timer5_PWM_OC2_Enable                    0x0800277d   Thumb Code    72  bsp_timer.o(i.Timer5_PWM_OC2_Enable)
    Timer5_PWM_OC2_SetDuty                   0x080027cd   Thumb Code   146  bsp_timer.o(i.Timer5_PWM_OC2_SetDuty)
    Timer6_Init                              0x08002879   Thumb Code    88  bsp_timer.o(i.Timer6_Init)
    USART6_IRQHandler                        0x080028d5   Thumb Code    98  debug_uart.o(i.USART6_IRQHandler)
    USART_ClearFlag                          0x08002941   Thumb Code    18  stm32f4xx_usart.o(i.USART_ClearFlag)
    USART_ClearITPendingBit                  0x08002953   Thumb Code    30  stm32f4xx_usart.o(i.USART_ClearITPendingBit)
    USART_Cmd                                0x08002971   Thumb Code    24  stm32f4xx_usart.o(i.USART_Cmd)
    USART_GetFlagStatus                      0x08002989   Thumb Code    26  stm32f4xx_usart.o(i.USART_GetFlagStatus)
    USART_GetITStatus                        0x080029a3   Thumb Code    84  stm32f4xx_usart.o(i.USART_GetITStatus)
    USART_Init                               0x080029f9   Thumb Code   204  stm32f4xx_usart.o(i.USART_Init)
    USART_ReceiveData                        0x08002acd   Thumb Code    10  stm32f4xx_usart.o(i.USART_ReceiveData)
    UsageFault_Handler                       0x08002ad7   Thumb Code     4  stm32f4xx_it.o(i.UsageFault_Handler)
    __0printf                                0x08002b39   Thumb Code    22  printfa.o(i.__0printf)
    __1printf                                0x08002b39   Thumb Code     0  printfa.o(i.__0printf)
    __2printf                                0x08002b39   Thumb Code     0  printfa.o(i.__0printf)
    __c89printf                              0x08002b39   Thumb Code     0  printfa.o(i.__0printf)
    printf                                   0x08002b39   Thumb Code     0  printfa.o(i.__0printf)
    __0sprintf                               0x08002b59   Thumb Code    34  printfa.o(i.__0sprintf)
    __1sprintf                               0x08002b59   Thumb Code     0  printfa.o(i.__0sprintf)
    __2sprintf                               0x08002b59   Thumb Code     0  printfa.o(i.__0sprintf)
    __c89sprintf                             0x08002b59   Thumb Code     0  printfa.o(i.__0sprintf)
    sprintf                                  0x08002b59   Thumb Code     0  printfa.o(i.__0sprintf)
    __ARM_fpclassifyf                        0x08002b81   Thumb Code    38  fpclassifyf.o(i.__ARM_fpclassifyf)
    __aeabi_errno_addr                       0x08002ba9   Thumb Code     4  errno.o(i.__aeabi_errno_addr)
    __rt_errno_addr                          0x08002ba9   Thumb Code     0  errno.o(i.__aeabi_errno_addr)
    __hardfp_powf                            0x08002bb1   Thumb Code  1606  powf.o(i.__hardfp_powf)
    __mathlib_powf                           0x08002bb1   Thumb Code     0  powf.o(i.__hardfp_powf)
    __mathlib_flt_divzero                    0x08003215   Thumb Code    14  funder.o(i.__mathlib_flt_divzero)
    __mathlib_flt_infnan2                    0x08003229   Thumb Code     6  funder.o(i.__mathlib_flt_infnan2)
    __mathlib_flt_invalid                    0x08003231   Thumb Code    10  funder.o(i.__mathlib_flt_invalid)
    __mathlib_flt_overflow                   0x08003241   Thumb Code    10  funder.o(i.__mathlib_flt_overflow)
    __mathlib_flt_underflow                  0x08003251   Thumb Code    10  funder.o(i.__mathlib_flt_underflow)
    __rt_ffs                                 0x08003261   Thumb Code    70  kservice.o(i.__rt_ffs)
    __scatterload_copy                       0x080032ad   Thumb Code    14  handlers.o(i.__scatterload_copy)
    __scatterload_null                       0x080032bb   Thumb Code     2  handlers.o(i.__scatterload_null)
    __scatterload_zeroinit                   0x080032bd   Thumb Code    14  handlers.o(i.__scatterload_zeroinit)
    __set_errno                              0x080032cd   Thumb Code     6  errno.o(i.__set_errno)
    adc_thread_entry                         0x08003cdd   Thumb Code    42  app_adc.o(i.adc_thread_entry)
    board_temp_thread_entry                  0x08003d09   Thumb Code   280  app_temp.o(i.board_temp_thread_entry)
    cmd_free                                 0x08003f51   Thumb Code    14  msh.o(i.cmd_free)
    cmd_ps                                   0x08003f5f   Thumb Code    14  msh.o(i.cmd_ps)
    codec_thread_entry                       0x08003f6d   Thumb Code   518  app_codec.o(i.codec_thread_entry)
    debug_usart_Init                         0x080041bd   Thumb Code   136  debug_uart.o(i.debug_usart_Init)
    debug_usart_Tx                           0x0800424d   Thumb Code    40  debug_uart.o(i.debug_usart_Tx)
    finsh_get_prompt                         0x08004279   Thumb Code    86  shell.o(i.finsh_get_prompt)
    finsh_set_prompt_mode                    0x080042f9   Thumb Code    22  shell.o(i.finsh_set_prompt_mode)
    finsh_system_function_init               0x08004315   Thumb Code    10  shell.o(i.finsh_system_function_init)
    finsh_system_init                        0x08004329   Thumb Code    98  shell.o(i.finsh_system_init)
    finsh_thread_entry                       0x080043c5   Thumb Code   936  shell.o(i.finsh_thread_entry)
    fputc                                    0x0800478d   Thumb Code    24  debug_uart.o(i.fputc)
    get_1times_adc                           0x080047a9   Thumb Code   562  app_adc.o(i.get_1times_adc)
    get_adc                                  0x08004a1d   Thumb Code   370  app_adc.o(i.get_adc)
    get_rccclock_info                        0x08004bbd   Thumb Code   166  sys.o(i.get_rccclock_info)
    hello                                    0x08004d5d   Thumb Code    12  cmd.o(i.hello)
    i2ca_port_init                           0x08004d8d   Thumb Code    92  bsp_i2ca_port.o(i.i2ca_port_init)
    i2ca_port_send_byte                      0x08004ded   Thumb Code    86  bsp_i2ca_port.o(i.i2ca_port_send_byte)
    i2ca_port_start                          0x08004e49   Thumb Code    42  bsp_i2ca_port.o(i.i2ca_port_start)
    i2ca_port_stop                           0x08004e79   Thumb Code    28  bsp_i2ca_port.o(i.i2ca_port_stop)
    i2ca_port_wait_ack                       0x08004e99   Thumb Code    52  bsp_i2ca_port.o(i.i2ca_port_wait_ack)
    i2cb_port_ack                            0x08004ed1   Thumb Code    52  bsp_i2cb_port.o(i.i2cb_port_ack)
    i2cb_port_init                           0x08004f19   Thumb Code    96  bsp_i2cb_port.o(i.i2cb_port_init)
    i2cb_port_nack                           0x08004f7d   Thumb Code    42  bsp_i2cb_port.o(i.i2cb_port_nack)
    i2cb_port_read_byte                      0x08004fad   Thumb Code    68  bsp_i2cb_port.o(i.i2cb_port_read_byte)
    i2cb_port_send_byte                      0x08004ff5   Thumb Code    96  bsp_i2cb_port.o(i.i2cb_port_send_byte)
    i2cb_port_start                          0x08005059   Thumb Code    48  bsp_i2cb_port.o(i.i2cb_port_start)
    i2cb_port_stop                           0x0800508d   Thumb Code    32  bsp_i2cb_port.o(i.i2cb_port_stop)
    i2cb_port_wait_ack                       0x080050b1   Thumb Code    66  bsp_i2cb_port.o(i.i2cb_port_wait_ack)
    led_thread_entry                         0x080050f9   Thumb Code    40  scs_thread.o(i.led_thread_entry)
    list                                     0x08005125   Thumb Code    54  cmd.o(i.list)
    list_mailbox                             0x08005241   Thumb Code   224  cmd.o(i.list_mailbox)
    list_mem                                 0x0800539d   Thumb Code    34  mem.o(i.list_mem)
    list_sem                                 0x08005415   Thumb Code   216  cmd.o(i.list_sem)
    list_thread                              0x0800554d   Thumb Code   294  cmd.o(i.list_thread)
    list_timer                               0x08005731   Thumb Code   190  cmd.o(i.list_timer)
    $Super$$main                             0x08005891   Thumb Code    68  main.o(i.main)
    main_thread_entry                        0x080058dd   Thumb Code    14  components.o(i.main_thread_entry)
    mled_thread_entry                        0x080059d5   Thumb Code  2320  app_led.o(i.mled_thread_entry)
    msh_auto_complete                        0x080062f9   Thumb Code   138  msh.o(i.msh_auto_complete)
    msh_exec                                 0x08006399   Thumb Code    84  msh.o(i.msh_exec)
    msh_help                                 0x08006461   Thumb Code    66  msh.o(i.msh_help)
    msh_is_used                              0x080064e1   Thumb Code     4  msh.o(i.msh_is_used)
    oled_thread_entry                        0x080065f1   Thumb Code    72  scs_thread.o(i.oled_thread_entry)
    pled_monitor_thread_entry                0x08006651   Thumb Code   964  app_led.o(i.pled_monitor_thread_entry)
    rt_application_init                      0x08006c99   Thumb Code    34  components.o(i.rt_application_init)
    rt_calloc                                0x08006cc9   Thumb Code    34  mem.o(i.rt_calloc)
    rt_components_board_init                 0x08006ced   Thumb Code    20  components.o(i.rt_components_board_init)
    rt_components_init                       0x08006d09   Thumb Code    20  components.o(i.rt_components_init)
    rt_enter_critical                        0x08006d25   Thumb Code    28  scheduler.o(i.rt_enter_critical)
    rt_exit_critical                         0x08006d45   Thumb Code    60  scheduler.o(i.rt_exit_critical)
    rt_free                                  0x08006d89   Thumb Code   128  mem.o(i.rt_free)
    rt_heap_begin_get                        0x08006e69   Thumb Code     4  board.o(i.rt_heap_begin_get)
    rt_heap_end_get                          0x08006e71   Thumb Code     4  board.o(i.rt_heap_end_get)
    rt_hw_board_init                         0x08006e79   Thumb Code    52  board.o(i.rt_hw_board_init)
    rt_hw_console_getchar                    0x08006eb1   Thumb Code    56  finsh_port.o(i.rt_hw_console_getchar)
    rt_hw_console_output                     0x08006eed   Thumb Code    54  board.o(i.rt_hw_console_output)
    rt_hw_hard_fault_exception               0x08006f25   Thumb Code   220  cpuport.o(i.rt_hw_hard_fault_exception)
    rt_hw_stack_init                         0x08007151   Thumb Code    74  cpuport.o(i.rt_hw_stack_init)
    rt_interrupt_enter                       0x080071a1   Thumb Code    26  irq.o(i.rt_interrupt_enter)
    rt_interrupt_leave                       0x080071c1   Thumb Code    26  irq.o(i.rt_interrupt_leave)
    rt_kprintf                               0x080072a5   Thumb Code    50  kservice.o(i.rt_kprintf)
    rt_malloc                                0x080073a1   Thumb Code   336  mem.o(i.rt_malloc)
    rt_memmove                               0x0800750d   Thumb Code    66  kservice.o(i.rt_memmove)
    rt_memset                                0x0800754f   Thumb Code    72  kservice.o(i.rt_memset)
    rt_object_allocate                       0x08007597   Thumb Code    84  object.o(i.rt_object_allocate)
    rt_object_delete                         0x080075eb   Thumb Code    36  object.o(i.rt_object_delete)
    rt_object_detach                         0x0800760f   Thumb Code    30  object.o(i.rt_object_detach)
    rt_object_get_information                0x0800762d   Thumb Code    36  object.o(i.rt_object_get_information)
    rt_object_init                           0x08007655   Thumb Code    86  object.o(i.rt_object_init)
    rt_object_is_systemobject                0x080076ab   Thumb Code    18  object.o(i.rt_object_is_systemobject)
    rt_os_tick_callback                      0x080076bd   Thumb Code    16  board.o(i.rt_os_tick_callback)
    rt_schedule                              0x080076cd   Thumb Code   106  scheduler.o(i.rt_schedule)
    rt_schedule_insert_thread                0x08007751   Thumb Code    72  scheduler.o(i.rt_schedule_insert_thread)
    rt_schedule_remove_thread                0x080077a1   Thumb Code    76  scheduler.o(i.rt_schedule_remove_thread)
    rt_sem_control                           0x080077f5   Thumb Code    54  ipc.o(i.rt_sem_control)
    rt_sem_init                              0x0800782b   Thumb Code    38  ipc.o(i.rt_sem_init)
    rt_sem_release                           0x08007851   Thumb Code    82  ipc.o(i.rt_sem_release)
    rt_sem_take                              0x080078a3   Thumb Code   116  ipc.o(i.rt_sem_take)
    rt_show_version                          0x08007919   Thumb Code    38  kservice.o(i.rt_show_version)
    rt_soft_timer_check                      0x080079c9   Thumb Code   178  timer.o(i.rt_soft_timer_check)
    rt_strlen                                0x08007a85   Thumb Code    18  kservice.o(i.rt_strlen)
    rt_strncpy                               0x08007a97   Thumb Code    52  kservice.o(i.rt_strncpy)
    rt_system_heap_init                      0x08007acd   Thumb Code   160  mem.o(i.rt_system_heap_init)
    rt_system_scheduler_init                 0x08007bc5   Thumb Code    52  scheduler.o(i.rt_system_scheduler_init)
    rt_system_scheduler_start                0x08007c11   Thumb Code    36  scheduler.o(i.rt_system_scheduler_start)
    rt_system_timer_init                     0x08007c41   Thumb Code    24  timer.o(i.rt_system_timer_init)
    rt_system_timer_thread_init              0x08007c5d   Thumb Code    60  timer.o(i.rt_system_timer_thread_init)
    rt_thread_create                         0x08007cb1   Thumb Code    80  thread.o(i.rt_thread_create)
    rt_thread_delay                          0x08007d01   Thumb Code    12  thread.o(i.rt_thread_delay)
    rt_thread_exit                           0x08007d0d   Thumb Code    78  thread.o(i.rt_thread_exit)
    rt_thread_idle_excute                    0x08007d6d   Thumb Code    92  idle.o(i.rt_thread_idle_excute)
    rt_thread_idle_init                      0x08007dcd   Thumb Code    38  idle.o(i.rt_thread_idle_init)
    rt_thread_init                           0x08007e09   Thumb Code    52  thread.o(i.rt_thread_init)
    rt_thread_mdelay                         0x08007e3d   Thumb Code    20  thread.o(i.rt_thread_mdelay)
    rt_thread_resume                         0x08007e51   Thumb Code    60  thread.o(i.rt_thread_resume)
    rt_thread_self                           0x08007e8d   Thumb Code     6  thread.o(i.rt_thread_self)
    rt_thread_sleep                          0x08007e99   Thumb Code    62  thread.o(i.rt_thread_sleep)
    rt_thread_startup                        0x08007edd   Thumb Code    44  thread.o(i.rt_thread_startup)
    rt_thread_suspend                        0x08007f09   Thumb Code    68  thread.o(i.rt_thread_suspend)
    rt_thread_timeout                        0x08007f4d   Thumb Code    32  thread.o(i.rt_thread_timeout)
    rt_thread_yield                          0x08007fb1   Thumb Code    92  thread.o(i.rt_thread_yield)
    rt_tick_from_millisecond                 0x08008015   Thumb Code    56  clock.o(i.rt_tick_from_millisecond)
    rt_tick_get                              0x0800804d   Thumb Code     6  clock.o(i.rt_tick_get)
    rt_tick_increase                         0x08008059   Thumb Code    42  clock.o(i.rt_tick_increase)
    rt_timer_check                           0x08008089   Thumb Code   160  timer.o(i.rt_timer_check)
    rt_timer_control                         0x0800812d   Thumb Code    98  timer.o(i.rt_timer_control)
    rt_timer_detach                          0x0800818f   Thumb Code    40  timer.o(i.rt_timer_detach)
    rt_timer_init                            0x080081b7   Thumb Code    46  timer.o(i.rt_timer_init)
    rt_timer_start                           0x08008211   Thumb Code   278  timer.o(i.rt_timer_start)
    rt_timer_stop                            0x0800833d   Thumb Code    48  timer.o(i.rt_timer_stop)
    rt_vsnprintf                             0x0800836d   Thumb Code   824  kservice.o(i.rt_vsnprintf)
    rtthread_startup                         0x080086bd   Thumb Code    42  components.o(i.rtthread_startup)
    scs_thread_init                          0x080086e9   Thumb Code   294  scs_thread.o(i.scs_thread_init)
    sw_thread_entry                          0x08008a7d   Thumb Code   320  app_key.o(i.sw_thread_entry)
    timer_static_sample                      0x08008c25   Thumb Code    34  scs_thread.o(i.timer_static_sample)
    version                                  0x08008d4d   Thumb Code    10  cmd.o(i.version)
    F6x8                                     0x08008d56   Data         552  bsp_oled.o(.constdata)
    F8X16                                    0x08008f7e   Data        1520  bsp_oled.o(.constdata)
    F24X48                                   0x0800956e   Data        1728  bsp_oled.o(.constdata)
    F18X36                                   0x08009c2e   Data        1080  bsp_oled.o(.constdata)
    __lowest_bit_bitmap                      0x0800a066   Data         256  kservice.o(.constdata)
    __ctype_table                            0x0800a2c8   Data         129  ctype_o.o(.constdata)
    __fsym___cmd_set_led1_name               0x0800a394   Data          15  app_led.o(.rodata.name)
    __fsym___cmd_set_led1_desc               0x0800a3a3   Data          14  app_led.o(.rodata.name)
    __fsym_list_mem_name                     0x0800a3b1   Data           9  mem.o(.rodata.name)
    __fsym_list_mem_desc                     0x0800a3ba   Data          30  mem.o(.rodata.name)
    __fsym_hello_name                        0x0800a3d8   Data           6  cmd.o(.rodata.name)
    __fsym_hello_desc                        0x0800a3de   Data          16  cmd.o(.rodata.name)
    __fsym_version_name                      0x0800a3ee   Data           8  cmd.o(.rodata.name)
    __fsym_version_desc                      0x0800a3f6   Data          35  cmd.o(.rodata.name)
    __fsym___cmd_version_name                0x0800a419   Data          14  cmd.o(.rodata.name)
    __fsym___cmd_version_desc                0x0800a427   Data          35  cmd.o(.rodata.name)
    __fsym_list_thread_name                  0x0800a44a   Data          12  cmd.o(.rodata.name)
    __fsym_list_thread_desc                  0x0800a456   Data          12  cmd.o(.rodata.name)
    __fsym___cmd_list_thread_name            0x0800a462   Data          18  cmd.o(.rodata.name)
    __fsym___cmd_list_thread_desc            0x0800a474   Data          12  cmd.o(.rodata.name)
    __fsym_list_sem_name                     0x0800a480   Data           9  cmd.o(.rodata.name)
    __fsym_list_sem_desc                     0x0800a489   Data          25  cmd.o(.rodata.name)
    __fsym___cmd_list_sem_name               0x0800a4a2   Data          15  cmd.o(.rodata.name)
    __fsym___cmd_list_sem_desc               0x0800a4b1   Data          25  cmd.o(.rodata.name)
    __fsym_list_mailbox_name                 0x0800a4ca   Data          13  cmd.o(.rodata.name)
    __fsym_list_mailbox_desc                 0x0800a4d7   Data          24  cmd.o(.rodata.name)
    __fsym___cmd_list_mailbox_name           0x0800a4ef   Data          19  cmd.o(.rodata.name)
    __fsym___cmd_list_mailbox_desc           0x0800a502   Data          24  cmd.o(.rodata.name)
    __fsym_list_timer_name                   0x0800a51a   Data          11  cmd.o(.rodata.name)
    __fsym_list_timer_desc                   0x0800a525   Data          21  cmd.o(.rodata.name)
    __fsym___cmd_list_timer_name             0x0800a53a   Data          17  cmd.o(.rodata.name)
    __fsym___cmd_list_timer_desc             0x0800a54b   Data          21  cmd.o(.rodata.name)
    __fsym_list_name                         0x0800a560   Data           5  cmd.o(.rodata.name)
    __fsym_list_desc                         0x0800a565   Data          26  cmd.o(.rodata.name)
    __fsym___cmd_help_name                   0x0800a57f   Data          11  msh.o(.rodata.name)
    __fsym___cmd_help_desc                   0x0800a58a   Data          22  msh.o(.rodata.name)
    __fsym___cmd_ps_name                     0x0800a5a0   Data           9  msh.o(.rodata.name)
    __fsym___cmd_ps_desc                     0x0800a5a9   Data          28  msh.o(.rodata.name)
    __fsym___cmd_free_name                   0x0800a5c5   Data          11  msh.o(.rodata.name)
    __fsym___cmd_free_desc                   0x0800a5d0   Data          37  msh.o(.rodata.name)
    __rt_init_rti_start                      0x0800a5f8   Data           4  components.o(.rti_fn.0)
    __rt_init_rti_board_start                0x0800a5fc   Data           4  components.o(.rti_fn.0.end)
    __rt_init_uart_init                      0x0800a600   Data           4  board.o(.rti_fn.1)
    __rt_init_rti_board_end                  0x0800a604   Data           4  components.o(.rti_fn.1.end)
    __rt_init_finsh_system_init              0x0800a608   Data           4  shell.o(.rti_fn.6)
    __rt_init_rti_end                        0x0800a60c   Data           4  components.o(.rti_fn.6.end)
    FSymTab$$Base                            0x0800a610   Number         0  app_led.o(FSymTab)
    __fsym___cmd_set_led1                    0x0800a610   Data          12  app_led.o(FSymTab)
    __fsym_list_mem                          0x0800a61c   Data          12  mem.o(FSymTab)
    __fsym_hello                             0x0800a628   Data          12  cmd.o(FSymTab)
    __fsym_version                           0x0800a634   Data          12  cmd.o(FSymTab)
    __fsym___cmd_version                     0x0800a640   Data          12  cmd.o(FSymTab)
    __fsym_list_thread                       0x0800a64c   Data          12  cmd.o(FSymTab)
    __fsym___cmd_list_thread                 0x0800a658   Data          12  cmd.o(FSymTab)
    __fsym_list_sem                          0x0800a664   Data          12  cmd.o(FSymTab)
    __fsym___cmd_list_sem                    0x0800a670   Data          12  cmd.o(FSymTab)
    __fsym_list_mailbox                      0x0800a67c   Data          12  cmd.o(FSymTab)
    __fsym___cmd_list_mailbox                0x0800a688   Data          12  cmd.o(FSymTab)
    __fsym_list_timer                        0x0800a694   Data          12  cmd.o(FSymTab)
    __fsym___cmd_list_timer                  0x0800a6a0   Data          12  cmd.o(FSymTab)
    __fsym_list                              0x0800a6ac   Data          12  cmd.o(FSymTab)
    __fsym___cmd_help                        0x0800a6b8   Data          12  msh.o(FSymTab)
    __fsym___cmd_ps                          0x0800a6c4   Data          12  msh.o(FSymTab)
    __fsym___cmd_free                        0x0800a6d0   Data          12  msh.o(FSymTab)
    FSymTab$$Limit                           0x0800a6dc   Number         0  msh.o(FSymTab)
    Region$$Table$$Base                      0x0800a6dc   Number         0  anon$$obj.o(Region$$Table)
    Region$$Table$$Limit                     0x0800a6fc   Number         0  anon$$obj.o(Region$$Table)
    extcom_sw_flag                           0x20000000   Data           1  app_key.o(.data)
    led_sw_flag                              0x20000001   Data           1  app_key.o(.data)
    feedback_sw_flag                         0x20000002   Data           1  app_key.o(.data)
    ex_led_sw_flag                           0x20000003   Data           1  app_key.o(.data)
    FrontPanel_Set_current                   0x20000004   Data           2  app_codec.o(.data)
    IS_LED1_Exist                            0x20000018   Data           1  app_led.o(.data)
    IS_LED2_Exist                            0x20000019   Data           1  app_led.o(.data)
    OV_Count                                 0x2000001a   Data           2  app_led.o(.data)
    OV_Count_Avg                             0x2000001c   Data           2  app_led.o(.data)
    LED1_I_Current                           0x20000020   Data           4  app_led.o(.data)
    LED2_I_Current                           0x20000024   Data           4  app_led.o(.data)
    flag_bnc_fail                            0x20000028   Data           2  app_led.o(.data)
    IS_PLED1_OV_TEMP                         0x2000002a   Data           1  app_led.o(.data)
    IS_PLED2_OV_TEMP                         0x2000002b   Data           1  app_led.o(.data)
    cf_a                                     0x2000002c   Data           4  app_led.o(.data)
    cf_b                                     0x20000030   Data           4  app_led.o(.data)
    cf_c                                     0x20000034   Data           4  app_led.o(.data)
    __stdout                                 0x20000038   Data           4  debug_uart.o(.data)
    Hzk                                      0x2000003c   Data         896  bsp_oled.o(.data)
    SystemCoreClock                          0x200003d0   Data           4  system_stm32f4xx.o(.data)
    AHBPrescTable                            0x200003d4   Data          16  system_stm32f4xx.o(.data)
    rt_interrupt_from_thread                 0x200003e8   Data           4  cpuport.o(.data)
    rt_interrupt_to_thread                   0x200003ec   Data           4  cpuport.o(.data)
    rt_thread_switch_interrupt_flag          0x200003f0   Data           4  cpuport.o(.data)
    rt_interrupt_nest                        0x200003f8   Data           1  irq.o(.data)
    rt_thread_ready_priority_group           0x20000454   Data           4  scheduler.o(.data)
    rt_current_thread                        0x2000045c   Data           4  scheduler.o(.data)
    rt_current_priority                      0x20000460   Data           1  scheduler.o(.data)
    rt_thread_defunct                        0x20000464   Data           8  scheduler.o(.data)
    _syscall_table_begin                     0x20000484   Data           4  shell.o(.data)
    _syscall_table_end                       0x20000488   Data           4  shell.o(.data)
    _sysvar_table_begin                      0x2000048c   Data           4  shell.o(.data)
    _sysvar_table_end                        0x20000490   Data           4  shell.o(.data)
    shell                                    0x20000494   Data           4  shell.o(.data)
    sADCCONVData                             0x200004a0   Data          24  main.o(.bss)
    RCC_Clocks                               0x200004b8   Data          16  main.o(.bss)
    oled_refresh_sem                         0x2000493c   Data          40  scs_thread.o(.bss)
    codec_sem                                0x20004964   Data          40  app_codec.o(.bss)
    PID1                                     0x200049a4   Data          40  app_led.o(.bss)
    PID2                                     0x200049cc   Data          40  app_led.o(.bss)
    cal_adcpid_sem                           0x200049f4   Data          40  app_led.o(.bss)
    log_usart_buf                            0x20004a1c   Data         528  debug_uart.o(.bss)
    rt_thread_priority_table                 0x20005fdc   Data         256  scheduler.o(.bss)
    __initial_sp                             0x20006d68   Data           0  startup_stm32f40_41xxx.o(STACK)



==============================================================================

Memory Map of the image

  Image Entry point : 0x08000189

  Load Region LR_IROM1 (Base: 0x08000000, Size: 0x0000ab9c, Max: 0x00080000, ABSOLUTE, COMPRESSED[0x0000a8b8])

    Execution Region ER_IROM1 (Exec base: 0x08000000, Load base: 0x08000000, Size: 0x0000a6fc, Max: 0x00080000, ABSOLUTE)

    Exec Addr    Load Addr    Size         Type   Attr      Idx    E Section Name        Object

    0x08000000   0x08000000   0x00000188   Data   RO         6741    RESET               startup_stm32f40_41xxx.o
    0x08000188   0x08000188   0x00000000   Code   RO         8165  * .ARM.Collect$$$$00000000  mc_w.l(entry.o)
    0x08000188   0x08000188   0x00000004   Code   RO         8481    .ARM.Collect$$$$00000001  mc_w.l(entry2.o)
    0x0800018c   0x0800018c   0x00000004   Code   RO         8484    .ARM.Collect$$$$00000004  mc_w.l(entry5.o)
    0x08000190   0x08000190   0x00000000   Code   RO         8486    .ARM.Collect$$$$00000008  mc_w.l(entry7b.o)
    0x08000190   0x08000190   0x00000000   Code   RO         8488    .ARM.Collect$$$$0000000A  mc_w.l(entry8b.o)
    0x08000190   0x08000190   0x00000008   Code   RO         8489    .ARM.Collect$$$$0000000B  mc_w.l(entry9a.o)
    0x08000198   0x08000198   0x00000004   Code   RO         8496    .ARM.Collect$$$$0000000E  mc_w.l(entry12b.o)
    0x0800019c   0x0800019c   0x00000000   Code   RO         8491    .ARM.Collect$$$$0000000F  mc_w.l(entry10a.o)
    0x0800019c   0x0800019c   0x00000000   Code   RO         8493    .ARM.Collect$$$$00000011  mc_w.l(entry11a.o)
    0x0800019c   0x0800019c   0x00000004   Code   RO         8482    .ARM.Collect$$$$00002712  mc_w.l(entry2.o)
    0x080001a0   0x080001a0   0x00000024   Code   RO         6742    .text               startup_stm32f40_41xxx.o
    0x080001c4   0x080001c4   0x00000134   Code   RO         6927    .text               context_rvds.o
    0x080002f8   0x080002f8   0x00000024   Code   RO         8168    .text               mc_w.l(memcpya.o)
    0x0800031c   0x0800031c   0x00000024   Code   RO         8170    .text               mc_w.l(memseta.o)
    0x08000340   0x08000340   0x00000018   Code   RO         8172    .text               mc_w.l(strcat.o)
    0x08000358   0x08000358   0x00000018   Code   RO         8174    .text               mc_w.l(strncpy.o)
    0x08000370   0x08000370   0x0000000e   Code   RO         8176    .text               mc_w.l(strlen.o)
    0x0800037e   0x0800037e   0x00000012   Code   RO         8178    .text               mc_w.l(strcpy.o)
    0x08000390   0x08000390   0x0000001e   Code   RO         8180    .text               mc_w.l(strncmp.o)
    0x080003ae   0x080003ae   0x0000001a   Code   RO         8445    .text               mc_w.l(atoi.o)
    0x080003c8   0x080003c8   0x0000014e   Code   RO         8447    .text               mf_w.l(dadd.o)
    0x08000516   0x08000516   0x000000e4   Code   RO         8449    .text               mf_w.l(dmul.o)
    0x080005fa   0x080005fa   0x000000de   Code   RO         8451    .text               mf_w.l(ddiv.o)
    0x080006d8   0x080006d8   0x00000022   Code   RO         8453    .text               mf_w.l(dflti.o)
    0x080006fa   0x080006fa   0x0000001a   Code   RO         8455    .text               mf_w.l(dfltui.o)
    0x08000714   0x08000714   0x00000032   Code   RO         8457    .text               mf_w.l(dfixui.o)
    0x08000746   0x08000746   0x00000026   Code   RO         8459    .text               mf_w.l(f2d.o)
    0x0800076c   0x0800076c   0x00000030   Code   RO         8461    .text               mf_w.l(cdrcmple.o)
    0x0800079c   0x0800079c   0x00000038   Code   RO         8463    .text               mf_w.l(d2f.o)
    0x080007d4   0x080007d4   0x0000002c   Code   RO         8497    .text               mc_w.l(uidiv.o)
    0x08000800   0x08000800   0x00000062   Code   RO         8499    .text               mc_w.l(uldiv.o)
    0x08000862   0x08000862   0x0000001e   Code   RO         8501    .text               mc_w.l(llshl.o)
    0x08000880   0x08000880   0x00000020   Code   RO         8503    .text               mc_w.l(llushr.o)
    0x080008a0   0x080008a0   0x00000024   Code   RO         8505    .text               mc_w.l(llsshr.o)
    0x080008c4   0x080008c4   0x00000070   Code   RO         8514    .text               mc_w.l(strtol.o)
    0x08000934   0x08000934   0x00000000   Code   RO         8516    .text               mc_w.l(iusefp.o)
    0x08000934   0x08000934   0x0000006e   Code   RO         8517    .text               mf_w.l(fepilogue.o)
    0x080009a2   0x080009a2   0x000000ba   Code   RO         8519    .text               mf_w.l(depilogue.o)
    0x08000a5c   0x08000a5c   0x00000030   Code   RO         8521    .text               mf_w.l(dfixul.o)
    0x08000a8c   0x08000a8c   0x00000004   Code   RO         8523    .text               mf_w.l(fpstat.o)
    0x08000a90   0x08000a90   0x00000024   Code   RO         8525    .text               mc_w.l(init.o)
    0x08000ab4   0x08000ab4   0x00000008   Code   RO         8527    .text               mc_w.l(ctype_o.o)
    0x08000abc   0x08000abc   0x0000009e   Code   RO         8555    .text               mc_w.l(_strtoul.o)
    0x08000b5a   0x08000b5a   0x0000001c   Code   RO         8557    .text               mc_w.l(_chval.o)
    0x08000b76   0x08000b76   0x00000056   Code   RO         8567    .text               mc_w.l(__dczerorl2.o)
    0x08000bcc   0x08000bcc   0x0000000a   Code   RO         6859    i.$Sub$$main        components.o
    0x08000bd6   0x08000bd6   0x00000002   PAD
    0x08000bd8   0x08000bd8   0x0000008c   Code   RO         1648    i.AD5542_WriteA     bsp_spi.o
    0x08000c64   0x08000c64   0x0000008c   Code   RO         1649    i.AD5542_WriteB     bsp_spi.o
    0x08000cf0   0x08000cf0   0x00000078   Code   RO          939    i.ADC_Config        bsp_adc.o
    0x08000d68   0x08000d68   0x000000a8   Code   RO          940    i.ADC_GPIO_Configuration  bsp_adc.o
    0x08000e10   0x08000e10   0x00000004   Code   RO          262    i.BusFault_Handler  stm32f4xx_it.o
    0x08000e14   0x08000e14   0x00000094   Code   RO         1387    i.Codec_Init        bsp_codec.o
    0x08000ea8   0x08000ea8   0x0000007c   Code   RO          873    i.DIGIN_Iint        bsp_gpio.o
    0x08000f24   0x08000f24   0x00000002   Code   RO          263    i.DebugMon_Handler  stm32f4xx_it.o
    0x08000f26   0x08000f26   0x00000002   PAD
    0x08000f28   0x08000f28   0x00000034   Code   RO          874    i.EXTI1_IRQHandler  bsp_gpio.o
    0x08000f5c   0x08000f5c   0x00000038   Code   RO         1388    i.EXTI2_IRQHandler  bsp_codec.o
    0x08000f94   0x08000f94   0x0000000c   Code   RO         3058    i.EXTI_ClearITPendingBit  stm32f4xx_exti.o
    0x08000fa0   0x08000fa0   0x00000018   Code   RO         3062    i.EXTI_GetITStatus  stm32f4xx_exti.o
    0x08000fb8   0x08000fb8   0x00000094   Code   RO         3063    i.EXTI_Init         stm32f4xx_exti.o
    0x0800104c   0x0800104c   0x00000188   Code   RO          875    i.GPIO_Configuration  bsp_gpio.o
    0x080011d4   0x080011d4   0x00000090   Code   RO         3571    i.GPIO_Init         stm32f4xx_gpio.o
    0x08001264   0x08001264   0x00000046   Code   RO         3572    i.GPIO_PinAFConfig  stm32f4xx_gpio.o
    0x080012aa   0x080012aa   0x00000012   Code   RO         3575    i.GPIO_ReadInputDataBit  stm32f4xx_gpio.o
    0x080012bc   0x080012bc   0x00000004   Code   RO         3578    i.GPIO_ResetBits    stm32f4xx_gpio.o
    0x080012c0   0x080012c0   0x00000004   Code   RO         3579    i.GPIO_SetBits      stm32f4xx_gpio.o
    0x080012c4   0x080012c4   0x00000008   Code   RO         3581    i.GPIO_ToggleBits   stm32f4xx_gpio.o
    0x080012cc   0x080012cc   0x00000098   Code   RO          909    i.GetTempValue      bsp_temp.o
    0x08001364   0x08001364   0x00000020   Code   RO            4    i.Init_Devices      main.o
    0x08001384   0x08001384   0x00000048   Code   RO          787    i.Init_SysTick      sys.o
    0x080013cc   0x080013cc   0x00000004   Code   RO          264    i.MemManage_Handler  stm32f4xx_it.o
    0x080013d0   0x080013d0   0x00000002   Code   RO          265    i.NMI_Handler       stm32f4xx_it.o
    0x080013d2   0x080013d2   0x00000002   PAD
    0x080013d4   0x080013d4   0x00000078   Code   RO         1696    i.NVIC_Init         misc.o
    0x0800144c   0x0800144c   0x00000014   Code   RO         1697    i.NVIC_PriorityGroupConfig  misc.o
    0x08001460   0x08001460   0x00000028   Code   RO          789    i.NVIC_SetPriority  sys.o
    0x08001488   0x08001488   0x0000003e   Code   RO         1260    i.OLED_Clear        bsp_oled.o
    0x080014c6   0x080014c6   0x000000ee   Code   RO         1264    i.OLED_Init         bsp_oled.o
    0x080015b4   0x080015b4   0x00000028   Code   RO         1266    i.OLED_Set_Pos      bsp_oled.o
    0x080015dc   0x080015dc   0x00000184   Code   RO         1268    i.OLED_ShowChar     bsp_oled.o
    0x08001760   0x08001760   0x00000044   Code   RO         1270    i.OLED_ShowString   bsp_oled.o
    0x080017a4   0x080017a4   0x00000018   Code   RO         1271    i.OLED_WR_Byte      bsp_oled.o
    0x080017bc   0x080017bc   0x000000a0   Code   RO         1272    i.Oled_Poll         bsp_oled.o
    0x0800185c   0x0800185c   0x0000002c   Code   RO         1273    i.Oled_Write_IIC_Command  bsp_oled.o
    0x08001888   0x08001888   0x0000002c   Code   RO         1274    i.Oled_Write_IIC_Data  bsp_oled.o
    0x080018b4   0x080018b4   0x00000098   Code   RO          524    i.PID1_Cal          app_led.o
    0x0800194c   0x0800194c   0x00000098   Code   RO          525    i.PID2_Cal          app_led.o
    0x080019e4   0x080019e4   0x00000098   Code   RO          526    i.PID_Parm_init     app_led.o
    0x08001a7c   0x08001a7c   0x00000020   Code   RO         4497    i.RCC_AHB1PeriphClockCmd  stm32f4xx_rcc.o
    0x08001a9c   0x08001a9c   0x00000020   Code   RO         4506    i.RCC_APB1PeriphClockCmd  stm32f4xx_rcc.o
    0x08001abc   0x08001abc   0x00000020   Code   RO         4508    i.RCC_APB1PeriphResetCmd  stm32f4xx_rcc.o
    0x08001adc   0x08001adc   0x00000020   Code   RO         4509    i.RCC_APB2PeriphClockCmd  stm32f4xx_rcc.o
    0x08001afc   0x08001afc   0x00000020   Code   RO         4511    i.RCC_APB2PeriphResetCmd  stm32f4xx_rcc.o
    0x08001b1c   0x08001b1c   0x000000e8   Code   RO         4518    i.RCC_GetClocksFreq  stm32f4xx_rcc.o
    0x08001c04   0x08001c04   0x00000060   Code   RO          910    i.Read_TMP_Byte     bsp_temp.o
    0x08001c64   0x08001c64   0x000000f0   Code   RO         1650    i.SPI3_Config       bsp_spi.o
    0x08001d54   0x08001d54   0x0000004c   Code   RO         1651    i.SPI3_ReadWriteByte  bsp_spi.o
    0x08001da0   0x08001da0   0x00000018   Code   RO         5655    i.SPI_Cmd           stm32f4xx_spi.o
    0x08001db8   0x08001db8   0x000000b0   Code   RO         5662    i.SPI_I2S_DeInit    stm32f4xx_spi.o
    0x08001e68   0x08001e68   0x00000012   Code   RO         5663    i.SPI_I2S_GetFlagStatus  stm32f4xx_spi.o
    0x08001e7a   0x08001e7a   0x00000006   Code   RO         5666    i.SPI_I2S_ReceiveData  stm32f4xx_spi.o
    0x08001e80   0x08001e80   0x00000004   Code   RO         5667    i.SPI_I2S_SendData  stm32f4xx_spi.o
    0x08001e84   0x08001e84   0x0000003c   Code   RO         5668    i.SPI_Init          stm32f4xx_spi.o
    0x08001ec0   0x08001ec0   0x00000002   Code   RO          266    i.SVC_Handler       stm32f4xx_it.o
    0x08001ec2   0x08001ec2   0x00000002   PAD
    0x08001ec4   0x08001ec4   0x00000040   Code   RO         5820    i.SYSCFG_EXTILineConfig  stm32f4xx_syscfg.o
    0x08001f04   0x08001f04   0x000000ec   Code   RO         6701    i.SetSysClock       system_stm32f4xx.o
    0x08001ff0   0x08001ff0   0x00000018   Code   RO          527    i.Set_LED1_Duty     app_led.o
    0x08002008   0x08002008   0x00000018   Code   RO          528    i.Set_LED2_Duty     app_led.o
    0x08002020   0x08002020   0x00000008   Code   RO         6749    i.SysTick_Handler   board.o
    0x08002028   0x08002028   0x000000c0   Code   RO         6702    i.SystemCoreClockUpdate  system_stm32f4xx.o
    0x080020e8   0x080020e8   0x00000068   Code   RO         6703    i.SystemInit        system_stm32f4xx.o
    0x08002150   0x08002150   0x00000028   Code   RO         1417    i.TIM6_DAC_IRQHandler  bsp_timer.o
    0x08002178   0x08002178   0x00000018   Code   RO         5881    i.TIM_ARRPreloadConfig  stm32f4xx_tim.o
    0x08002190   0x08002190   0x00000018   Code   RO         5893    i.TIM_Cmd           stm32f4xx_tim.o
    0x080021a8   0x080021a8   0x00000012   Code   RO         5918    i.TIM_ITConfig      stm32f4xx_tim.o
    0x080021ba   0x080021ba   0x00000002   PAD
    0x080021bc   0x080021bc   0x000000a4   Code   RO         5927    i.TIM_OC2Init       stm32f4xx_tim.o
    0x08002260   0x08002260   0x0000001a   Code   RO         5930    i.TIM_OC2PreloadConfig  stm32f4xx_tim.o
    0x0800227a   0x0800227a   0x00000002   PAD
    0x0800227c   0x0800227c   0x000000a0   Code   RO         5932    i.TIM_OC3Init       stm32f4xx_tim.o
    0x0800231c   0x0800231c   0x00000012   Code   RO         5935    i.TIM_OC3PreloadConfig  stm32f4xx_tim.o
    0x0800232e   0x0800232e   0x00000004   Code   RO         5956    i.TIM_SetCompare2   stm32f4xx_tim.o
    0x08002332   0x08002332   0x00000004   Code   RO         5957    i.TIM_SetCompare3   stm32f4xx_tim.o
    0x08002336   0x08002336   0x00000002   PAD
    0x08002338   0x08002338   0x00000084   Code   RO         5965    i.TIM_TimeBaseInit  stm32f4xx_tim.o
    0x080023bc   0x080023bc   0x00000164   Code   RO         1418    i.Timer2_PWM_Init   bsp_timer.o
    0x08002520   0x08002520   0x00000050   Code   RO         1420    i.Timer2_PWM_OC3_Enable  bsp_timer.o
    0x08002570   0x08002570   0x000000a8   Code   RO         1421    i.Timer2_PWM_OC3_SetDuty  bsp_timer.o
    0x08002618   0x08002618   0x00000164   Code   RO         1422    i.Timer5_PWM_Init   bsp_timer.o
    0x0800277c   0x0800277c   0x00000050   Code   RO         1424    i.Timer5_PWM_OC2_Enable  bsp_timer.o
    0x080027cc   0x080027cc   0x000000ac   Code   RO         1425    i.Timer5_PWM_OC2_SetDuty  bsp_timer.o
    0x08002878   0x08002878   0x0000005c   Code   RO         1426    i.Timer6_Init       bsp_timer.o
    0x080028d4   0x080028d4   0x0000006c   Code   RO          646    i.USART6_IRQHandler  debug_uart.o
    0x08002940   0x08002940   0x00000012   Code   RO         6443    i.USART_ClearFlag   stm32f4xx_usart.o
    0x08002952   0x08002952   0x0000001e   Code   RO         6444    i.USART_ClearITPendingBit  stm32f4xx_usart.o
    0x08002970   0x08002970   0x00000018   Code   RO         6447    i.USART_Cmd         stm32f4xx_usart.o
    0x08002988   0x08002988   0x0000001a   Code   RO         6450    i.USART_GetFlagStatus  stm32f4xx_usart.o
    0x080029a2   0x080029a2   0x00000054   Code   RO         6451    i.USART_GetITStatus  stm32f4xx_usart.o
    0x080029f6   0x080029f6   0x00000002   PAD
    0x080029f8   0x080029f8   0x000000d4   Code   RO         6454    i.USART_Init        stm32f4xx_usart.o
    0x08002acc   0x08002acc   0x0000000a   Code   RO         6461    i.USART_ReceiveData  stm32f4xx_usart.o
    0x08002ad6   0x08002ad6   0x00000004   Code   RO          267    i.UsageFault_Handler  stm32f4xx_it.o
    0x08002ada   0x08002ada   0x00000002   PAD
    0x08002adc   0x08002adc   0x0000005c   Code   RO         6750    i._SysTick_Config   board.o
    0x08002b38   0x08002b38   0x00000020   Code   RO         8417    i.__0printf         mc_w.l(printfa.o)
    0x08002b58   0x08002b58   0x00000028   Code   RO         8419    i.__0sprintf        mc_w.l(printfa.o)
    0x08002b80   0x08002b80   0x00000026   Code   RO         8465    i.__ARM_fpclassifyf  m_wm.l(fpclassifyf.o)
    0x08002ba6   0x08002ba6   0x00000002   PAD
    0x08002ba8   0x08002ba8   0x00000008   Code   RO         8507    i.__aeabi_errno_addr  mc_w.l(errno.o)
    0x08002bb0   0x08002bb0   0x00000664   Code   RO         8151    i.__hardfp_powf     m_wm.l(powf.o)
    0x08003214   0x08003214   0x00000014   Code   RO         8467    i.__mathlib_flt_divzero  m_wm.l(funder.o)
    0x08003228   0x08003228   0x00000006   Code   RO         8469    i.__mathlib_flt_infnan2  m_wm.l(funder.o)
    0x0800322e   0x0800322e   0x00000002   PAD
    0x08003230   0x08003230   0x00000010   Code   RO         8470    i.__mathlib_flt_invalid  m_wm.l(funder.o)
    0x08003240   0x08003240   0x00000010   Code   RO         8471    i.__mathlib_flt_overflow  m_wm.l(funder.o)
    0x08003250   0x08003250   0x00000010   Code   RO         8473    i.__mathlib_flt_underflow  m_wm.l(funder.o)
    0x08003260   0x08003260   0x0000004c   Code   RO         7201    i.__rt_ffs          kservice.o
    0x080032ac   0x080032ac   0x0000000e   Code   RO         8561    i.__scatterload_copy  mc_w.l(handlers.o)
    0x080032ba   0x080032ba   0x00000002   Code   RO         8562    i.__scatterload_null  mc_w.l(handlers.o)
    0x080032bc   0x080032bc   0x0000000e   Code   RO         8563    i.__scatterload_zeroinit  mc_w.l(handlers.o)
    0x080032ca   0x080032ca   0x00000002   PAD
    0x080032cc   0x080032cc   0x0000000c   Code   RO         8509    i.__set_errno       mc_w.l(errno.o)
    0x080032d8   0x080032d8   0x00000184   Code   RO         8424    i._fp_digits        mc_w.l(printfa.o)
    0x0800345c   0x0800345c   0x0000006a   Code   RO         7987    i._msh_exec_cmd     msh.o
    0x080034c6   0x080034c6   0x00000002   PAD
    0x080034c8   0x080034c8   0x000006b4   Code   RO         8425    i._printf_core      mc_w.l(printfa.o)
    0x08003b7c   0x08003b7c   0x00000024   Code   RO         8426    i._printf_post_padding  mc_w.l(printfa.o)
    0x08003ba0   0x08003ba0   0x0000002e   Code   RO         8427    i._printf_pre_padding  mc_w.l(printfa.o)
    0x08003bce   0x08003bce   0x00000002   PAD
    0x08003bd0   0x08003bd0   0x00000084   Code   RO         7617    i._rt_thread_init   thread.o
    0x08003c54   0x08003c54   0x00000042   Code   RO         7749    i._rt_timer_init    timer.o
    0x08003c96   0x08003c96   0x0000001c   Code   RO         7750    i._rt_timer_remove  timer.o
    0x08003cb2   0x08003cb2   0x0000000a   Code   RO         8429    i._sputc            mc_w.l(printfa.o)
    0x08003cbc   0x08003cbc   0x00000020   Code   RO         7618    i._thread_cleanup_execute  thread.o
    0x08003cdc   0x08003cdc   0x0000002a   Code   RO          461    i.adc_thread_entry  app_adc.o
    0x08003d06   0x08003d06   0x00000002   PAD
    0x08003d08   0x08003d08   0x0000014c   Code   RO          437    i.board_temp_thread_entry  app_temp.o
    0x08003e54   0x08003e54   0x000000fc   Code   RO         6940    i.bus_fault_track   cpuport.o
    0x08003f50   0x08003f50   0x0000000e   Code   RO         7988    i.cmd_free          msh.o
    0x08003f5e   0x08003f5e   0x0000000e   Code   RO         7989    i.cmd_ps            msh.o
    0x08003f6c   0x08003f6c   0x00000250   Code   RO          406    i.codec_thread_entry  app_codec.o
    0x080041bc   0x080041bc   0x00000090   Code   RO          648    i.debug_usart_Init  debug_uart.o
    0x0800424c   0x0800424c   0x0000002c   Code   RO          649    i.debug_usart_Tx    debug_uart.o
    0x08004278   0x08004278   0x00000078   Code   RO         8060    i.finsh_get_prompt  shell.o
    0x080042f0   0x080042f0   0x00000008   Code   RO         8062    i.finsh_getchar     shell.o
    0x080042f8   0x080042f8   0x0000001c   Code   RO         8065    i.finsh_set_prompt_mode  shell.o
    0x08004314   0x08004314   0x00000014   Code   RO         8066    i.finsh_system_function_init  shell.o
    0x08004328   0x08004328   0x0000009c   Code   RO         8067    i.finsh_system_init  shell.o
    0x080043c4   0x080043c4   0x000003c8   Code   RO         8069    i.finsh_thread_entry  shell.o
    0x0800478c   0x0800478c   0x0000001c   Code   RO          650    i.fputc             debug_uart.o
    0x080047a8   0x080047a8   0x00000274   Code   RO          464    i.get_1times_adc    app_adc.o
    0x08004a1c   0x08004a1c   0x000001a0   Code   RO          466    i.get_adc           app_adc.o
    0x08004bbc   0x08004bbc   0x00000120   Code   RO          792    i.get_rccclock_info  sys.o
    0x08004cdc   0x08004cdc   0x00000080   Code   RO         6941    i.hard_fault_track  cpuport.o
    0x08004d5c   0x08004d5c   0x00000020   Code   RO         7873    i.hello             cmd.o
    0x08004d7c   0x08004d7c   0x0000000e   Code   RO         1031    i.i2ca_port_delay   bsp_i2ca_port.o
    0x08004d8a   0x08004d8a   0x00000002   PAD
    0x08004d8c   0x08004d8c   0x00000060   Code   RO         1032    i.i2ca_port_init    bsp_i2ca_port.o
    0x08004dec   0x08004dec   0x0000005c   Code   RO         1035    i.i2ca_port_send_byte  bsp_i2ca_port.o
    0x08004e48   0x08004e48   0x00000030   Code   RO         1036    i.i2ca_port_start   bsp_i2ca_port.o
    0x08004e78   0x08004e78   0x00000020   Code   RO         1037    i.i2ca_port_stop    bsp_i2ca_port.o
    0x08004e98   0x08004e98   0x00000038   Code   RO         1038    i.i2ca_port_wait_ack  bsp_i2ca_port.o
    0x08004ed0   0x08004ed0   0x00000038   Code   RO         1107    i.i2cb_port_ack     bsp_i2cb_port.o
    0x08004f08   0x08004f08   0x0000000e   Code   RO         1108    i.i2cb_port_delay   bsp_i2cb_port.o
    0x08004f16   0x08004f16   0x00000002   PAD
    0x08004f18   0x08004f18   0x00000064   Code   RO         1109    i.i2cb_port_init    bsp_i2cb_port.o
    0x08004f7c   0x08004f7c   0x00000030   Code   RO         1110    i.i2cb_port_nack    bsp_i2cb_port.o
    0x08004fac   0x08004fac   0x00000048   Code   RO         1111    i.i2cb_port_read_byte  bsp_i2cb_port.o
    0x08004ff4   0x08004ff4   0x00000064   Code   RO         1112    i.i2cb_port_send_byte  bsp_i2cb_port.o
    0x08005058   0x08005058   0x00000034   Code   RO         1113    i.i2cb_port_start   bsp_i2cb_port.o
    0x0800508c   0x0800508c   0x00000024   Code   RO         1114    i.i2cb_port_stop    bsp_i2cb_port.o
    0x080050b0   0x080050b0   0x00000048   Code   RO         1115    i.i2cb_port_wait_ack  bsp_i2cb_port.o
    0x080050f8   0x080050f8   0x0000002c   Code   RO          323    i.led_thread_entry  scs_thread.o
    0x08005124   0x08005124   0x00000068   Code   RO         7874    i.list              cmd.o
    0x0800518c   0x0800518c   0x0000002a   Code   RO         7875    i.list_find_init    cmd.o
    0x080051b6   0x080051b6   0x00000088   Code   RO         7876    i.list_get_next     cmd.o
    0x0800523e   0x0800523e   0x00000002   PAD
    0x08005240   0x08005240   0x0000015c   Code   RO         7877    i.list_mailbox      cmd.o
    0x0800539c   0x0800539c   0x00000078   Code   RO         7378    i.list_mem          mem.o
    0x08005414   0x08005414   0x00000138   Code   RO         7878    i.list_sem          cmd.o
    0x0800554c   0x0800554c   0x000001e4   Code   RO         7879    i.list_thread       cmd.o
    0x08005730   0x08005730   0x00000160   Code   RO         7880    i.list_timer        cmd.o
    0x08005890   0x08005890   0x0000004c   Code   RO            5    i.main              main.o
    0x080058dc   0x080058dc   0x0000000e   Code   RO         6860    i.main_thread_entry  components.o
    0x080058ea   0x080058ea   0x00000002   PAD
    0x080058ec   0x080058ec   0x000000e8   Code   RO         6942    i.mem_manage_fault_track  cpuport.o
    0x080059d4   0x080059d4   0x00000924   Code   RO          529    i.mled_thread_entry  app_led.o
    0x080062f8   0x080062f8   0x000000a0   Code   RO         7990    i.msh_auto_complete  msh.o
    0x08006398   0x08006398   0x0000006c   Code   RO         7991    i.msh_exec          msh.o
    0x08006404   0x08006404   0x0000005c   Code   RO         7992    i.msh_get_cmd       msh.o
    0x08006460   0x08006460   0x00000080   Code   RO         7993    i.msh_help          msh.o
    0x080064e0   0x080064e0   0x00000004   Code   RO         7994    i.msh_is_used       msh.o
    0x080064e4   0x080064e4   0x000000f0   Code   RO         7995    i.msh_split         msh.o
    0x080065d4   0x080065d4   0x0000001c   Code   RO         7881    i.object_split      cmd.o
    0x080065f0   0x080065f0   0x00000060   Code   RO          324    i.oled_thread_entry  scs_thread.o
    0x08006650   0x08006650   0x00000438   Code   RO          530    i.pled_monitor_thread_entry  app_led.o
    0x08006a88   0x08006a88   0x00000078   Code   RO         7379    i.plug_holes        mem.o
    0x08006b00   0x08006b00   0x00000198   Code   RO         7203    i.print_number      kservice.o
    0x08006c98   0x08006c98   0x00000030   Code   RO         6861    i.rt_application_init  components.o
    0x08006cc8   0x08006cc8   0x00000022   Code   RO         7380    i.rt_calloc         mem.o
    0x08006cea   0x08006cea   0x00000002   PAD
    0x08006cec   0x08006cec   0x0000001c   Code   RO         6862    i.rt_components_board_init  components.o
    0x08006d08   0x08006d08   0x0000001c   Code   RO         6863    i.rt_components_init  components.o
    0x08006d24   0x08006d24   0x00000020   Code   RO         7545    i.rt_enter_critical  scheduler.o
    0x08006d44   0x08006d44   0x00000044   Code   RO         7546    i.rt_exit_critical  scheduler.o
    0x08006d88   0x08006d88   0x000000e0   Code   RO         7381    i.rt_free           mem.o
    0x08006e68   0x08006e68   0x00000008   Code   RO         6751    i.rt_heap_begin_get  board.o
    0x08006e70   0x08006e70   0x00000008   Code   RO         6752    i.rt_heap_end_get   board.o
    0x08006e78   0x08006e78   0x00000038   Code   RO         6753    i.rt_hw_board_init  board.o
    0x08006eb0   0x08006eb0   0x0000003c   Code   RO         7966    i.rt_hw_console_getchar  finsh_port.o
    0x08006eec   0x08006eec   0x00000036   Code   RO         6754    i.rt_hw_console_output  board.o
    0x08006f22   0x08006f22   0x00000002   PAD
    0x08006f24   0x08006f24   0x0000022c   Code   RO         6946    i.rt_hw_hard_fault_exception  cpuport.o
    0x08007150   0x08007150   0x00000050   Code   RO         6947    i.rt_hw_stack_init  cpuport.o
    0x080071a0   0x080071a0   0x00000020   Code   RO         7174    i.rt_interrupt_enter  irq.o
    0x080071c0   0x080071c0   0x00000020   Code   RO         7176    i.rt_interrupt_leave  irq.o
    0x080071e0   0x080071e0   0x00000014   Code   RO         7034    i.rt_ipc_list_resume  ipc.o
    0x080071f4   0x080071f4   0x00000032   Code   RO         7035    i.rt_ipc_list_resume_all  ipc.o
    0x08007226   0x08007226   0x0000006e   Code   RO         7036    i.rt_ipc_list_suspend  ipc.o
    0x08007294   0x08007294   0x00000010   Code   RO         7037    i.rt_ipc_object_init  ipc.o
    0x080072a4   0x080072a4   0x00000038   Code   RO         7207    i.rt_kprintf        kservice.o
    0x080072dc   0x080072dc   0x00000006   Code   RO         7038    i.rt_list_init      ipc.o
    0x080072e2   0x080072e2   0x00000006   Code   RO         7547    i.rt_list_init      scheduler.o
    0x080072e8   0x080072e8   0x00000006   Code   RO         7751    i.rt_list_init      timer.o
    0x080072ee   0x080072ee   0x0000000e   Code   RO         7457    i.rt_list_insert_after  object.o
    0x080072fc   0x080072fc   0x0000000e   Code   RO         7619    i.rt_list_insert_after  thread.o
    0x0800730a   0x0800730a   0x0000000e   Code   RO         7752    i.rt_list_insert_after  timer.o
    0x08007318   0x08007318   0x0000000e   Code   RO         7039    i.rt_list_insert_before  ipc.o
    0x08007326   0x08007326   0x00000010   Code   RO         7040    i.rt_list_isempty   ipc.o
    0x08007336   0x08007336   0x00000010   Code   RO         7753    i.rt_list_isempty   timer.o
    0x08007346   0x08007346   0x00000010   Code   RO         7882    i.rt_list_isempty   cmd.o
    0x08007356   0x08007356   0x00000014   Code   RO         7883    i.rt_list_len       cmd.o
    0x0800736a   0x0800736a   0x00000012   Code   RO         7458    i.rt_list_remove    object.o
    0x0800737c   0x0800737c   0x00000012   Code   RO         7620    i.rt_list_remove    thread.o
    0x0800738e   0x0800738e   0x00000012   Code   RO         7754    i.rt_list_remove    timer.o
    0x080073a0   0x080073a0   0x0000016c   Code   RO         7382    i.rt_malloc         mem.o
    0x0800750c   0x0800750c   0x00000042   Code   RO         7212    i.rt_memmove        kservice.o
    0x0800754e   0x0800754e   0x00000048   Code   RO         7213    i.rt_memset         kservice.o
    0x08007596   0x08007596   0x00000054   Code   RO         7459    i.rt_object_allocate  object.o
    0x080075ea   0x080075ea   0x00000024   Code   RO         7460    i.rt_object_delete  object.o
    0x0800760e   0x0800760e   0x0000001e   Code   RO         7461    i.rt_object_detach  object.o
    0x0800762c   0x0800762c   0x00000028   Code   RO         7463    i.rt_object_get_information  object.o
    0x08007654   0x08007654   0x00000056   Code   RO         7467    i.rt_object_init    object.o
    0x080076aa   0x080076aa   0x00000012   Code   RO         7468    i.rt_object_is_systemobject  object.o
    0x080076bc   0x080076bc   0x00000010   Code   RO         6755    i.rt_os_tick_callback  board.o
    0x080076cc   0x080076cc   0x00000084   Code   RO         7548    i.rt_schedule       scheduler.o
    0x08007750   0x08007750   0x00000050   Code   RO         7549    i.rt_schedule_insert_thread  scheduler.o
    0x080077a0   0x080077a0   0x00000054   Code   RO         7550    i.rt_schedule_remove_thread  scheduler.o
    0x080077f4   0x080077f4   0x00000036   Code   RO         7049    i.rt_sem_control    ipc.o
    0x0800782a   0x0800782a   0x00000026   Code   RO         7053    i.rt_sem_init       ipc.o
    0x08007850   0x08007850   0x00000052   Code   RO         7054    i.rt_sem_release    ipc.o
    0x080078a2   0x080078a2   0x00000074   Code   RO         7055    i.rt_sem_take       ipc.o
    0x08007916   0x08007916   0x00000002   PAD
    0x08007918   0x08007918   0x000000b0   Code   RO         7215    i.rt_show_version   kservice.o
    0x080079c8   0x080079c8   0x000000bc   Code   RO         7755    i.rt_soft_timer_check  timer.o
    0x08007a84   0x08007a84   0x00000012   Code   RO         7221    i.rt_strlen         kservice.o
    0x08007a96   0x08007a96   0x00000034   Code   RO         7223    i.rt_strncpy        kservice.o
    0x08007aca   0x08007aca   0x00000002   PAD
    0x08007acc   0x08007acc   0x000000f8   Code   RO         7385    i.rt_system_heap_init  mem.o
    0x08007bc4   0x08007bc4   0x0000004c   Code   RO         7551    i.rt_system_scheduler_init  scheduler.o
    0x08007c10   0x08007c10   0x00000030   Code   RO         7552    i.rt_system_scheduler_start  scheduler.o
    0x08007c40   0x08007c40   0x0000001c   Code   RO         7756    i.rt_system_timer_init  timer.o
    0x08007c5c   0x08007c5c   0x00000054   Code   RO         7757    i.rt_system_timer_thread_init  timer.o
    0x08007cb0   0x08007cb0   0x00000050   Code   RO         7622    i.rt_thread_create  thread.o
    0x08007d00   0x08007d00   0x0000000c   Code   RO         7623    i.rt_thread_delay   thread.o
    0x08007d0c   0x08007d0c   0x00000058   Code   RO         7627    i.rt_thread_exit    thread.o
    0x08007d64   0x08007d64   0x00000008   Code   RO         6999    i.rt_thread_idle_entry  idle.o
    0x08007d6c   0x08007d6c   0x00000060   Code   RO         7000    i.rt_thread_idle_excute  idle.o
    0x08007dcc   0x08007dcc   0x0000003c   Code   RO         7002    i.rt_thread_idle_init  idle.o
    0x08007e08   0x08007e08   0x00000034   Code   RO         7629    i.rt_thread_init    thread.o
    0x08007e3c   0x08007e3c   0x00000014   Code   RO         7630    i.rt_thread_mdelay  thread.o
    0x08007e50   0x08007e50   0x0000003c   Code   RO         7631    i.rt_thread_resume  thread.o
    0x08007e8c   0x08007e8c   0x0000000c   Code   RO         7632    i.rt_thread_self    thread.o
    0x08007e98   0x08007e98   0x00000044   Code   RO         7633    i.rt_thread_sleep   thread.o
    0x08007edc   0x08007edc   0x0000002c   Code   RO         7634    i.rt_thread_startup  thread.o
    0x08007f08   0x08007f08   0x00000044   Code   RO         7635    i.rt_thread_suspend  thread.o
    0x08007f4c   0x08007f4c   0x00000020   Code   RO         7636    i.rt_thread_timeout  thread.o
    0x08007f6c   0x08007f6c   0x00000044   Code   RO         7758    i.rt_thread_timer_entry  timer.o
    0x08007fb0   0x08007fb0   0x00000064   Code   RO         7637    i.rt_thread_yield   thread.o
    0x08008014   0x08008014   0x00000038   Code   RO         6822    i.rt_tick_from_millisecond  clock.o
    0x0800804c   0x0800804c   0x0000000c   Code   RO         6823    i.rt_tick_get       clock.o
    0x08008058   0x08008058   0x00000030   Code   RO         6824    i.rt_tick_increase  clock.o
    0x08008088   0x08008088   0x000000a4   Code   RO         7759    i.rt_timer_check    timer.o
    0x0800812c   0x0800812c   0x00000062   Code   RO         7760    i.rt_timer_control  timer.o
    0x0800818e   0x0800818e   0x00000028   Code   RO         7763    i.rt_timer_detach   timer.o
    0x080081b6   0x080081b6   0x0000002e   Code   RO         7764    i.rt_timer_init     timer.o
    0x080081e4   0x080081e4   0x0000002c   Code   RO         7765    i.rt_timer_list_next_timeout  timer.o
    0x08008210   0x08008210   0x0000012c   Code   RO         7767    i.rt_timer_start    timer.o
    0x0800833c   0x0800833c   0x00000030   Code   RO         7768    i.rt_timer_stop     timer.o
    0x0800836c   0x0800836c   0x00000340   Code   RO         7226    i.rt_vsnprintf      kservice.o
    0x080086ac   0x080086ac   0x00000004   Code   RO         6864    i.rti_board_end     components.o
    0x080086b0   0x080086b0   0x00000004   Code   RO         6865    i.rti_board_start   components.o
    0x080086b4   0x080086b4   0x00000004   Code   RO         6866    i.rti_end           components.o
    0x080086b8   0x080086b8   0x00000004   Code   RO         6867    i.rti_start         components.o
    0x080086bc   0x080086bc   0x0000002a   Code   RO         6868    i.rtthread_startup  components.o
    0x080086e6   0x080086e6   0x00000002   PAD
    0x080086e8   0x080086e8   0x000001fc   Code   RO          325    i.scs_thread_init   scs_thread.o
    0x080088e4   0x080088e4   0x000000e8   Code   RO          531    i.set_led1          app_led.o
    0x080089cc   0x080089cc   0x00000038   Code   RO         8070    i.shell_auto_complete  shell.o
    0x08008a04   0x08008a04   0x00000030   Code   RO         7884    i.show_wait_queue   cmd.o
    0x08008a34   0x08008a34   0x00000026   Code   RO         7228    i.skip_atoi         kservice.o
    0x08008a5a   0x08008a5a   0x00000020   Code   RO         7996    i.str_common        msh.o
    0x08008a7a   0x08008a7a   0x00000002   PAD
    0x08008a7c   0x08008a7c   0x00000198   Code   RO          376    i.sw_thread_entry   app_key.o
    0x08008c14   0x08008c14   0x00000010   Code   RO          326    i.timeout1          scs_thread.o
    0x08008c24   0x08008c24   0x00000034   Code   RO          327    i.timer_static_sample  scs_thread.o
    0x08008c58   0x08008c58   0x0000000a   Code   RO         6756    i.uart_init         board.o
    0x08008c62   0x08008c62   0x00000002   PAD
    0x08008c64   0x08008c64   0x000000e8   Code   RO         6948    i.usage_fault_track  cpuport.o
    0x08008d4c   0x08008d4c   0x0000000a   Code   RO         7885    i.version           cmd.o
    0x08008d56   0x08008d56   0x00001310   Data   RO         1277    .constdata          bsp_oled.o
    0x0800a066   0x0800a066   0x00000122   Data   RO         7230    .constdata          kservice.o
    0x0800a188   0x0800a188   0x00000140   Data   RO         8154    .constdata          m_wm.l(powf.o)
    0x0800a2c8   0x0800a2c8   0x00000081   Data   RO         8528    .constdata          mc_w.l(ctype_o.o)
    0x0800a349   0x0800a349   0x00000003   PAD
    0x0800a34c   0x0800a34c   0x00000004   Data   RO         8529    .constdata          mc_w.l(ctype_o.o)
    0x0800a350   0x0800a350   0x00000044   Data   RO         7886    .conststring        cmd.o
    0x0800a394   0x0800a394   0x0000001d   Data   RO          534    .rodata.name        app_led.o
    0x0800a3b1   0x0800a3b1   0x00000027   Data   RO         7388    .rodata.name        mem.o
    0x0800a3d8   0x0800a3d8   0x000001a7   Data   RO         7887    .rodata.name        cmd.o
    0x0800a57f   0x0800a57f   0x00000076   Data   RO         7997    .rodata.name        msh.o
    0x0800a5f5   0x0800a5f5   0x00000003   PAD
    0x0800a5f8   0x0800a5f8   0x00000004   Data   RO         6869    .rti_fn.0           components.o
    0x0800a5fc   0x0800a5fc   0x00000004   Data   RO         6870    .rti_fn.0.end       components.o
    0x0800a600   0x0800a600   0x00000004   Data   RO         6758    .rti_fn.1           board.o
    0x0800a604   0x0800a604   0x00000004   Data   RO         6871    .rti_fn.1.end       components.o
    0x0800a608   0x0800a608   0x00000004   Data   RO         8073    .rti_fn.6           shell.o
    0x0800a60c   0x0800a60c   0x00000004   Data   RO         6872    .rti_fn.6.end       components.o
    0x0800a610   0x0800a610   0x0000000c   Data   RO          535    FSymTab             app_led.o
    0x0800a61c   0x0800a61c   0x0000000c   Data   RO         7389    FSymTab             mem.o
    0x0800a628   0x0800a628   0x00000090   Data   RO         7888    FSymTab             cmd.o
    0x0800a6b8   0x0800a6b8   0x00000024   Data   RO         7998    FSymTab             msh.o
    0x0800a6dc   0x0800a6dc   0x00000020   Data   RO         8559    Region$$Table       anon$$obj.o


    Execution Region RW_IRAM1 (Exec base: 0x20000000, Load base: 0x0800a6fc, Size: 0x00006d68, Max: 0x00020000, ABSOLUTE, COMPRESSED[0x000001bc])

    Exec Addr    Load Addr    Size         Type   Attr      Idx    E Section Name        Object

    0x20000000   COMPRESSED   0x00000004   Data   RW          377    .data               app_key.o
    0x20000004   COMPRESSED   0x00000002   Data   RW          408    .data               app_codec.o
    0x20000006   COMPRESSED   0x00000002   PAD
    0x20000008   COMPRESSED   0x00000010   Data   RW          468    .data               app_adc.o
    0x20000018   COMPRESSED   0x00000020   Data   RW          533    .data               app_led.o
    0x20000038   COMPRESSED   0x00000004   Data   RW          652    .data               debug_uart.o
    0x2000003c   COMPRESSED   0x00000381   Data   RW         1278    .data               bsp_oled.o
    0x200003bd   COMPRESSED   0x00000010   Data   RW         4550    .data               stm32f4xx_rcc.o
    0x200003cd   COMPRESSED   0x00000003   PAD
    0x200003d0   COMPRESSED   0x00000014   Data   RW         6704    .data               system_stm32f4xx.o
    0x200003e4   COMPRESSED   0x00000004   Data   RW         6826    .data               clock.o
    0x200003e8   COMPRESSED   0x00000010   Data   RW         6949    .data               cpuport.o
    0x200003f8   COMPRESSED   0x00000001   Data   RW         7177    .data               irq.o
    0x200003f9   COMPRESSED   0x00000003   PAD
    0x200003fc   COMPRESSED   0x00000018   Data   RW         7387    .data               mem.o
    0x20000414   COMPRESSED   0x00000040   Data   RW         7470    .data               object.o
    0x20000454   COMPRESSED   0x00000018   Data   RW         7554    .data               scheduler.o
    0x2000046c   COMPRESSED   0x00000018   Data   RW         7770    .data               timer.o
    0x20000484   COMPRESSED   0x00000018   Data   RW         8072    .data               shell.o
    0x2000049c   COMPRESSED   0x00000004   Data   RW         8510    .data               mc_w.l(errno.o)
    0x200004a0        -       0x00000028   Zero   RW            6    .bss                main.o
    0x200004c8        -       0x0000449c   Zero   RW          328    .bss                scs_thread.o
    0x20004964        -       0x00000028   Zero   RW          407    .bss                app_codec.o
    0x2000498c        -       0x00000018   Zero   RW          467    .bss                app_adc.o
    0x200049a4        -       0x00000078   Zero   RW          532    .bss                app_led.o
    0x20004a1c        -       0x00000210   Zero   RW          651    .bss                debug_uart.o
    0x20004c2c        -       0x00001000   Zero   RW         6757    .bss                board.o
    0x20005c2c        -       0x00000188   Zero   RW         7003    .bss                idle.o
    0x20005db4        -       0x00000200   Zero   RW         7229    .bss                kservice.o
    0x20005fb4        -       0x00000028   Zero   RW         7386    .bss                mem.o
    0x20005fdc        -       0x00000100   Zero   RW         7553    .bss                scheduler.o
    0x200060dc        -       0x00000288   Zero   RW         7769    .bss                timer.o
    0x20006364        -       0x00000201   Zero   RW         8071    .bss                shell.o
    0x20006565   COMPRESSED   0x00000003   PAD
    0x20006568        -       0x00000800   Zero   RW         6739    STACK               startup_stm32f40_41xxx.o


==============================================================================

Image component sizes


      Code (inc. data)   RO Data    RW Data    ZI Data      Debug   Object Name

      1086        112          0         16         24       2314   app_adc.o
       592         74          0          2         40        996   app_codec.o
       408         88          0          4          0       1255   app_key.o
      4156        402         41         32        120       8064   app_led.o
       332         52          0          0          0        754   app_temp.o
       252         22          4          0       4096      31069   board.o
       288         16          0          0          0       1086   bsp_adc.o
       204         30          0          0          0       1124   bsp_codec.o
       568         28          0          0          0       1833   bsp_gpio.o
       338         24          0          0          0       3135   bsp_i2ca_port.o
       550         36          0          0          0       4746   bsp_i2cb_port.o
      1068         54       4880        897          0       6715   bsp_oled.o
       596         66          0          0          0       2555   bsp_spi.o
       248         20          0          0          0       1399   bsp_temp.o
      1344        134          0          0          0       5410   bsp_timer.o
       116         12          0          4          0       1644   clock.o
      1932        656        635          0          0      14525   cmd.o
       186         30         16          0          0       5472   components.o
       308         26          0          0          0        760   context_rvds.o
      1480        738          0         16          0       5838   cpuport.o
       324         26          0          4        528     244784   debug_uart.o
        60          4          0          0          0        560   finsh_port.o
       164         26          0          0        392       4830   idle.o
       522          0          0          0          0       9318   ipc.o
        64         12          0          1          0       1414   irq.o
      1794        166        290          0        512       9173   kservice.o
       108          8          0          0         40      70418   main.o
      1110        310         51         24         40       4963   mem.o
       140         24          0          0          0       1435   misc.o
       898        162        154          0          0       8096   msh.o
       326          4          0         64          0       7876   object.o
       526         90          0         24        256       8054   scheduler.o
       716        264          0          0      17564       4074   scs_thread.o
      1356        154          4         24        513      10404   shell.o
        36          8        392          0       2048        828   startup_stm32f40_41xxx.o
       184         16          0          0          0       1960   stm32f4xx_exti.o
       248          0          0          0          0       3837   stm32f4xx_gpio.o
        18          0          0          0          0       2583   stm32f4xx_it.o
       392         48          0         16          0       5549   stm32f4xx_rcc.o
       288         24          0          0          0       3887   stm32f4xx_spi.o
        64          4          0          0          0        616   stm32f4xx_syscfg.o
       574         48          0          0          0       6397   stm32f4xx_tim.o
       404          8          0          0          0       5015   stm32f4xx_usart.o
       400        136          0          0          0      27670   sys.o
       532         54          0         20          0       2321   system_stm32f4xx.o
       832         38          0          0          0      12474   thread.o
      1256         76          0         24        648      13198   timer.o

    ----------------------------------------------------------------------
     29432       4330       6502       1180      26824     572428   Object Totals
         0          0         32          0          0          0   (incl. Generated)
        44          0          3          8          3          0   (incl. Padding)

    ----------------------------------------------------------------------

      Code (inc. data)   RO Data    RW Data    ZI Data      Debug   Library Member Name

        38          0          0          0          0        116   fpclassifyf.o
        74         24          0          0          0        580   funder.o
      1636        110        320          0          0        372   powf.o
        86          0          0          0          0          0   __dczerorl2.o
        28          0          0          0          0         68   _chval.o
       158          0          0          0          0         92   _strtoul.o
        26          0          0          0          0         80   atoi.o
         8          4        133          0          0         68   ctype_o.o
         0          0          0          0          0          0   entry.o
         0          0          0          0          0          0   entry10a.o
         0          0          0          0          0          0   entry11a.o
         4          0          0          0          0          0   entry12b.o
         8          4          0          0          0          0   entry2.o
         4          0          0          0          0          0   entry5.o
         0          0          0          0          0          0   entry7b.o
         0          0          0          0          0          0   entry8b.o
         8          4          0          0          0          0   entry9a.o
        20         10          0          4          0        136   errno.o
        30          0          0          0          0          0   handlers.o
        36          8          0          0          0         68   init.o
         0          0          0          0          0          0   iusefp.o
        30          0          0          0          0         68   llshl.o
        36          0          0          0          0         68   llsshr.o
        32          0          0          0          0         68   llushr.o
        36          0          0          0          0         68   memcpya.o
        36          0          0          0          0        108   memseta.o
      2268         96          0          0          0        616   printfa.o
        24          0          0          0          0         68   strcat.o
        18          0          0          0          0         68   strcpy.o
        14          0          0          0          0         68   strlen.o
        30          0          0          0          0         80   strncmp.o
        24          0          0          0          0         76   strncpy.o
       112          0          0          0          0         88   strtol.o
        44          0          0          0          0         80   uidiv.o
        98          0          0          0          0         92   uldiv.o
        48          0          0          0          0         68   cdrcmple.o
        56          0          0          0          0         88   d2f.o
       334          0          0          0          0        148   dadd.o
       222          0          0          0          0        100   ddiv.o
       186          0          0          0          0        176   depilogue.o
        50          0          0          0          0         76   dfixui.o
        48          0          0          0          0         68   dfixul.o
        34          0          0          0          0         76   dflti.o
        26          0          0          0          0         76   dfltui.o
       228          0          0          0          0         96   dmul.o
        38          0          0          0          0         68   f2d.o
       110          0          0          0          0        168   fepilogue.o
         4          0          0          0          0         68   fpstat.o

    ----------------------------------------------------------------------
      6358        260        456          4          0       4472   Library Totals
         8          0          3          0          0          0   (incl. Padding)

    ----------------------------------------------------------------------

      Code (inc. data)   RO Data    RW Data    ZI Data      Debug   Library Name

      1748        134        320          0          0       1068   m_wm.l
      3218        126        133          4          0       2128   mc_w.l
      1384          0          0          0          0       1276   mf_w.l

    ----------------------------------------------------------------------
      6358        260        456          4          0       4472   Library Totals

    ----------------------------------------------------------------------

==============================================================================


      Code (inc. data)   RO Data    RW Data    ZI Data      Debug   

     35790       4590       6958       1184      26824     549112   Grand Totals
     35790       4590       6958        444      26824     549112   ELF Image Totals (compressed)
     35790       4590       6958        444          0          0   ROM Totals

==============================================================================

    Total RO  Size (Code + RO Data)                42748 (  41.75kB)
    Total RW  Size (RW Data + ZI Data)             28008 (  27.35kB)
    Total ROM Size (Code + RO Data + RW Data)      43192 (  42.18kB)

==============================================================================

