Component: ARM Compiler 5.06 update 7 (build 960) Tool: armlink [4d3601]

==============================================================================

Section Cross References

    main.o(i.Init_Devices) refers to misc.o(i.NVIC_PriorityGroupConfig) for NVIC_PriorityGroupConfig
    main.o(i.Init_Devices) refers to sys.o(i.Init_SysTick) for Init_SysTick
    main.o(i.Init_Devices) refers to debug_uart.o(i.debug_usart_Init) for debug_usart_Init
    main.o(i.Init_Devices) refers to sys.o(i.get_rccclock_info) for get_rccclock_info
    main.o(i.Init_Devices) refers to bsp_gpio.o(i.GPIO_Configuration) for GPIO_Configuration
    main.o(i.Init_Devices) refers to bsp_temp.o(i.DQ_Temp_Init) for DQ_Temp_Init
    main.o(i.Init_Devices) refers to bsp_adc.o(i.ADC_GPIO_Configuration) for ADC_GPIO_Configuration
    main.o(i.Init_Devices) refers to bsp_eeprom.o(i.EE_Init) for EE_Init
    main.o(i.main) refers to _printf_percent.o(.ARM.Collect$$_printf_percent$$00000000) for _printf_percent
    main.o(i.main) refers to _printf_x.o(.ARM.Collect$$_printf_percent$$0000000C) for _printf_x
    main.o(i.main) refers to _printf_hex_int.o(.text) for _printf_longlong_hex
    main.o(i.main) refers to main.o(i.Init_Devices) for Init_Devices
    main.o(i.main) refers to scs_thread.o(i.scs_thread_init) for scs_thread_init
    main.o(i.main) refers to thread.o(i.rt_thread_mdelay) for rt_thread_mdelay
    main.o(i.main) refers to bsp_eeprom.o(i.EE_ReadOneByte) for EE_ReadOneByte
    main.o(i.main) refers to noretval__2printf.o(.text) for __2printf
    main.o(i.main) refers to bsp_eeprom.o(i.EE_WriteOneByte) for EE_WriteOneByte
    main.o(i.main) refers to bsp_timer.o(i.Timer2_PWM_Init) for Timer2_PWM_Init
    main.o(i.main) refers to bsp_timer.o(i.Timer5_PWM_Init) for Timer5_PWM_Init
    main.o(i.main) refers to bsp_timer.o(i.Timer2_PWM_OC3_Enable) for Timer2_PWM_OC3_Enable
    main.o(i.main) refers to bsp_timer.o(i.Timer5_PWM_OC2_Enable) for Timer5_PWM_OC2_Enable
    main.o(i.main) refers to stm32f4xx_gpio.o(i.GPIO_ToggleBits) for GPIO_ToggleBits
    main.o(i.main) refers to main.o(.data) for test
    scs_thread.o(i.led_thread_entry) refers to thread.o(i.rt_thread_mdelay) for rt_thread_mdelay
    scs_thread.o(i.led_thread_entry) refers to stm32f4xx_gpio.o(i.GPIO_ResetBits) for GPIO_ResetBits
    scs_thread.o(i.oled_thread_entry) refers to bsp_oled.o(i.OLED_Init) for OLED_Init
    scs_thread.o(i.oled_thread_entry) refers to thread.o(i.rt_thread_mdelay) for rt_thread_mdelay
    scs_thread.o(i.oled_thread_entry) refers to bsp_oled.o(i.Oled_Poll) for Oled_Poll
    scs_thread.o(i.scs_thread_init) refers to thread.o(i.rt_thread_init) for rt_thread_init
    scs_thread.o(i.scs_thread_init) refers to thread.o(i.rt_thread_startup) for rt_thread_startup
    scs_thread.o(i.scs_thread_init) refers to scs_thread.o(.bss) for mled_thread_stack
    scs_thread.o(i.scs_thread_init) refers to app_led.o(i.mled_thread_entry) for mled_thread_entry
    scs_thread.o(i.scs_thread_init) refers to app_codec.o(i.codec_thread_entry) for codec_thread_entry
    scs_thread.o(i.scs_thread_init) refers to app_key.o(i.sw_thread_entry) for sw_thread_entry
    scs_thread.o(i.scs_thread_init) refers to scs_thread.o(i.oled_thread_entry) for oled_thread_entry
    scs_thread.o(i.scs_thread_init) refers to app_adc.o(i.adc_thread_entry) for adc_thread_entry
    scs_thread.o(i.scs_thread_init) refers to app_temp.o(i.board_temp_thread_entry) for board_temp_thread_entry
    scs_thread.o(i.scs_thread_init) refers to scs_thread.o(i.led_thread_entry) for led_thread_entry
    app_key.o(i.sw_thread_entry) refers to _printf_percent.o(.ARM.Collect$$_printf_percent$$00000000) for _printf_percent
    app_key.o(i.sw_thread_entry) refers to _printf_d.o(.ARM.Collect$$_printf_percent$$00000009) for _printf_d
    app_key.o(i.sw_thread_entry) refers to _printf_dec.o(.text) for _printf_int_dec
    app_key.o(i.sw_thread_entry) refers to thread.o(i.rt_thread_mdelay) for rt_thread_mdelay
    app_key.o(i.sw_thread_entry) refers to stm32f4xx_gpio.o(i.GPIO_ReadInputDataBit) for GPIO_ReadInputDataBit
    app_key.o(i.sw_thread_entry) refers to noretval__2printf.o(.text) for __2printf
    app_key.o(i.sw_thread_entry) refers to app_key.o(.data) for led_sw_flag
    app_codec.o(i.codec_thread_entry) refers to _printf_percent.o(.ARM.Collect$$_printf_percent$$00000000) for _printf_percent
    app_codec.o(i.codec_thread_entry) refers to _printf_d.o(.ARM.Collect$$_printf_percent$$00000009) for _printf_d
    app_codec.o(i.codec_thread_entry) refers to _printf_dec.o(.text) for _printf_int_dec
    app_codec.o(i.codec_thread_entry) refers to ipc.o(i.rt_sem_init) for rt_sem_init
    app_codec.o(i.codec_thread_entry) refers to bsp_codec.o(i.Codec_Init) for Codec_Init
    app_codec.o(i.codec_thread_entry) refers to ipc.o(i.rt_sem_control) for rt_sem_control
    app_codec.o(i.codec_thread_entry) refers to ipc.o(i.rt_sem_take) for rt_sem_take
[...]
    __rt_locale                              0x08000edd   Thumb Code     8  rt_locale_intlibspace.o(.text)
    _ll_udiv10                               0x08000ee5   Thumb Code   138  lludiv10.o(.text)
    _printf_fp_infnan                        0x08000f71   Thumb Code   112  _printf_fp_infnan.o(.text)
    _strtoul                                 0x08000ff1   Thumb Code   158  _strtoul.o(.text)
    _btod_etento                             0x08001091   Thumb Code   224  bigflt0.o(.text)
    ferror                                   0x08001175   Thumb Code     8  ferror.o(.text)
    __user_setup_stackheap                   0x0800117d   Thumb Code    74  sys_stackheap_outer.o(.text)
    _chval                                   0x080011c7   Thumb Code    28  _chval.o(.text)
    exit                                     0x080011e3   Thumb Code    18  exit.o(.text)
    strcmp                                   0x080011f5   Thumb Code   128  strcmpv7m.o(.text)
    _btod_d2e                                0x08001275   Thumb Code    62  btod.o(CL$$btod_d2e)
    _d2e_denorm_low                          0x080012b3   Thumb Code    70  btod.o(CL$$btod_d2e_denorm_low)
    _d2e_norm_op1                            0x080012f9   Thumb Code    96  btod.o(CL$$btod_d2e_norm_op1)
    __btod_div_common                        0x08001359   Thumb Code   696  btod.o(CL$$btod_div_common)
    _e2e                                     0x08001691   Thumb Code   220  btod.o(CL$$btod_e2e)
    _btod_ediv                               0x0800176d   Thumb Code    42  btod.o(CL$$btod_ediv)
    _btod_emul                               0x08001797   Thumb Code    42  btod.o(CL$$btod_emul)
    __btod_mult_common                       0x080017c1   Thumb Code   580  btod.o(CL$$btod_mult_common)
    main                                     0x08001a05   Thumb Code    10  components.o(i.$Sub$$main)
    ADC_Config                               0x08001a11   Thumb Code    56  bsp_adc.o(i.ADC_Config)
    ADC_GPIO_Configuration                   0x08001a4d   Thumb Code   156  bsp_adc.o(i.ADC_GPIO_Configuration)
    Bubble_Sort                              0x08001af5   Thumb Code   172  sys.o(i.Bubble_Sort)
    BusFault_Handler                         0x08001ba5   Thumb Code     4  stm32f4xx_it.o(i.BusFault_Handler)
    Codec_Init                               0x08001ba9   Thumb Code   126  bsp_codec.o(i.Codec_Init)
    DQ_Temp_Init                             0x08001c2d   Thumb Code    48  bsp_temp.o(i.DQ_Temp_Init)
    DS18B20_ReadROM                          0x08001c61   Thumb Code    76  bsp_temp.o(i.DS18B20_ReadROM)
    DS18B20_Read_Byte                        0x08001cc9   Thumb Code   254  bsp_temp.o(i.DS18B20_Read_Byte)
    DS18B20_Rst                              0x08001dcd   Thumb Code   242  bsp_temp.o(i.DS18B20_Rst)
    DS18B20_SendConV_Command                 0x08001ec5   Thumb Code    44  bsp_temp.o(i.DS18B20_SendConV_Command)
    DS18B20_Write_Byte                       0x08001ef9   Thumb Code   158  bsp_temp.o(i.DS18B20_Write_Byte)
    DebugMon_Handler                         0x08001f9d   Thumb Code     2  stm32f4xx_it.o(i.DebugMon_Handler)
    Delay_us                                 0x08001f9f   Thumb Code    46  sys.o(i.Delay_us)
    EE_Init                                  0x08001fcd   Thumb Code     8  bsp_eeprom.o(i.EE_Init)
    EE_ReadOneByte                           0x08001fd5   Thumb Code    78  bsp_eeprom.o(i.EE_ReadOneByte)
    EE_WriteOneByte                          0x08002023   Thumb Code    64  bsp_eeprom.o(i.EE_WriteOneByte)
    EXTI9_5_IRQHandler                       0x08002065   Thumb Code    34  bsp_codec.o(i.EXTI9_5_IRQHandler)
    EXTI_ClearITPendingBit                   0x080020a5   Thumb Code     6  stm32f4xx_exti.o(i.EXTI_ClearITPendingBit)
    EXTI_GetITStatus                         0x080020b1   Thumb Code    20  stm32f4xx_exti.o(i.EXTI_GetITStatus)
    EXTI_Init                                0x080020c9   Thumb Code   142  stm32f4xx_exti.o(i.EXTI_Init)
    GPIO_Configuration                       0x0800215d   Thumb Code   202  bsp_gpio.o(i.GPIO_Configuration)
    GPIO_Init                                0x08002235   Thumb Code   144  stm32f4xx_gpio.o(i.GPIO_Init)
    GPIO_PinAFConfig                         0x080022c5   Thumb Code    70  stm32f4xx_gpio.o(i.GPIO_PinAFConfig)
    GPIO_ReadInputDataBit                    0x0800230b   Thumb Code    18  stm32f4xx_gpio.o(i.GPIO_ReadInputDataBit)
    GPIO_ResetBits                           0x0800231d   Thumb Code     4  stm32f4xx_gpio.o(i.GPIO_ResetBits)
    GPIO_SetBits                             0x08002321   Thumb Code     4  stm32f4xx_gpio.o(i.GPIO_SetBits)
    GPIO_ToggleBits                          0x08002325   Thumb Code     8  stm32f4xx_gpio.o(i.GPIO_ToggleBits)
    Init_Devices                             0x0800232d   Thumb Code    40  main.o(i.Init_Devices)
    Init_SysTick                             0x08002355   Thumb Code    66  sys.o(i.Init_SysTick)
    MemManage_Handler                        0x0800239d   Thumb Code     4  stm32f4xx_it.o(i.MemManage_Handler)
    NMI_Handler                              0x080023a1   Thumb Code     2  stm32f4xx_it.o(i.NMI_Handler)
    NVIC_Init                                0x080023a5   Thumb Code   106  misc.o(i.NVIC_Init)
    NVIC_PriorityGroupConfig                 0x0800241d   Thumb Code    10  misc.o(i.NVIC_PriorityGroupConfig)
    OLED_Clear                               0x08002459   Thumb Code    62  bsp_oled.o(i.OLED_Clear)
    OLED_Init                                0x08002497   Thumb Code   238  bsp_oled.o(i.OLED_Init)
    OLED_Set_Pos                             0x08002585   Thumb Code    40  bsp_oled.o(i.OLED_Set_Pos)
    OLED_ShowChar                            0x080025ad   Thumb Code   370  bsp_oled.o(i.OLED_ShowChar)
    OLED_ShowString                          0x08002731   Thumb Code    68  bsp_oled.o(i.OLED_ShowString)
    OLED_WR_Byte                             0x08002775   Thumb Code    24  bsp_oled.o(i.OLED_WR_Byte)
    Oled_Poll                                0x0800278d   Thumb Code   130  bsp_oled.o(i.Oled_Poll)
    Oled_Write_IIC_Command                   0x08002839   Thumb Code    44  bsp_oled.o(i.Oled_Write_IIC_Command)
    Oled_Write_IIC_Data                      0x08002865   Thumb Code    44  bsp_oled.o(i.Oled_Write_IIC_Data)
    PID_Cal                                  0x08002891   Thumb Code   174  app_led.o(i.PID_Cal)
    PID_Parm_init                            0x0800294d   Thumb Code    68  app_led.o(i.PID_Parm_init)
    RCC_AHB1PeriphClockCmd                   0x08002999   Thumb Code    26  stm32f4xx_rcc.o(i.RCC_AHB1PeriphClockCmd)
    RCC_APB1PeriphClockCmd                   0x080029b9   Thumb Code    26  stm32f4xx_rcc.o(i.RCC_APB1PeriphClockCmd)
    RCC_APB2PeriphClockCmd                   0x080029d9   Thumb Code    26  stm32f4xx_rcc.o(i.RCC_APB2PeriphClockCmd)
    RCC_GetClocksFreq                        0x080029f9   Thumb Code   214  stm32f4xx_rcc.o(i.RCC_GetClocksFreq)
    SVC_Handler                              0x08002ae1   Thumb Code     2  stm32f4xx_it.o(i.SVC_Handler)
    SYSCFG_EXTILineConfig                    0x08002ae5   Thumb Code    60  stm32f4xx_syscfg.o(i.SYSCFG_EXTILineConfig)
    Set_LED1_Duty                            0x08002c11   Thumb Code    24  app_led.o(i.Set_LED1_Duty)
    Start_ADC_ConV                           0x08002c29   Thumb Code   124  bsp_adc.o(i.Start_ADC_ConV)
    SysTick_Handler                          0x08002ca9   Thumb Code     8  board.o(i.SysTick_Handler)
    SystemCoreClockUpdate                    0x08002cb1   Thumb Code   170  system_stm32f4xx.o(i.SystemCoreClockUpdate)
    SystemInit                               0x08002d71   Thumb Code    88  system_stm32f4xx.o(i.SystemInit)
    TIM_ARRPreloadConfig                     0x08002dd9   Thumb Code    24  stm32f4xx_tim.o(i.TIM_ARRPreloadConfig)
    TIM_Cmd                                  0x08002df1   Thumb Code    24  stm32f4xx_tim.o(i.TIM_Cmd)
    TIM_OC2Init                              0x08002e09   Thumb Code   154  stm32f4xx_tim.o(i.TIM_OC2Init)
    TIM_OC2PreloadConfig                     0x08002ead   Thumb Code    26  stm32f4xx_tim.o(i.TIM_OC2PreloadConfig)
    TIM_OC3Init                              0x08002ec9   Thumb Code   150  stm32f4xx_tim.o(i.TIM_OC3Init)
    TIM_OC3PreloadConfig                     0x08002f69   Thumb Code    18  stm32f4xx_tim.o(i.TIM_OC3PreloadConfig)
    TIM_SetCompare3                          0x08002f7b   Thumb Code     4  stm32f4xx_tim.o(i.TIM_SetCompare3)
    TIM_TimeBaseInit                         0x08002f81   Thumb Code   104  stm32f4xx_tim.o(i.TIM_TimeBaseInit)
    Timer2_PWM_Init                          0x08003005   Thumb Code   330  bsp_timer.o(i.Timer2_PWM_Init)
    Timer2_PWM_OC3_Enable                    0x0800316d   Thumb Code    74  bsp_timer.o(i.Timer2_PWM_OC3_Enable)
    Timer2_PWM_OC3_SetDuty                   0x080031bd   Thumb Code   148  bsp_timer.o(i.Timer2_PWM_OC3_SetDuty)
    Timer5_PWM_Init                          0x08003265   Thumb Code   324  bsp_timer.o(i.Timer5_PWM_Init)
    Timer5_PWM_OC2_Enable                    0x080033c9   Thumb Code    72  bsp_timer.o(i.Timer5_PWM_OC2_Enable)
    USART6_IRQHandler                        0x08003419   Thumb Code    98  debug_uart.o(i.USART6_IRQHandler)
    USART_ClearFlag                          0x08003485   Thumb Code    18  stm32f4xx_usart.o(i.USART_ClearFlag)
    USART_ClearITPendingBit                  0x08003497   Thumb Code    30  stm32f4xx_usart.o(i.USART_ClearITPendingBit)
    USART_Cmd                                0x080034b5   Thumb Code    24  stm32f4xx_usart.o(i.USART_Cmd)
    USART_GetFlagStatus                      0x080034cd   Thumb Code    26  stm32f4xx_usart.o(i.USART_GetFlagStatus)
    USART_GetITStatus                        0x080034e7   Thumb Code    84  stm32f4xx_usart.o(i.USART_GetITStatus)
    USART_ITConfig                           0x0800353b   Thumb Code    74  stm32f4xx_usart.o(i.USART_ITConfig)
    USART_Init                               0x08003585   Thumb Code   204  stm32f4xx_usart.o(i.USART_Init)
    USART_ReceiveData                        0x08003659   Thumb Code    10  stm32f4xx_usart.o(i.USART_ReceiveData)
    UsageFault_Handler                       0x08003663   Thumb Code     4  stm32f4xx_it.o(i.UsageFault_Handler)
    __ARM_fpclassify                         0x080036c5   Thumb Code    48  fpclassify.o(i.__ARM_fpclassify)
    __rt_ffs                                 0x080036f5   Thumb Code    70  kservice.o(i.__rt_ffs)
    _is_digit                                0x08003741   Thumb Code    14  __printf_wp.o(i._is_digit)
    _sys_exit                                0x0800389b   Thumb Code     4  debug_uart.o(i._sys_exit)
    adc_thread_entry                         0x080038c1   Thumb Code    90  app_adc.o(i.adc_thread_entry)
    board_temp_thread_entry                  0x08003941   Thumb Code   106  app_temp.o(i.board_temp_thread_entry)
    cal_results                              0x08003ab9   Thumb Code   236  app_adc.o(i.cal_results)
    cmd_free                                 0x08003bbd   Thumb Code    14  msh.o(i.cmd_free)
    cmd_ps                                   0x08003bcb   Thumb Code    14  msh.o(i.cmd_ps)
    codec_thread_entry                       0x08003bd9   Thumb Code   224  app_codec.o(i.codec_thread_entry)
    debug_usart_Init                         0x08003d09   Thumb Code   170  debug_uart.o(i.debug_usart_Init)
    debug_usart_Tx                           0x08003dbd   Thumb Code    38  debug_uart.o(i.debug_usart_Tx)
    finsh_get_prompt                         0x08003de9   Thumb Code    86  shell.o(i.finsh_get_prompt)
    finsh_set_prompt_mode                    0x08003e69   Thumb Code    22  shell.o(i.finsh_set_prompt_mode)
    finsh_system_function_init               0x08003e85   Thumb Code    10  shell.o(i.finsh_system_function_init)
    finsh_system_init                        0x08003e99   Thumb Code    98  shell.o(i.finsh_system_init)
    finsh_thread_entry                       0x08003f35   Thumb Code   936  shell.o(i.finsh_thread_entry)
    fputc                                    0x080042fd   Thumb Code    22  debug_uart.o(i.fputc)
    get_20times_adc                          0x08004319   Thumb Code   722  app_adc.o(i.get_20times_adc)
    get_DS18B20_TEMP                         0x08004605   Thumb Code   170  bsp_temp.o(i.get_DS18B20_TEMP)
    get_adc                                  0x080046c1   Thumb Code   366  app_adc.o(i.get_adc)
    get_rccclock_info                        0x08004859   Thumb Code   166  sys.o(i.get_rccclock_info)
    hello                                    0x080049f9   Thumb Code    12  cmd.o(i.hello)
    i2c_port_ack                             0x08004a19   Thumb Code    74  bsp_i2c_port.o(i.i2c_port_ack)
    i2c_port_init                            0x08004a69   Thumb Code    64  bsp_i2c_port.o(i.i2c_port_init)
    i2c_port_nack                            0x08004aad   Thumb Code    76  bsp_i2c_port.o(i.i2c_port_nack)
    i2c_port_read_byte                       0x08004afd   Thumb Code    98  bsp_i2c_port.o(i.i2c_port_read_byte)
    i2c_port_send_byte                       0x08004b65   Thumb Code   116  bsp_i2c_port.o(i.i2c_port_send_byte)
    i2c_port_start                           0x08004bdd   Thumb Code    70  bsp_i2c_port.o(i.i2c_port_start)
    i2c_port_stop                            0x08004c29   Thumb Code    70  bsp_i2c_port.o(i.i2c_port_stop)
    i2c_port_wait_ack                        0x08004c75   Thumb Code    30  bsp_i2c_port.o(i.i2c_port_wait_ack)
    led_thread_entry                         0x08004c99   Thumb Code    40  scs_thread.o(i.led_thread_entry)
    list                                     0x08004cc9   Thumb Code    54  cmd.o(i.list)
    list_mailbox                             0x08004de5   Thumb Code   224  cmd.o(i.list_mailbox)
    list_mem                                 0x08004f41   Thumb Code    34  mem.o(i.list_mem)
    list_sem                                 0x08004fb9   Thumb Code   216  cmd.o(i.list_sem)
    list_thread                              0x080050f1   Thumb Code   294  cmd.o(i.list_thread)
    list_timer                               0x080052d5   Thumb Code   190  cmd.o(i.list_timer)
    $Super$$main                             0x08005435   Thumb Code   198  main.o(i.main)
    main_thread_entry                        0x08005519   Thumb Code    14  components.o(i.main_thread_entry)
    mled_thread_entry                        0x08005611   Thumb Code   376  app_led.o(i.mled_thread_entry)
    msh_auto_complete                        0x080057d1   Thumb Code   138  msh.o(i.msh_auto_complete)
    msh_exec                                 0x08005871   Thumb Code    84  msh.o(i.msh_exec)
    msh_help                                 0x08005939   Thumb Code    66  msh.o(i.msh_help)
    msh_is_used                              0x080059b9   Thumb Code     4  msh.o(i.msh_is_used)
    oled_i2c_port_init                       0x08005ac9   Thumb Code   106  bsp_i2c_port.o(i.oled_i2c_port_init)
    oled_i2c_port_send_byte                  0x08005b3d   Thumb Code   106  bsp_i2c_port.o(i.oled_i2c_port_send_byte)
    oled_i2c_port_start                      0x08005bb1   Thumb Code    68  bsp_i2c_port.o(i.oled_i2c_port_start)
    oled_i2c_port_stop                       0x08005bfd   Thumb Code    68  bsp_i2c_port.o(i.oled_i2c_port_stop)
    oled_i2c_port_wait_ack                   0x08005c49   Thumb Code    24  bsp_i2c_port.o(i.oled_i2c_port_wait_ack)
    oled_thread_entry                        0x08005c65   Thumb Code    20  scs_thread.o(i.oled_thread_entry)
    rt_application_init                      0x08005e89   Thumb Code    34  components.o(i.rt_application_init)
    rt_calloc                                0x08005eb9   Thumb Code    34  mem.o(i.rt_calloc)
    rt_components_board_init                 0x08005edd   Thumb Code    20  components.o(i.rt_components_board_init)
    rt_components_init                       0x08005ef9   Thumb Code    20  components.o(i.rt_components_init)
    rt_enter_critical                        0x08005f15   Thumb Code    28  scheduler.o(i.rt_enter_critical)
    rt_exit_critical                         0x08005f35   Thumb Code    60  scheduler.o(i.rt_exit_critical)
    rt_free                                  0x08005f79   Thumb Code   128  mem.o(i.rt_free)
    rt_heap_begin_get                        0x08006059   Thumb Code     4  board.o(i.rt_heap_begin_get)
    rt_heap_end_get                          0x08006061   Thumb Code     4  board.o(i.rt_heap_end_get)
    rt_hw_board_init                         0x08006069   Thumb Code    52  board.o(i.rt_hw_board_init)
    rt_hw_console_getchar                    0x080060a1   Thumb Code    56  finsh_port.o(i.rt_hw_console_getchar)
    rt_hw_console_output                     0x080060dd   Thumb Code    54  board.o(i.rt_hw_console_output)
    rt_hw_hard_fault_exception               0x08006115   Thumb Code   220  cpuport.o(i.rt_hw_hard_fault_exception)
    rt_hw_stack_init                         0x08006341   Thumb Code    74  cpuport.o(i.rt_hw_stack_init)
    rt_interrupt_enter                       0x08006391   Thumb Code    26  irq.o(i.rt_interrupt_enter)
    rt_interrupt_leave                       0x080063b1   Thumb Code    26  irq.o(i.rt_interrupt_leave)
    rt_kprintf                               0x08006495   Thumb Code    50  kservice.o(i.rt_kprintf)
    rt_malloc                                0x08006591   Thumb Code   336  mem.o(i.rt_malloc)
    rt_memmove                               0x080066fd   Thumb Code    66  kservice.o(i.rt_memmove)
    rt_memset                                0x0800673f   Thumb Code    72  kservice.o(i.rt_memset)
    rt_object_allocate                       0x08006787   Thumb Code    84  object.o(i.rt_object_allocate)
    rt_object_delete                         0x080067db   Thumb Code    36  object.o(i.rt_object_delete)
    rt_object_detach                         0x080067ff   Thumb Code    30  object.o(i.rt_object_detach)
    rt_object_get_information                0x0800681d   Thumb Code    36  object.o(i.rt_object_get_information)
    rt_object_init                           0x08006845   Thumb Code    86  object.o(i.rt_object_init)
    rt_object_is_systemobject                0x0800689b   Thumb Code    18  object.o(i.rt_object_is_systemobject)
    rt_os_tick_callback                      0x080068ad   Thumb Code    16  board.o(i.rt_os_tick_callback)
    rt_schedule                              0x080068bd   Thumb Code   106  scheduler.o(i.rt_schedule)
    rt_schedule_insert_thread                0x08006941   Thumb Code    72  scheduler.o(i.rt_schedule_insert_thread)
    rt_schedule_remove_thread                0x08006991   Thumb Code    76  scheduler.o(i.rt_schedule_remove_thread)
    rt_sem_control                           0x080069e5   Thumb Code    54  ipc.o(i.rt_sem_control)
    rt_sem_init                              0x08006a1b   Thumb Code    38  ipc.o(i.rt_sem_init)
    rt_sem_release                           0x08006a41   Thumb Code    82  ipc.o(i.rt_sem_release)
    rt_sem_take                              0x08006a93   Thumb Code   116  ipc.o(i.rt_sem_take)
    rt_show_version                          0x08006b09   Thumb Code    38  kservice.o(i.rt_show_version)
    rt_strlen                                0x08006bb9   Thumb Code    18  kservice.o(i.rt_strlen)
    rt_strncpy                               0x08006bcb   Thumb Code    52  kservice.o(i.rt_strncpy)
    rt_system_heap_init                      0x08006c01   Thumb Code   160  mem.o(i.rt_system_heap_init)
    rt_system_scheduler_init                 0x08006cf9   Thumb Code    52  scheduler.o(i.rt_system_scheduler_init)
    rt_system_scheduler_start                0x08006d45   Thumb Code    36  scheduler.o(i.rt_system_scheduler_start)
    rt_system_timer_init                     0x08006d75   Thumb Code    24  timer.o(i.rt_system_timer_init)
    rt_system_timer_thread_init              0x08006d91   Thumb Code     2  timer.o(i.rt_system_timer_thread_init)
    rt_thread_create                         0x08006d93   Thumb Code    80  thread.o(i.rt_thread_create)
    rt_thread_exit                           0x08006de5   Thumb Code    78  thread.o(i.rt_thread_exit)
    rt_thread_idle_excute                    0x08006e45   Thumb Code    92  idle.o(i.rt_thread_idle_excute)
    rt_thread_idle_init                      0x08006ea5   Thumb Code    38  idle.o(i.rt_thread_idle_init)
    rt_thread_init                           0x08006ee1   Thumb Code    52  thread.o(i.rt_thread_init)
    rt_thread_mdelay                         0x08006f15   Thumb Code    20  thread.o(i.rt_thread_mdelay)
    rt_thread_resume                         0x08006f29   Thumb Code    60  thread.o(i.rt_thread_resume)
    rt_thread_self                           0x08006f65   Thumb Code     6  thread.o(i.rt_thread_self)
    rt_thread_sleep                          0x08006f71   Thumb Code    62  thread.o(i.rt_thread_sleep)
    rt_thread_startup                        0x08006fb5   Thumb Code    44  thread.o(i.rt_thread_startup)
    rt_thread_suspend                        0x08006fe1   Thumb Code    68  thread.o(i.rt_thread_suspend)
    rt_thread_timeout                        0x08007025   Thumb Code    32  thread.o(i.rt_thread_timeout)
    rt_thread_yield                          0x08007045   Thumb Code    92  thread.o(i.rt_thread_yield)
    rt_tick_from_millisecond                 0x080070a9   Thumb Code    56  clock.o(i.rt_tick_from_millisecond)
    rt_tick_get                              0x080070e1   Thumb Code     6  clock.o(i.rt_tick_get)
    rt_tick_increase                         0x080070ed   Thumb Code    42  clock.o(i.rt_tick_increase)
    rt_timer_check                           0x0800711d   Thumb Code   160  timer.o(i.rt_timer_check)
    rt_timer_control                         0x080071c1   Thumb Code    98  timer.o(i.rt_timer_control)
    rt_timer_detach                          0x08007223   Thumb Code    40  timer.o(i.rt_timer_detach)
    rt_timer_init                            0x0800724b   Thumb Code    46  timer.o(i.rt_timer_init)
    rt_timer_start                           0x08007279   Thumb Code   226  timer.o(i.rt_timer_start)
    rt_timer_stop                            0x08007365   Thumb Code    48  timer.o(i.rt_timer_stop)
    rt_vsnprintf                             0x08007395   Thumb Code   824  kservice.o(i.rt_vsnprintf)
    rtthread_startup                         0x080076e5   Thumb Code    42  components.o(i.rtthread_startup)
    scs_thread_init                          0x08007711   Thumb Code   258  scs_thread.o(i.scs_thread_init)
    sw_thread_entry                          0x08007a61   Thumb Code   312  app_key.o(i.sw_thread_entry)
    version                                  0x08007ce1   Thumb Code    10  cmd.o(i.version)
    _get_lc_numeric                          0x08007ced   Thumb Code    44  lc_numeric_c.o(locale$$code)
    _get_lc_ctype                            0x08007d19   Thumb Code    44  lc_ctype_c.o(locale$$code)
    __aeabi_d2f                              0x08007d45   Thumb Code     0  d2f.o(x$fpl$d2f)
    _d2f                                     0x08007d45   Thumb Code    98  d2f.o(x$fpl$d2f)
    __aeabi_dadd                             0x08007da9   Thumb Code     0  daddsub_clz.o(x$fpl$dadd)
    _dadd                                    0x08007da9   Thumb Code   332  daddsub_clz.o(x$fpl$dadd)
    __fpl_dcmp_Inf                           0x08007ef9   Thumb Code    24  dcmpi.o(x$fpl$dcmpinf)
    __aeabi_ddiv                             0x08007f11   Thumb Code     0  ddiv.o(x$fpl$ddiv)
    _ddiv                                    0x08007f11   Thumb Code   552  ddiv.o(x$fpl$ddiv)
    __aeabi_d2uiz                            0x080081c1   Thumb Code     0  dfixu.o(x$fpl$dfixu)
    _dfixu                                   0x080081c1   Thumb Code    90  dfixu.o(x$fpl$dfixu)
    __aeabi_i2d                              0x0800821b   Thumb Code     0  dflt_clz.o(x$fpl$dflt)
    _dflt                                    0x0800821b   Thumb Code    46  dflt_clz.o(x$fpl$dflt)
    __aeabi_ui2d                             0x08008249   Thumb Code     0  dflt_clz.o(x$fpl$dfltu)
    _dfltu                                   0x08008249   Thumb Code    38  dflt_clz.o(x$fpl$dfltu)
    __aeabi_cdcmple                          0x08008271   Thumb Code     0  dleqf.o(x$fpl$dleqf)
    _dcmple                                  0x08008271   Thumb Code   120  dleqf.o(x$fpl$dleqf)
    __fpl_dcmple_InfNaN                      0x080082d3   Thumb Code     0  dleqf.o(x$fpl$dleqf)
    __aeabi_dmul                             0x080082e9   Thumb Code     0  dmul.o(x$fpl$dmul)
    _dmul                                    0x080082e9   Thumb Code   332  dmul.o(x$fpl$dmul)
    __fpl_dnaninf                            0x0800843d   Thumb Code   156  dnaninf.o(x$fpl$dnaninf)
    __fpl_dretinf                            0x080084d9   Thumb Code    12  dretinf.o(x$fpl$dretinf)
    __aeabi_cdrcmple                         0x080084e5   Thumb Code     0  drleqf.o(x$fpl$drleqf)
    _drcmple                                 0x080084e5   Thumb Code   108  drleqf.o(x$fpl$drleqf)
    __aeabi_drsub                            0x08008551   Thumb Code     0  daddsub_clz.o(x$fpl$drsb)
    _drsb                                    0x08008551   Thumb Code    22  daddsub_clz.o(x$fpl$drsb)
    __aeabi_dsub                             0x08008569   Thumb Code     0  daddsub_clz.o(x$fpl$dsub)
    _dsub                                    0x08008569   Thumb Code   464  daddsub_clz.o(x$fpl$dsub)
    __aeabi_f2d                              0x0800873d   Thumb Code     0  f2d.o(x$fpl$f2d)
    _f2d                                     0x0800873d   Thumb Code    86  f2d.o(x$fpl$f2d)
    __fpl_fnaninf                            0x08008793   Thumb Code   140  fnaninf.o(x$fpl$fnaninf)
    _fp_init                                 0x0800881f   Thumb Code    10  fpinit.o(x$fpl$fpinit)
    __fplib_config_fpu_vfp                   0x08008827   Thumb Code     0  fpinit.o(x$fpl$fpinit)
    __fplib_config_pureend_doubles           0x08008827   Thumb Code     0  fpinit.o(x$fpl$fpinit)
    __fpl_fretinf                            0x08008829   Thumb Code    10  fretinf.o(x$fpl$fretinf)
    _printf_fp_dec                           0x08008833   Thumb Code     4  printf1.o(x$fpl$printf1)
    F6x8                                     0x08008836   Data         552  bsp_oled.o(.constdata)
    __I$use$fp                               0x08008836   Number         0  usenofp.o(x$fpl$usenofp)
    F8X16                                    0x08008a5e   Data        1520  bsp_oled.o(.constdata)
    F24X48                                   0x0800904e   Data        1728  bsp_oled.o(.constdata)
    F18X36                                   0x0800970e   Data        1080  bsp_oled.o(.constdata)
    __lowest_bit_bitmap                      0x08009b46   Data         256  kservice.o(.constdata)
    __fsym___cmd_set_led1_name               0x08009d68   Data          15  app_led.o(.rodata.name)
    __fsym___cmd_set_led1_desc               0x08009d77   Data          14  app_led.o(.rodata.name)
    __fsym_list_mem_name                     0x08009d85   Data           9  mem.o(.rodata.name)
    __fsym_list_mem_desc                     0x08009d8e   Data          30  mem.o(.rodata.name)
    __fsym_hello_name                        0x08009dac   Data           6  cmd.o(.rodata.name)
    __fsym_hello_desc                        0x08009db2   Data          16  cmd.o(.rodata.name)
    __fsym_version_name                      0x08009dc2   Data           8  cmd.o(.rodata.name)
    __fsym_version_desc                      0x08009dca   Data          35  cmd.o(.rodata.name)
    __fsym___cmd_version_name                0x08009ded   Data          14  cmd.o(.rodata.name)
    __fsym___cmd_version_desc                0x08009dfb   Data          35  cmd.o(.rodata.name)
    __fsym_list_thread_name                  0x08009e1e   Data          12  cmd.o(.rodata.name)
    __fsym_list_thread_desc                  0x08009e2a   Data          12  cmd.o(.rodata.name)
    __fsym___cmd_list_thread_name            0x08009e36   Data          18  cmd.o(.rodata.name)
    __fsym___cmd_list_thread_desc            0x08009e48   Data          12  cmd.o(.rodata.name)
    __fsym_list_sem_name                     0x08009e54   Data           9  cmd.o(.rodata.name)
    __fsym_list_sem_desc                     0x08009e5d   Data          25  cmd.o(.rodata.name)
    __fsym___cmd_list_sem_name               0x08009e76   Data          15  cmd.o(.rodata.name)
    __fsym___cmd_list_sem_desc               0x08009e85   Data          25  cmd.o(.rodata.name)
    __fsym_list_mailbox_name                 0x08009e9e   Data          13  cmd.o(.rodata.name)
    __fsym_list_mailbox_desc                 0x08009eab   Data          24  cmd.o(.rodata.name)
    __fsym___cmd_list_mailbox_name           0x08009ec3   Data          19  cmd.o(.rodata.name)
    __fsym___cmd_list_mailbox_desc           0x08009ed6   Data          24  cmd.o(.rodata.name)
    __fsym_list_timer_name                   0x08009eee   Data          11  cmd.o(.rodata.name)
    __fsym_list_timer_desc                   0x08009ef9   Data          21  cmd.o(.rodata.name)
    __fsym___cmd_list_timer_name             0x08009f0e   Data          17  cmd.o(.rodata.name)
    __fsym___cmd_list_timer_desc             0x08009f1f   Data          21  cmd.o(.rodata.name)
    __fsym_list_name                         0x08009f34   Data           5  cmd.o(.rodata.name)
    __fsym_list_desc                         0x08009f39   Data          26  cmd.o(.rodata.name)
    __fsym___cmd_help_name                   0x08009f53   Data          11  msh.o(.rodata.name)
    __fsym___cmd_help_desc                   0x08009f5e   Data          22  msh.o(.rodata.name)
    __fsym___cmd_ps_name                     0x08009f74   Data           9  msh.o(.rodata.name)
    __fsym___cmd_ps_desc                     0x08009f7d   Data          28  msh.o(.rodata.name)
    __fsym___cmd_free_name                   0x08009f99   Data          11  msh.o(.rodata.name)
    __fsym___cmd_free_desc                   0x08009fa4   Data          37  msh.o(.rodata.name)
    __rt_init_rti_start                      0x08009fcc   Data           4  components.o(.rti_fn.0)
    __rt_init_rti_board_start                0x08009fd0   Data           4  components.o(.rti_fn.0.end)
    __rt_init_uart_init                      0x08009fd4   Data           4  board.o(.rti_fn.1)
    __rt_init_rti_board_end                  0x08009fd8   Data           4  components.o(.rti_fn.1.end)
    __rt_init_finsh_system_init              0x08009fdc   Data           4  shell.o(.rti_fn.6)
    __rt_init_rti_end                        0x08009fe0   Data           4  components.o(.rti_fn.6.end)
    FSymTab$$Base                            0x08009fe4   Number         0  app_led.o(FSymTab)
    __fsym___cmd_set_led1                    0x08009fe4   Data          12  app_led.o(FSymTab)
    __fsym_list_mem                          0x08009ff0   Data          12  mem.o(FSymTab)
    __fsym_hello                             0x08009ffc   Data          12  cmd.o(FSymTab)
    __fsym_version                           0x0800a008   Data          12  cmd.o(FSymTab)
    __fsym___cmd_version                     0x0800a014   Data          12  cmd.o(FSymTab)
    __fsym_list_thread                       0x0800a020   Data          12  cmd.o(FSymTab)
    __fsym___cmd_list_thread                 0x0800a02c   Data          12  cmd.o(FSymTab)
    __fsym_list_sem                          0x0800a038   Data          12  cmd.o(FSymTab)
    __fsym___cmd_list_sem                    0x0800a044   Data          12  cmd.o(FSymTab)
    __fsym_list_mailbox                      0x0800a050   Data          12  cmd.o(FSymTab)
    __fsym___cmd_list_mailbox                0x0800a05c   Data          12  cmd.o(FSymTab)
    __fsym_list_timer                        0x0800a068   Data          12  cmd.o(FSymTab)
    __fsym___cmd_list_timer                  0x0800a074   Data          12  cmd.o(FSymTab)
    __fsym_list                              0x0800a080   Data          12  cmd.o(FSymTab)
    __fsym___cmd_help                        0x0800a08c   Data          12  msh.o(FSymTab)
    __fsym___cmd_ps                          0x0800a098   Data          12  msh.o(FSymTab)
    __fsym___cmd_free                        0x0800a0a4   Data          12  msh.o(FSymTab)
    FSymTab$$Limit                           0x0800a0b0   Number         0  msh.o(FSymTab)
    Region$$Table$$Base                      0x0800a0b0   Number         0  anon$$obj.o(Region$$Table)
    Region$$Table$$Limit                     0x0800a0d0   Number         0  anon$$obj.o(Region$$Table)
    __ctype                                  0x0800a0f9   Data           0  lc_ctype_c.o(locale$$data)
    dqt                                      0x20000000   Data           4  main.o(.data)
    test                                     0x20000004   Data           1  main.o(.data)
    extcom_sw_flag                           0x20000005   Data           1  app_key.o(.data)
    led_sw_flag                              0x20000006   Data           1  app_key.o(.data)
    feedback_sw_flag                         0x20000007   Data           1  app_key.o(.data)
    FrontPanel_Set_current                   0x20000008   Data           2  app_codec.o(.data)
    Rotate_Increase_Cnt                      0x2000000a   Data           1  app_codec.o(.data)
    Rotate_Decrease_Cnt                      0x2000000b   Data           1  app_codec.o(.data)
    board_temp                               0x2000000c   Data           4  app_temp.o(.data)
    __stdout                                 0x20000010   Data           4  debug_uart.o(.data)
    DS18B20_Rom_Addr                         0x20000014   Data           8  bsp_temp.o(.data)
    Hzk                                      0x2000001c   Data         896  bsp_oled.o(.data)
    Oled_bRefresh                            0x2000039c   Data           1  bsp_oled.o(.data)
    SystemCoreClock                          0x200003b0   Data           4  system_stm32f4xx.o(.data)
    AHBPrescTable                            0x200003b4   Data          16  system_stm32f4xx.o(.data)
    rt_interrupt_from_thread                 0x200003c8   Data           4  cpuport.o(.data)
    rt_interrupt_to_thread                   0x200003cc   Data           4  cpuport.o(.data)
    rt_thread_switch_interrupt_flag          0x200003d0   Data           4  cpuport.o(.data)
    rt_interrupt_nest                        0x200003d8   Data           1  irq.o(.data)
    rt_thread_ready_priority_group           0x20000434   Data           4  scheduler.o(.data)
    rt_current_thread                        0x2000043c   Data           4  scheduler.o(.data)
    rt_current_priority                      0x20000440   Data           1  scheduler.o(.data)
    rt_thread_defunct                        0x20000444   Data           8  scheduler.o(.data)
    _syscall_table_begin                     0x20000458   Data           4  shell.o(.data)
    _syscall_table_end                       0x2000045c   Data           4  shell.o(.data)
    _sysvar_table_begin                      0x20000460   Data           4  shell.o(.data)
    _sysvar_table_end                        0x20000464   Data           4  shell.o(.data)
    shell                                    0x20000468   Data           4  shell.o(.data)
    sADCCONVData                             0x20000470   Data          24  main.o(.bss)
    RCC_Clocks                               0x20000488   Data          16  main.o(.bss)
    codec_sem                                0x20002850   Data          40  app_codec.o(.bss)
    PID                                      0x200028c0   Data          40  app_led.o(.bss)
    log_usart_buf                            0x200028e8   Data         528  debug_uart.o(.bss)
    rt_thread_priority_table                 0x20003ea8   Data         256  scheduler.o(.bss)
    __libspace_start                         0x200041ac   Data          96  libspace.o(.bss)
    __temporary_stack_top$libspace           0x2000420c   Data           0  libspace.o(.bss)



==============================================================================

Memory Map of the image

  Image Entry point : 0x08000189

  Load Region LR_IROM1 (Base: 0x08000000, Size: 0x0000a66c, Max: 0x00080000, ABSOLUTE, COMPRESSED[0x0000a3a4])

    Execution Region ER_IROM1 (Exec base: 0x08000000, Load base: 0x08000000, Size: 0x0000a1fc, Max: 0x00080000, ABSOLUTE)

    Exec Addr    Load Addr    Size         Type   Attr      Idx    E Section Name        Object

    0x08000000   0x08000000   0x00000188   Data   RO         6332    RESET               startup_stm32f40_41xxx.o
    0x08000188   0x08000188   0x00000008   Code   RO         7836  * !!!main             c_w.l(__main.o)
    0x08000190   0x08000190   0x00000034   Code   RO         8114    !!!scatter          c_w.l(__scatter.o)
    0x080001c4   0x080001c4   0x0000005a   Code   RO         8112    !!dczerorl2         c_w.l(__dczerorl2.o)
    0x0800021e   0x0800021e   0x00000002   PAD
    0x08000220   0x08000220   0x0000001c   Code   RO         8116    !!handler_zi        c_w.l(__scatter_zi.o)
    0x0800023c   0x0800023c   0x00000000   Code   RO         7815    .ARM.Collect$$_printf_percent$$00000000  c_w.l(_printf_percent.o)
    0x0800023c   0x0800023c   0x00000006   Code   RO         7814    .ARM.Collect$$_printf_percent$$00000003  c_w.l(_printf_f.o)
    0x08000242   0x08000242   0x00000006   Code   RO         7813    .ARM.Collect$$_printf_percent$$00000009  c_w.l(_printf_d.o)
    0x08000248   0x08000248   0x00000006   Code   RO         7812    .ARM.Collect$$_printf_percent$$0000000C  c_w.l(_printf_x.o)
    0x0800024e   0x0800024e   0x00000004   Code   RO         7886    .ARM.Collect$$_printf_percent$$00000017  c_w.l(_printf_percent_end.o)
    0x08000252   0x08000252   0x00000002   Code   RO         7985    .ARM.Collect$$libinit$$00000000  c_w.l(libinit.o)
    0x08000254   0x08000254   0x00000004   Code   RO         7986    .ARM.Collect$$libinit$$00000001  c_w.l(libinit2.o)
    0x08000258   0x08000258   0x00000000   Code   RO         7989    .ARM.Collect$$libinit$$00000004  c_w.l(libinit2.o)
    0x08000258   0x08000258   0x00000000   Code   RO         7992    .ARM.Collect$$libinit$$0000000A  c_w.l(libinit2.o)
    0x08000258   0x08000258   0x00000000   Code   RO         7994    .ARM.Collect$$libinit$$0000000C  c_w.l(libinit2.o)
    0x08000258   0x08000258   0x00000000   Code   RO         7996    .ARM.Collect$$libinit$$0000000E  c_w.l(libinit2.o)
    0x08000258   0x08000258   0x00000006   Code   RO         7997    .ARM.Collect$$libinit$$0000000F  c_w.l(libinit2.o)
    0x0800025e   0x0800025e   0x00000000   Code   RO         7999    .ARM.Collect$$libinit$$00000011  c_w.l(libinit2.o)
    0x0800025e   0x0800025e   0x0000000c   Code   RO         8000    .ARM.Collect$$libinit$$00000012  c_w.l(libinit2.o)
    0x0800026a   0x0800026a   0x00000000   Code   RO         8001    .ARM.Collect$$libinit$$00000013  c_w.l(libinit2.o)
    0x0800026a   0x0800026a   0x00000000   Code   RO         8003    .ARM.Collect$$libinit$$00000015  c_w.l(libinit2.o)
    0x0800026a   0x0800026a   0x0000000a   Code   RO         8004    .ARM.Collect$$libinit$$00000016  c_w.l(libinit2.o)
    0x08000274   0x08000274   0x00000000   Code   RO         8005    .ARM.Collect$$libinit$$00000017  c_w.l(libinit2.o)
    0x08000274   0x08000274   0x00000000   Code   RO         8007    .ARM.Collect$$libinit$$00000019  c_w.l(libinit2.o)
    0x08000274   0x08000274   0x00000000   Code   RO         8009    .ARM.Collect$$libinit$$0000001B  c_w.l(libinit2.o)
    0x08000274   0x08000274   0x00000000   Code   RO         8011    .ARM.Collect$$libinit$$0000001D  c_w.l(libinit2.o)
    0x08000274   0x08000274   0x00000000   Code   RO         8013    .ARM.Collect$$libinit$$0000001F  c_w.l(libinit2.o)
    0x08000274   0x08000274   0x00000000   Code   RO         8015    .ARM.Collect$$libinit$$00000021  c_w.l(libinit2.o)
    0x08000274   0x08000274   0x00000000   Code   RO         8017    .ARM.Collect$$libinit$$00000023  c_w.l(libinit2.o)
    0x08000274   0x08000274   0x00000000   Code   RO         8019    .ARM.Collect$$libinit$$00000025  c_w.l(libinit2.o)
    0x08000274   0x08000274   0x00000000   Code   RO         8023    .ARM.Collect$$libinit$$0000002C  c_w.l(libinit2.o)
    0x08000274   0x08000274   0x00000000   Code   RO         8025    .ARM.Collect$$libinit$$0000002E  c_w.l(libinit2.o)
    0x08000274   0x08000274   0x00000000   Code   RO         8027    .ARM.Collect$$libinit$$00000030  c_w.l(libinit2.o)
    0x08000274   0x08000274   0x00000000   Code   RO         8029    .ARM.Collect$$libinit$$00000032  c_w.l(libinit2.o)
    0x08000274   0x08000274   0x00000002   Code   RO         8030    .ARM.Collect$$libinit$$00000033  c_w.l(libinit2.o)
    0x08000276   0x08000276   0x00000002   Code   RO         8058    .ARM.Collect$$libshutdown$$00000000  c_w.l(libshutdown.o)
    0x08000278   0x08000278   0x00000000   Code   RO         8069    .ARM.Collect$$libshutdown$$00000002  c_w.l(libshutdown2.o)
    0x08000278   0x08000278   0x00000000   Code   RO         8071    .ARM.Collect$$libshutdown$$00000004  c_w.l(libshutdown2.o)
    0x08000278   0x08000278   0x00000000   Code   RO         8073    .ARM.Collect$$libshutdown$$00000006  c_w.l(libshutdown2.o)
    0x08000278   0x08000278   0x00000000   Code   RO         8076    .ARM.Collect$$libshutdown$$00000009  c_w.l(libshutdown2.o)
    0x08000278   0x08000278   0x00000000   Code   RO         8079    .ARM.Collect$$libshutdown$$0000000C  c_w.l(libshutdown2.o)
    0x08000278   0x08000278   0x00000000   Code   RO         8081    .ARM.Collect$$libshutdown$$0000000E  c_w.l(libshutdown2.o)
    0x08000278   0x08000278   0x00000000   Code   RO         8084    .ARM.Collect$$libshutdown$$00000011  c_w.l(libshutdown2.o)
    0x08000278   0x08000278   0x00000002   Code   RO         8085    .ARM.Collect$$libshutdown$$00000012  c_w.l(libshutdown2.o)
    0x0800027a   0x0800027a   0x00000000   Code   RO         7870    .ARM.Collect$$rtentry$$00000000  c_w.l(__rtentry.o)
    0x0800027a   0x0800027a   0x00000000   Code   RO         7904    .ARM.Collect$$rtentry$$00000002  c_w.l(__rtentry2.o)
    0x0800027a   0x0800027a   0x00000006   Code   RO         7916    .ARM.Collect$$rtentry$$00000004  c_w.l(__rtentry4.o)
    0x08000280   0x08000280   0x00000000   Code   RO         7906    .ARM.Collect$$rtentry$$00000009  c_w.l(__rtentry2.o)
    0x08000280   0x08000280   0x00000004   Code   RO         7907    .ARM.Collect$$rtentry$$0000000A  c_w.l(__rtentry2.o)
    0x08000284   0x08000284   0x00000000   Code   RO         7909    .ARM.Collect$$rtentry$$0000000C  c_w.l(__rtentry2.o)
    0x08000284   0x08000284   0x00000008   Code   RO         7910    .ARM.Collect$$rtentry$$0000000D  c_w.l(__rtentry2.o)
    0x0800028c   0x0800028c   0x00000002   Code   RO         8031    .ARM.Collect$$rtexit$$00000000  c_w.l(rtexit.o)
    0x0800028e   0x0800028e   0x00000000   Code   RO         8038    .ARM.Collect$$rtexit$$00000002  c_w.l(rtexit2.o)
    0x0800028e   0x0800028e   0x00000004   Code   RO         8039    .ARM.Collect$$rtexit$$00000003  c_w.l(rtexit2.o)
    0x08000292   0x08000292   0x00000006   Code   RO         8040    .ARM.Collect$$rtexit$$00000004  c_w.l(rtexit2.o)
    0x08000298   0x08000298   0x00000040   Code   RO         6333    .text               startup_stm32f40_41xxx.o
    0x080002d8   0x080002d8   0x00000134   Code   RO         6543    .text               context_rvds.o
    0x0800040c   0x0800040c   0x00000018   Code   RO         7761    .text               c_w.l(noretval__2printf.o)
    0x08000424   0x08000424   0x00000028   Code   RO         7763    .text               c_w.l(noretval__2sprintf.o)
    0x0800044c   0x0800044c   0x0000004e   Code   RO         7767    .text               c_w.l(_printf_pad.o)
    0x0800049a   0x0800049a   0x00000002   PAD
    0x0800049c   0x0800049c   0x00000078   Code   RO         7769    .text               c_w.l(_printf_dec.o)
    0x08000514   0x08000514   0x00000058   Code   RO         7774    .text               c_w.l(_printf_hex_int.o)
    0x0800056c   0x0800056c   0x0000010e   Code   RO         7800    .text               c_w.l(__printf_wp.o)
    0x0800067a   0x0800067a   0x0000001a   Code   RO         7816    .text               c_w.l(atoi.o)
    0x08000694   0x08000694   0x00000048   Code   RO         7818    .text               c_w.l(strcpy.o)
    0x080006dc   0x080006dc   0x0000003e   Code   RO         7820    .text               c_w.l(strlen.o)
    0x0800071a   0x0800071a   0x00000096   Code   RO         7822    .text               c_w.l(strncmp.o)
    0x080007b0   0x080007b0   0x00000018   Code   RO         7824    .text               c_w.l(strcat.o)
    0x080007c8   0x080007c8   0x00000064   Code   RO         7826    .text               c_w.l(rt_memcpy_w.o)
    0x0800082c   0x0800082c   0x00000044   Code   RO         7828    .text               c_w.l(rt_memclr.o)
    0x08000870   0x08000870   0x0000004e   Code   RO         7830    .text               c_w.l(rt_memclr_w.o)
    0x080008be   0x080008be   0x00000056   Code   RO         7832    .text               c_w.l(strncpy.o)
    0x08000914   0x08000914   0x00000006   Code   RO         7834    .text               c_w.l(heapauxi.o)
    0x0800091a   0x0800091a   0x00000002   PAD
    0x0800091c   0x0800091c   0x00000008   Code   RO         7874    .text               c_w.l(rt_errno_addr_intlibspace.o)
    0x08000924   0x08000924   0x000000b2   Code   RO         7876    .text               c_w.l(_printf_intcommon.o)
    0x080009d6   0x080009d6   0x0000041e   Code   RO         7878    .text               c_w.l(_printf_fp_dec.o)
    0x08000df4   0x08000df4   0x00000030   Code   RO         7880    .text               c_w.l(_printf_char_common.o)
    0x08000e24   0x08000e24   0x0000000a   Code   RO         7882    .text               c_w.l(_sputc.o)
    0x08000e2e   0x08000e2e   0x00000002   PAD
    0x08000e30   0x08000e30   0x00000024   Code   RO         7884    .text               c_w.l(_printf_char_file.o)
    0x08000e54   0x08000e54   0x00000070   Code   RO         7887    .text               c_w.l(strtol.o)
    0x08000ec4   0x08000ec4   0x00000008   Code   RO         7900    .text               c_w.l(libspace.o)
    0x08000ecc   0x08000ecc   0x00000010   Code   RO         7918    .text               c_w.l(rt_ctype_table.o)
    0x08000edc   0x08000edc   0x00000008   Code   RO         7923    .text               c_w.l(rt_locale_intlibspace.o)
    0x08000ee4   0x08000ee4   0x0000008a   Code   RO         7925    .text               c_w.l(lludiv10.o)
    0x08000f6e   0x08000f6e   0x00000002   PAD
    0x08000f70   0x08000f70   0x00000080   Code   RO         7927    .text               c_w.l(_printf_fp_infnan.o)
    0x08000ff0   0x08000ff0   0x0000009e   Code   RO         7931    .text               c_w.l(_strtoul.o)
    0x0800108e   0x0800108e   0x00000002   PAD
    0x08001090   0x08001090   0x000000e4   Code   RO         7933    .text               c_w.l(bigflt0.o)
    0x08001174   0x08001174   0x00000008   Code   RO         7958    .text               c_w.l(ferror.o)
    0x0800117c   0x0800117c   0x0000004a   Code   RO         7969    .text               c_w.l(sys_stackheap_outer.o)
    0x080011c6   0x080011c6   0x0000001c   Code   RO         7971    .text               c_w.l(_chval.o)
    0x080011e2   0x080011e2   0x00000012   Code   RO         7976    .text               c_w.l(exit.o)
    0x080011f4   0x080011f4   0x00000080   Code   RO         7978    .text               c_w.l(strcmpv7m.o)
    0x08001274   0x08001274   0x0000003e   Code   RO         7936    CL$$btod_d2e        c_w.l(btod.o)
    0x080012b2   0x080012b2   0x00000046   Code   RO         7938    CL$$btod_d2e_denorm_low  c_w.l(btod.o)
    0x080012f8   0x080012f8   0x00000060   Code   RO         7937    CL$$btod_d2e_norm_op1  c_w.l(btod.o)
    0x08001358   0x08001358   0x00000338   Code   RO         7946    CL$$btod_div_common  c_w.l(btod.o)
    0x08001690   0x08001690   0x000000dc   Code   RO         7943    CL$$btod_e2e        c_w.l(btod.o)
    0x0800176c   0x0800176c   0x0000002a   Code   RO         7940    CL$$btod_ediv       c_w.l(btod.o)
    0x08001796   0x08001796   0x0000002a   Code   RO         7939    CL$$btod_emul       c_w.l(btod.o)
    0x080017c0   0x080017c0   0x00000244   Code   RO         7945    CL$$btod_mult_common  c_w.l(btod.o)
    0x08001a04   0x08001a04   0x0000000a   Code   RO         6475    i.$Sub$$main        components.o
    0x08001a0e   0x08001a0e   0x00000002   PAD
    0x08001a10   0x08001a10   0x0000003c   Code   RO          857    i.ADC_Config        bsp_adc.o
    0x08001a4c   0x08001a4c   0x000000a8   Code   RO          858    i.ADC_GPIO_Configuration  bsp_adc.o
    0x08001af4   0x08001af4   0x000000b0   Code   RO          704    i.Bubble_Sort       sys.o
    0x08001ba4   0x08001ba4   0x00000004   Code   RO          243    i.BusFault_Handler  stm32f4xx_it.o
    0x08001ba8   0x08001ba8   0x00000084   Code   RO         1155    i.Codec_Init        bsp_codec.o
    0x08001c2c   0x08001c2c   0x00000034   Code   RO          794    i.DQ_Temp_Init      bsp_temp.o
    0x08001c60   0x08001c60   0x00000068   Code   RO          795    i.DS18B20_ReadROM   bsp_temp.o
    0x08001cc8   0x08001cc8   0x00000104   Code   RO          796    i.DS18B20_Read_Byte  bsp_temp.o
    0x08001dcc   0x08001dcc   0x000000f8   Code   RO          797    i.DS18B20_Rst       bsp_temp.o
    0x08001ec4   0x08001ec4   0x00000034   Code   RO          798    i.DS18B20_SendConV_Command  bsp_temp.o
    0x08001ef8   0x08001ef8   0x000000a4   Code   RO          799    i.DS18B20_Write_Byte  bsp_temp.o
    0x08001f9c   0x08001f9c   0x00000002   Code   RO          244    i.DebugMon_Handler  stm32f4xx_it.o
    0x08001f9e   0x08001f9e   0x0000002e   Code   RO          706    i.Delay_us          sys.o
    0x08001fcc   0x08001fcc   0x00000008   Code   RO         1251    i.EE_Init           bsp_eeprom.o
    0x08001fd4   0x08001fd4   0x0000004e   Code   RO         1252    i.EE_ReadOneByte    bsp_eeprom.o
    0x08002022   0x08002022   0x00000040   Code   RO         1253    i.EE_WriteOneByte   bsp_eeprom.o
    0x08002062   0x08002062   0x00000002   PAD
    0x08002064   0x08002064   0x00000040   Code   RO         1156    i.EXTI9_5_IRQHandler  bsp_codec.o
    0x080020a4   0x080020a4   0x0000000c   Code   RO         2649    i.EXTI_ClearITPendingBit  stm32f4xx_exti.o
    0x080020b0   0x080020b0   0x00000018   Code   RO         2653    i.EXTI_GetITStatus  stm32f4xx_exti.o
    0x080020c8   0x080020c8   0x00000094   Code   RO         2654    i.EXTI_Init         stm32f4xx_exti.o
    0x0800215c   0x0800215c   0x000000d8   Code   RO          770    i.GPIO_Configuration  bsp_gpio.o
    0x08002234   0x08002234   0x00000090   Code   RO         3162    i.GPIO_Init         stm32f4xx_gpio.o
    0x080022c4   0x080022c4   0x00000046   Code   RO         3163    i.GPIO_PinAFConfig  stm32f4xx_gpio.o
    0x0800230a   0x0800230a   0x00000012   Code   RO         3166    i.GPIO_ReadInputDataBit  stm32f4xx_gpio.o
    0x0800231c   0x0800231c   0x00000004   Code   RO         3169    i.GPIO_ResetBits    stm32f4xx_gpio.o
    0x08002320   0x08002320   0x00000004   Code   RO         3170    i.GPIO_SetBits      stm32f4xx_gpio.o
    0x08002324   0x08002324   0x00000008   Code   RO         3172    i.GPIO_ToggleBits   stm32f4xx_gpio.o
    0x0800232c   0x0800232c   0x00000028   Code   RO            4    i.Init_Devices      main.o
    0x08002354   0x08002354   0x00000048   Code   RO          707    i.Init_SysTick      sys.o
    0x0800239c   0x0800239c   0x00000004   Code   RO          245    i.MemManage_Handler  stm32f4xx_it.o
    0x080023a0   0x080023a0   0x00000002   Code   RO          246    i.NMI_Handler       stm32f4xx_it.o
    0x080023a2   0x080023a2   0x00000002   PAD
    0x080023a4   0x080023a4   0x00000078   Code   RO         1287    i.NVIC_Init         misc.o
    0x0800241c   0x0800241c   0x00000014   Code   RO         1288    i.NVIC_PriorityGroupConfig  misc.o
    0x08002430   0x08002430   0x00000028   Code   RO          708    i.NVIC_SetPriority  sys.o
    0x08002458   0x08002458   0x0000003e   Code   RO         1025    i.OLED_Clear        bsp_oled.o
    0x08002496   0x08002496   0x000000ee   Code   RO         1029    i.OLED_Init         bsp_oled.o
    0x08002584   0x08002584   0x00000028   Code   RO         1031    i.OLED_Set_Pos      bsp_oled.o
    0x080025ac   0x080025ac   0x00000184   Code   RO         1033    i.OLED_ShowChar     bsp_oled.o
    0x08002730   0x08002730   0x00000044   Code   RO         1035    i.OLED_ShowString   bsp_oled.o
    0x08002774   0x08002774   0x00000018   Code   RO         1036    i.OLED_WR_Byte      bsp_oled.o
    0x0800278c   0x0800278c   0x000000ac   Code   RO         1037    i.Oled_Poll         bsp_oled.o
    0x08002838   0x08002838   0x0000002c   Code   RO         1038    i.Oled_Write_IIC_Command  bsp_oled.o
    0x08002864   0x08002864   0x0000002c   Code   RO         1039    i.Oled_Write_IIC_Data  bsp_oled.o
    0x08002890   0x08002890   0x000000bc   Code   RO          480    i.PID_Cal           app_led.o
    0x0800294c   0x0800294c   0x0000004c   Code   RO          481    i.PID_Parm_init     app_led.o
    0x08002998   0x08002998   0x00000020   Code   RO         4088    i.RCC_AHB1PeriphClockCmd  stm32f4xx_rcc.o
    0x080029b8   0x080029b8   0x00000020   Code   RO         4097    i.RCC_APB1PeriphClockCmd  stm32f4xx_rcc.o
    0x080029d8   0x080029d8   0x00000020   Code   RO         4100    i.RCC_APB2PeriphClockCmd  stm32f4xx_rcc.o
    0x080029f8   0x080029f8   0x000000e8   Code   RO         4109    i.RCC_GetClocksFreq  stm32f4xx_rcc.o
    0x08002ae0   0x08002ae0   0x00000002   Code   RO          247    i.SVC_Handler       stm32f4xx_it.o
    0x08002ae2   0x08002ae2   0x00000002   PAD
    0x08002ae4   0x08002ae4   0x00000040   Code   RO         5411    i.SYSCFG_EXTILineConfig  stm32f4xx_syscfg.o
    0x08002b24   0x08002b24   0x000000ec   Code   RO         6292    i.SetSysClock       system_stm32f4xx.o
    0x08002c10   0x08002c10   0x00000018   Code   RO          482    i.Set_LED1_Duty     app_led.o
    0x08002c28   0x08002c28   0x00000080   Code   RO          859    i.Start_ADC_ConV    bsp_adc.o
    0x08002ca8   0x08002ca8   0x00000008   Code   RO         6340    i.SysTick_Handler   board.o
    0x08002cb0   0x08002cb0   0x000000c0   Code   RO         6293    i.SystemCoreClockUpdate  system_stm32f4xx.o
    0x08002d70   0x08002d70   0x00000068   Code   RO         6294    i.SystemInit        system_stm32f4xx.o
    0x08002dd8   0x08002dd8   0x00000018   Code   RO         5472    i.TIM_ARRPreloadConfig  stm32f4xx_tim.o
    0x08002df0   0x08002df0   0x00000018   Code   RO         5484    i.TIM_Cmd           stm32f4xx_tim.o
    0x08002e08   0x08002e08   0x000000a4   Code   RO         5518    i.TIM_OC2Init       stm32f4xx_tim.o
    0x08002eac   0x08002eac   0x0000001a   Code   RO         5521    i.TIM_OC2PreloadConfig  stm32f4xx_tim.o
    0x08002ec6   0x08002ec6   0x00000002   PAD
    0x08002ec8   0x08002ec8   0x000000a0   Code   RO         5523    i.TIM_OC3Init       stm32f4xx_tim.o
    0x08002f68   0x08002f68   0x00000012   Code   RO         5526    i.TIM_OC3PreloadConfig  stm32f4xx_tim.o
    0x08002f7a   0x08002f7a   0x00000004   Code   RO         5548    i.TIM_SetCompare3   stm32f4xx_tim.o
    0x08002f7e   0x08002f7e   0x00000002   PAD
    0x08002f80   0x08002f80   0x00000084   Code   RO         5556    i.TIM_TimeBaseInit  stm32f4xx_tim.o
    0x08003004   0x08003004   0x00000168   Code   RO         1185    i.Timer2_PWM_Init   bsp_timer.o
    0x0800316c   0x0800316c   0x00000050   Code   RO         1187    i.Timer2_PWM_OC3_Enable  bsp_timer.o
    0x080031bc   0x080031bc   0x000000a8   Code   RO         1188    i.Timer2_PWM_OC3_SetDuty  bsp_timer.o
    0x08003264   0x08003264   0x00000164   Code   RO         1189    i.Timer5_PWM_Init   bsp_timer.o
    0x080033c8   0x080033c8   0x00000050   Code   RO         1191    i.Timer5_PWM_OC2_Enable  bsp_timer.o
    0x08003418   0x08003418   0x0000006c   Code   RO          571    i.USART6_IRQHandler  debug_uart.o
    0x08003484   0x08003484   0x00000012   Code   RO         6034    i.USART_ClearFlag   stm32f4xx_usart.o
    0x08003496   0x08003496   0x0000001e   Code   RO         6035    i.USART_ClearITPendingBit  stm32f4xx_usart.o
    0x080034b4   0x080034b4   0x00000018   Code   RO         6038    i.USART_Cmd         stm32f4xx_usart.o
    0x080034cc   0x080034cc   0x0000001a   Code   RO         6041    i.USART_GetFlagStatus  stm32f4xx_usart.o
    0x080034e6   0x080034e6   0x00000054   Code   RO         6042    i.USART_GetITStatus  stm32f4xx_usart.o
    0x0800353a   0x0800353a   0x0000004a   Code   RO         6044    i.USART_ITConfig    stm32f4xx_usart.o
    0x08003584   0x08003584   0x000000d4   Code   RO         6045    i.USART_Init        stm32f4xx_usart.o
    0x08003658   0x08003658   0x0000000a   Code   RO         6052    i.USART_ReceiveData  stm32f4xx_usart.o
    0x08003662   0x08003662   0x00000004   Code   RO          248    i.UsageFault_Handler  stm32f4xx_it.o
    0x08003666   0x08003666   0x00000002   PAD
    0x08003668   0x08003668   0x0000005c   Code   RO         6341    i._SysTick_Config   board.o
    0x080036c4   0x080036c4   0x00000030   Code   RO         7967    i.__ARM_fpclassify  m_wm.l(fpclassify.o)
    0x080036f4   0x080036f4   0x0000004c   Code   RO         6817    i.__rt_ffs          kservice.o
    0x08003740   0x08003740   0x0000000e   Code   RO         7802    i._is_digit         c_w.l(__printf_wp.o)
    0x0800374e   0x0800374e   0x0000006a   Code   RO         7591    i._msh_exec_cmd     msh.o
    0x080037b8   0x080037b8   0x00000084   Code   RO         7233    i._rt_thread_init   thread.o
    0x0800383c   0x0800383c   0x00000042   Code   RO         7365    i._rt_timer_init    timer.o
    0x0800387e   0x0800387e   0x0000001c   Code   RO         7366    i._rt_timer_remove  timer.o
    0x0800389a   0x0800389a   0x00000004   Code   RO          572    i._sys_exit         debug_uart.o
    0x0800389e   0x0800389e   0x00000020   Code   RO         7234    i._thread_cleanup_execute  thread.o
    0x080038be   0x080038be   0x00000002   PAD
    0x080038c0   0x080038c0   0x00000080   Code   RO          430    i.adc_thread_entry  app_adc.o
    0x08003940   0x08003940   0x0000007c   Code   RO          403    i.board_temp_thread_entry  app_temp.o
    0x080039bc   0x080039bc   0x000000fc   Code   RO         6556    i.bus_fault_track   cpuport.o
    0x08003ab8   0x08003ab8   0x00000104   Code   RO          431    i.cal_results       app_adc.o
    0x08003bbc   0x08003bbc   0x0000000e   Code   RO         7592    i.cmd_free          msh.o
    0x08003bca   0x08003bca   0x0000000e   Code   RO         7593    i.cmd_ps            msh.o
    0x08003bd8   0x08003bd8   0x00000130   Code   RO          372    i.codec_thread_entry  app_codec.o
    0x08003d08   0x08003d08   0x000000b4   Code   RO          573    i.debug_usart_Init  debug_uart.o
    0x08003dbc   0x08003dbc   0x0000002c   Code   RO          574    i.debug_usart_Tx    debug_uart.o
    0x08003de8   0x08003de8   0x00000078   Code   RO         7664    i.finsh_get_prompt  shell.o
    0x08003e60   0x08003e60   0x00000008   Code   RO         7666    i.finsh_getchar     shell.o
    0x08003e68   0x08003e68   0x0000001c   Code   RO         7669    i.finsh_set_prompt_mode  shell.o
    0x08003e84   0x08003e84   0x00000014   Code   RO         7670    i.finsh_system_function_init  shell.o
    0x08003e98   0x08003e98   0x0000009c   Code   RO         7671    i.finsh_system_init  shell.o
    0x08003f34   0x08003f34   0x000003c8   Code   RO         7673    i.finsh_thread_entry  shell.o
    0x080042fc   0x080042fc   0x0000001c   Code   RO          575    i.fputc             debug_uart.o
    0x08004318   0x08004318   0x000002ec   Code   RO          432    i.get_20times_adc   app_adc.o
    0x08004604   0x08004604   0x000000bc   Code   RO          800    i.get_DS18B20_TEMP  bsp_temp.o
    0x080046c0   0x080046c0   0x00000198   Code   RO          433    i.get_adc           app_adc.o
    0x08004858   0x08004858   0x00000120   Code   RO          709    i.get_rccclock_info  sys.o
    0x08004978   0x08004978   0x00000080   Code   RO         6557    i.hard_fault_track  cpuport.o
    0x080049f8   0x080049f8   0x00000020   Code   RO         7477    i.hello             cmd.o
    0x08004a18   0x08004a18   0x00000050   Code   RO          911    i.i2c_port_ack      bsp_i2c_port.o
    0x08004a68   0x08004a68   0x00000044   Code   RO          912    i.i2c_port_init     bsp_i2c_port.o
    0x08004aac   0x08004aac   0x00000050   Code   RO          913    i.i2c_port_nack     bsp_i2c_port.o
    0x08004afc   0x08004afc   0x00000068   Code   RO          914    i.i2c_port_read_byte  bsp_i2c_port.o
    0x08004b64   0x08004b64   0x00000078   Code   RO          915    i.i2c_port_send_byte  bsp_i2c_port.o
    0x08004bdc   0x08004bdc   0x0000004c   Code   RO          916    i.i2c_port_start    bsp_i2c_port.o
    0x08004c28   0x08004c28   0x0000004c   Code   RO          917    i.i2c_port_stop     bsp_i2c_port.o
    0x08004c74   0x08004c74   0x00000024   Code   RO          918    i.i2c_port_wait_ack  bsp_i2c_port.o
    0x08004c98   0x08004c98   0x00000030   Code   RO          304    i.led_thread_entry  scs_thread.o
    0x08004cc8   0x08004cc8   0x00000068   Code   RO         7478    i.list              cmd.o
    0x08004d30   0x08004d30   0x0000002a   Code   RO         7479    i.list_find_init    cmd.o
    0x08004d5a   0x08004d5a   0x00000088   Code   RO         7480    i.list_get_next     cmd.o
    0x08004de2   0x08004de2   0x00000002   PAD
    0x08004de4   0x08004de4   0x0000015c   Code   RO         7481    i.list_mailbox      cmd.o
    0x08004f40   0x08004f40   0x00000078   Code   RO         6994    i.list_mem          mem.o
    0x08004fb8   0x08004fb8   0x00000138   Code   RO         7482    i.list_sem          cmd.o
    0x080050f0   0x080050f0   0x000001e4   Code   RO         7483    i.list_thread       cmd.o
    0x080052d4   0x080052d4   0x00000160   Code   RO         7484    i.list_timer        cmd.o
    0x08005434   0x08005434   0x000000e4   Code   RO            5    i.main              main.o
    0x08005518   0x08005518   0x0000000e   Code   RO         6476    i.main_thread_entry  components.o
    0x08005526   0x08005526   0x00000002   PAD
    0x08005528   0x08005528   0x000000e8   Code   RO         6558    i.mem_manage_fault_track  cpuport.o
    0x08005610   0x08005610   0x000001c0   Code   RO          484    i.mled_thread_entry  app_led.o
    0x080057d0   0x080057d0   0x000000a0   Code   RO         7594    i.msh_auto_complete  msh.o
    0x08005870   0x08005870   0x0000006c   Code   RO         7595    i.msh_exec          msh.o
    0x080058dc   0x080058dc   0x0000005c   Code   RO         7596    i.msh_get_cmd       msh.o
    0x08005938   0x08005938   0x00000080   Code   RO         7597    i.msh_help          msh.o
    0x080059b8   0x080059b8   0x00000004   Code   RO         7598    i.msh_is_used       msh.o
    0x080059bc   0x080059bc   0x000000f0   Code   RO         7599    i.msh_split         msh.o
    0x08005aac   0x08005aac   0x0000001c   Code   RO         7485    i.object_split      cmd.o
    0x08005ac8   0x08005ac8   0x00000074   Code   RO          920    i.oled_i2c_port_init  bsp_i2c_port.o
    0x08005b3c   0x08005b3c   0x00000074   Code   RO          923    i.oled_i2c_port_send_byte  bsp_i2c_port.o
    0x08005bb0   0x08005bb0   0x0000004c   Code   RO          924    i.oled_i2c_port_start  bsp_i2c_port.o
    0x08005bfc   0x08005bfc   0x0000004c   Code   RO          925    i.oled_i2c_port_stop  bsp_i2c_port.o
    0x08005c48   0x08005c48   0x0000001c   Code   RO          926    i.oled_i2c_port_wait_ack  bsp_i2c_port.o
    0x08005c64   0x08005c64   0x00000014   Code   RO          305    i.oled_thread_entry  scs_thread.o
    0x08005c78   0x08005c78   0x00000078   Code   RO         6995    i.plug_holes        mem.o
    0x08005cf0   0x08005cf0   0x00000198   Code   RO         6819    i.print_number      kservice.o
    0x08005e88   0x08005e88   0x00000030   Code   RO         6477    i.rt_application_init  components.o
    0x08005eb8   0x08005eb8   0x00000022   Code   RO         6996    i.rt_calloc         mem.o
    0x08005eda   0x08005eda   0x00000002   PAD
    0x08005edc   0x08005edc   0x0000001c   Code   RO         6478    i.rt_components_board_init  components.o
    0x08005ef8   0x08005ef8   0x0000001c   Code   RO         6479    i.rt_components_init  components.o
    0x08005f14   0x08005f14   0x00000020   Code   RO         7161    i.rt_enter_critical  scheduler.o
    0x08005f34   0x08005f34   0x00000044   Code   RO         7162    i.rt_exit_critical  scheduler.o
    0x08005f78   0x08005f78   0x000000e0   Code   RO         6997    i.rt_free           mem.o
    0x08006058   0x08006058   0x00000008   Code   RO         6342    i.rt_heap_begin_get  board.o
    0x08006060   0x08006060   0x00000008   Code   RO         6343    i.rt_heap_end_get   board.o
    0x08006068   0x08006068   0x00000038   Code   RO         6344    i.rt_hw_board_init  board.o
    0x080060a0   0x080060a0   0x0000003c   Code   RO         7570    i.rt_hw_console_getchar  finsh_port.o
    0x080060dc   0x080060dc   0x00000036   Code   RO         6345    i.rt_hw_console_output  board.o
    0x08006112   0x08006112   0x00000002   PAD
    0x08006114   0x08006114   0x0000022c   Code   RO         6562    i.rt_hw_hard_fault_exception  cpuport.o
    0x08006340   0x08006340   0x00000050   Code   RO         6563    i.rt_hw_stack_init  cpuport.o
    0x08006390   0x08006390   0x00000020   Code   RO         6790    i.rt_interrupt_enter  irq.o
    0x080063b0   0x080063b0   0x00000020   Code   RO         6792    i.rt_interrupt_leave  irq.o
    0x080063d0   0x080063d0   0x00000014   Code   RO         6650    i.rt_ipc_list_resume  ipc.o
    0x080063e4   0x080063e4   0x00000032   Code   RO         6651    i.rt_ipc_list_resume_all  ipc.o
    0x08006416   0x08006416   0x0000006e   Code   RO         6652    i.rt_ipc_list_suspend  ipc.o
    0x08006484   0x08006484   0x00000010   Code   RO         6653    i.rt_ipc_object_init  ipc.o
    0x08006494   0x08006494   0x00000038   Code   RO         6823    i.rt_kprintf        kservice.o
    0x080064cc   0x080064cc   0x00000006   Code   RO         6654    i.rt_list_init      ipc.o
    0x080064d2   0x080064d2   0x00000006   Code   RO         7163    i.rt_list_init      scheduler.o
    0x080064d8   0x080064d8   0x00000006   Code   RO         7367    i.rt_list_init      timer.o
    0x080064de   0x080064de   0x0000000e   Code   RO         7073    i.rt_list_insert_after  object.o
    0x080064ec   0x080064ec   0x0000000e   Code   RO         7235    i.rt_list_insert_after  thread.o
    0x080064fa   0x080064fa   0x0000000e   Code   RO         7368    i.rt_list_insert_after  timer.o
    0x08006508   0x08006508   0x0000000e   Code   RO         6655    i.rt_list_insert_before  ipc.o
    0x08006516   0x08006516   0x00000010   Code   RO         6656    i.rt_list_isempty   ipc.o
    0x08006526   0x08006526   0x00000010   Code   RO         7369    i.rt_list_isempty   timer.o
    0x08006536   0x08006536   0x00000010   Code   RO         7486    i.rt_list_isempty   cmd.o
    0x08006546   0x08006546   0x00000014   Code   RO         7487    i.rt_list_len       cmd.o
    0x0800655a   0x0800655a   0x00000012   Code   RO         7074    i.rt_list_remove    object.o
    0x0800656c   0x0800656c   0x00000012   Code   RO         7236    i.rt_list_remove    thread.o
    0x0800657e   0x0800657e   0x00000012   Code   RO         7370    i.rt_list_remove    timer.o
    0x08006590   0x08006590   0x0000016c   Code   RO         6998    i.rt_malloc         mem.o
    0x080066fc   0x080066fc   0x00000042   Code   RO         6828    i.rt_memmove        kservice.o
    0x0800673e   0x0800673e   0x00000048   Code   RO         6829    i.rt_memset         kservice.o
    0x08006786   0x08006786   0x00000054   Code   RO         7075    i.rt_object_allocate  object.o
    0x080067da   0x080067da   0x00000024   Code   RO         7076    i.rt_object_delete  object.o
    0x080067fe   0x080067fe   0x0000001e   Code   RO         7077    i.rt_object_detach  object.o
    0x0800681c   0x0800681c   0x00000028   Code   RO         7079    i.rt_object_get_information  object.o
    0x08006844   0x08006844   0x00000056   Code   RO         7083    i.rt_object_init    object.o
    0x0800689a   0x0800689a   0x00000012   Code   RO         7084    i.rt_object_is_systemobject  object.o
    0x080068ac   0x080068ac   0x00000010   Code   RO         6346    i.rt_os_tick_callback  board.o
    0x080068bc   0x080068bc   0x00000084   Code   RO         7164    i.rt_schedule       scheduler.o
    0x08006940   0x08006940   0x00000050   Code   RO         7165    i.rt_schedule_insert_thread  scheduler.o
    0x08006990   0x08006990   0x00000054   Code   RO         7166    i.rt_schedule_remove_thread  scheduler.o
    0x080069e4   0x080069e4   0x00000036   Code   RO         6665    i.rt_sem_control    ipc.o
    0x08006a1a   0x08006a1a   0x00000026   Code   RO         6669    i.rt_sem_init       ipc.o
    0x08006a40   0x08006a40   0x00000052   Code   RO         6670    i.rt_sem_release    ipc.o
    0x08006a92   0x08006a92   0x00000074   Code   RO         6671    i.rt_sem_take       ipc.o
    0x08006b06   0x08006b06   0x00000002   PAD
    0x08006b08   0x08006b08   0x000000b0   Code   RO         6831    i.rt_show_version   kservice.o
    0x08006bb8   0x08006bb8   0x00000012   Code   RO         6837    i.rt_strlen         kservice.o
    0x08006bca   0x08006bca   0x00000034   Code   RO         6839    i.rt_strncpy        kservice.o
    0x08006bfe   0x08006bfe   0x00000002   PAD
    0x08006c00   0x08006c00   0x000000f8   Code   RO         7001    i.rt_system_heap_init  mem.o
    0x08006cf8   0x08006cf8   0x0000004c   Code   RO         7167    i.rt_system_scheduler_init  scheduler.o
    0x08006d44   0x08006d44   0x00000030   Code   RO         7168    i.rt_system_scheduler_start  scheduler.o
    0x08006d74   0x08006d74   0x0000001c   Code   RO         7371    i.rt_system_timer_init  timer.o
    0x08006d90   0x08006d90   0x00000002   Code   RO         7372    i.rt_system_timer_thread_init  timer.o
    0x08006d92   0x08006d92   0x00000050   Code   RO         7238    i.rt_thread_create  thread.o
    0x08006de2   0x08006de2   0x00000002   PAD
    0x08006de4   0x08006de4   0x00000058   Code   RO         7243    i.rt_thread_exit    thread.o
    0x08006e3c   0x08006e3c   0x00000008   Code   RO         6615    i.rt_thread_idle_entry  idle.o
    0x08006e44   0x08006e44   0x00000060   Code   RO         6616    i.rt_thread_idle_excute  idle.o
    0x08006ea4   0x08006ea4   0x0000003c   Code   RO         6618    i.rt_thread_idle_init  idle.o
    0x08006ee0   0x08006ee0   0x00000034   Code   RO         7245    i.rt_thread_init    thread.o
    0x08006f14   0x08006f14   0x00000014   Code   RO         7246    i.rt_thread_mdelay  thread.o
    0x08006f28   0x08006f28   0x0000003c   Code   RO         7247    i.rt_thread_resume  thread.o
    0x08006f64   0x08006f64   0x0000000c   Code   RO         7248    i.rt_thread_self    thread.o
    0x08006f70   0x08006f70   0x00000044   Code   RO         7249    i.rt_thread_sleep   thread.o
    0x08006fb4   0x08006fb4   0x0000002c   Code   RO         7250    i.rt_thread_startup  thread.o
    0x08006fe0   0x08006fe0   0x00000044   Code   RO         7251    i.rt_thread_suspend  thread.o
    0x08007024   0x08007024   0x00000020   Code   RO         7252    i.rt_thread_timeout  thread.o
    0x08007044   0x08007044   0x00000064   Code   RO         7253    i.rt_thread_yield   thread.o
    0x080070a8   0x080070a8   0x00000038   Code   RO         6413    i.rt_tick_from_millisecond  clock.o
    0x080070e0   0x080070e0   0x0000000c   Code   RO         6414    i.rt_tick_get       clock.o
    0x080070ec   0x080070ec   0x00000030   Code   RO         6415    i.rt_tick_increase  clock.o
    0x0800711c   0x0800711c   0x000000a4   Code   RO         7373    i.rt_timer_check    timer.o
    0x080071c0   0x080071c0   0x00000062   Code   RO         7374    i.rt_timer_control  timer.o
    0x08007222   0x08007222   0x00000028   Code   RO         7377    i.rt_timer_detach   timer.o
    0x0800724a   0x0800724a   0x0000002e   Code   RO         7378    i.rt_timer_init     timer.o
    0x08007278   0x08007278   0x000000ec   Code   RO         7381    i.rt_timer_start    timer.o
    0x08007364   0x08007364   0x00000030   Code   RO         7382    i.rt_timer_stop     timer.o
    0x08007394   0x08007394   0x00000340   Code   RO         6842    i.rt_vsnprintf      kservice.o
    0x080076d4   0x080076d4   0x00000004   Code   RO         6480    i.rti_board_end     components.o
    0x080076d8   0x080076d8   0x00000004   Code   RO         6481    i.rti_board_start   components.o
    0x080076dc   0x080076dc   0x00000004   Code   RO         6482    i.rti_end           components.o
    0x080076e0   0x080076e0   0x00000004   Code   RO         6483    i.rti_start         components.o
    0x080076e4   0x080076e4   0x0000002a   Code   RO         6484    i.rtthread_startup  components.o
    0x0800770e   0x0800770e   0x00000002   PAD
    0x08007710   0x08007710   0x000001b8   Code   RO          306    i.scs_thread_init   scs_thread.o
    0x080078c8   0x080078c8   0x000000e8   Code   RO          485    i.set_led1          app_led.o
    0x080079b0   0x080079b0   0x00000038   Code   RO         7674    i.shell_auto_complete  shell.o
    0x080079e8   0x080079e8   0x00000030   Code   RO         7488    i.show_wait_queue   cmd.o
    0x08007a18   0x08007a18   0x00000026   Code   RO         6844    i.skip_atoi         kservice.o
    0x08007a3e   0x08007a3e   0x00000020   Code   RO         7600    i.str_common        msh.o
    0x08007a5e   0x08007a5e   0x00000002   PAD
    0x08007a60   0x08007a60   0x0000018c   Code   RO          342    i.sw_thread_entry   app_key.o
    0x08007bec   0x08007bec   0x0000000a   Code   RO         6347    i.uart_init         board.o
    0x08007bf6   0x08007bf6   0x00000002   PAD
    0x08007bf8   0x08007bf8   0x000000e8   Code   RO         6564    i.usage_fault_track  cpuport.o
    0x08007ce0   0x08007ce0   0x0000000a   Code   RO         7489    i.version           cmd.o
    0x08007cea   0x08007cea   0x00000002   PAD
    0x08007cec   0x08007cec   0x0000002c   Code   RO         7963    locale$$code        c_w.l(lc_numeric_c.o)
    0x08007d18   0x08007d18   0x0000002c   Code   RO         7974    locale$$code        c_w.l(lc_ctype_c.o)
    0x08007d44   0x08007d44   0x00000062   Code   RO         7838    x$fpl$d2f           fz_wm.l(d2f.o)
    0x08007da6   0x08007da6   0x00000002   PAD
    0x08007da8   0x08007da8   0x00000150   Code   RO         7840    x$fpl$dadd          fz_wm.l(daddsub_clz.o)
    0x08007ef8   0x08007ef8   0x00000018   Code   RO         7889    x$fpl$dcmpinf       fz_wm.l(dcmpi.o)
    0x08007f10   0x08007f10   0x000002b0   Code   RO         7847    x$fpl$ddiv          fz_wm.l(ddiv.o)
    0x080081c0   0x080081c0   0x0000005a   Code   RO         7850    x$fpl$dfixu         fz_wm.l(dfixu.o)
    0x0800821a   0x0800821a   0x0000002e   Code   RO         7855    x$fpl$dflt          fz_wm.l(dflt_clz.o)
    0x08008248   0x08008248   0x00000026   Code   RO         7854    x$fpl$dfltu         fz_wm.l(dflt_clz.o)
    0x0800826e   0x0800826e   0x00000002   PAD
    0x08008270   0x08008270   0x00000078   Code   RO         7860    x$fpl$dleqf         fz_wm.l(dleqf.o)
    0x080082e8   0x080082e8   0x00000154   Code   RO         7862    x$fpl$dmul          fz_wm.l(dmul.o)
    0x0800843c   0x0800843c   0x0000009c   Code   RO         7891    x$fpl$dnaninf       fz_wm.l(dnaninf.o)
    0x080084d8   0x080084d8   0x0000000c   Code   RO         7893    x$fpl$dretinf       fz_wm.l(dretinf.o)
    0x080084e4   0x080084e4   0x0000006c   Code   RO         7864    x$fpl$drleqf        fz_wm.l(drleqf.o)
    0x08008550   0x08008550   0x00000016   Code   RO         7841    x$fpl$drsb          fz_wm.l(daddsub_clz.o)
    0x08008566   0x08008566   0x00000002   PAD
    0x08008568   0x08008568   0x000001d4   Code   RO         7842    x$fpl$dsub          fz_wm.l(daddsub_clz.o)
    0x0800873c   0x0800873c   0x00000056   Code   RO         7866    x$fpl$f2d           fz_wm.l(f2d.o)
    0x08008792   0x08008792   0x0000008c   Code   RO         7895    x$fpl$fnaninf       fz_wm.l(fnaninf.o)
    0x0800881e   0x0800881e   0x0000000a   Code   RO         8035    x$fpl$fpinit        fz_wm.l(fpinit.o)
    0x08008828   0x08008828   0x0000000a   Code   RO         7897    x$fpl$fretinf       fz_wm.l(fretinf.o)
    0x08008832   0x08008832   0x00000004   Code   RO         7868    x$fpl$printf1       fz_wm.l(printf1.o)
    0x08008836   0x08008836   0x00000000   Code   RO         7899    x$fpl$usenofp       fz_wm.l(usenofp.o)
    0x08008836   0x08008836   0x00001310   Data   RO         1042    .constdata          bsp_oled.o
    0x08009b46   0x08009b46   0x00000122   Data   RO         6846    .constdata          kservice.o
    0x08009c68   0x08009c68   0x00000028   Data   RO         7775    .constdata          c_w.l(_printf_hex_int.o)
    0x08009c90   0x08009c90   0x00000094   Data   RO         7934    .constdata          c_w.l(bigflt0.o)
    0x08009d24   0x08009d24   0x00000044   Data   RO         7490    .conststring        cmd.o
    0x08009d68   0x08009d68   0x0000001d   Data   RO          487    .rodata.name        app_led.o
    0x08009d85   0x08009d85   0x00000027   Data   RO         7004    .rodata.name        mem.o
    0x08009dac   0x08009dac   0x000001a7   Data   RO         7491    .rodata.name        cmd.o
    0x08009f53   0x08009f53   0x00000076   Data   RO         7601    .rodata.name        msh.o
    0x08009fc9   0x08009fc9   0x00000003   PAD
    0x08009fcc   0x08009fcc   0x00000004   Data   RO         6485    .rti_fn.0           components.o
    0x08009fd0   0x08009fd0   0x00000004   Data   RO         6486    .rti_fn.0.end       components.o
    0x08009fd4   0x08009fd4   0x00000004   Data   RO         6349    .rti_fn.1           board.o
    0x08009fd8   0x08009fd8   0x00000004   Data   RO         6487    .rti_fn.1.end       components.o
    0x08009fdc   0x08009fdc   0x00000004   Data   RO         7677    .rti_fn.6           shell.o
    0x08009fe0   0x08009fe0   0x00000004   Data   RO         6488    .rti_fn.6.end       components.o
    0x08009fe4   0x08009fe4   0x0000000c   Data   RO          488    FSymTab             app_led.o
    0x08009ff0   0x08009ff0   0x0000000c   Data   RO         7005    FSymTab             mem.o
    0x08009ffc   0x08009ffc   0x00000090   Data   RO         7492    FSymTab             cmd.o
    0x0800a08c   0x0800a08c   0x00000024   Data   RO         7602    FSymTab             msh.o
    0x0800a0b0   0x0800a0b0   0x00000020   Data   RO         8110    Region$$Table       anon$$obj.o
    0x0800a0d0   0x0800a0d0   0x0000001c   Data   RO         7962    locale$$data        c_w.l(lc_numeric_c.o)
    0x0800a0ec   0x0800a0ec   0x00000110   Data   RO         7973    locale$$data        c_w.l(lc_ctype_c.o)


    Execution Region RW_IRAM1 (Exec base: 0x20000000, Load base: 0x0800a1fc, Size: 0x00004810, Max: 0x00020000, ABSOLUTE, COMPRESSED[0x000001a8])

    Exec Addr    Load Addr    Size         Type   Attr      Idx    E Section Name        Object

    0x20000000   COMPRESSED   0x00000005   Data   RW            7    .data               main.o
    0x20000005   COMPRESSED   0x00000003   Data   RW          343    .data               app_key.o
    0x20000008   COMPRESSED   0x00000004   Data   RW          374    .data               app_codec.o
    0x2000000c   COMPRESSED   0x00000004   Data   RW          404    .data               app_temp.o
    0x20000010   COMPRESSED   0x00000004   Data   RW          577    .data               debug_uart.o
    0x20000014   COMPRESSED   0x00000008   Data   RW          801    .data               bsp_temp.o
    0x2000001c   COMPRESSED   0x00000382   Data   RW         1043    .data               bsp_oled.o
    0x2000039e   COMPRESSED   0x00000010   Data   RW         4141    .data               stm32f4xx_rcc.o
    0x200003ae   COMPRESSED   0x00000002   PAD
    0x200003b0   COMPRESSED   0x00000014   Data   RW         6295    .data               system_stm32f4xx.o
    0x200003c4   COMPRESSED   0x00000004   Data   RW         6417    .data               clock.o
    0x200003c8   COMPRESSED   0x00000010   Data   RW         6565    .data               cpuport.o
    0x200003d8   COMPRESSED   0x00000001   Data   RW         6793    .data               irq.o
    0x200003d9   COMPRESSED   0x00000003   PAD
    0x200003dc   COMPRESSED   0x00000018   Data   RW         7003    .data               mem.o
    0x200003f4   COMPRESSED   0x00000040   Data   RW         7086    .data               object.o
    0x20000434   COMPRESSED   0x00000018   Data   RW         7170    .data               scheduler.o
    0x2000044c   COMPRESSED   0x0000000c   Data   RW         7383    .data               timer.o
    0x20000458   COMPRESSED   0x00000018   Data   RW         7676    .data               shell.o
    0x20000470        -       0x00000028   Zero   RW            6    .bss                main.o
    0x20000498        -       0x000023b8   Zero   RW          307    .bss                scs_thread.o
    0x20002850        -       0x00000028   Zero   RW          373    .bss                app_codec.o
    0x20002878        -       0x00000048   Zero   RW          434    .bss                app_adc.o
    0x200028c0        -       0x00000028   Zero   RW          486    .bss                app_led.o
    0x200028e8        -       0x00000210   Zero   RW          576    .bss                debug_uart.o
    0x20002af8        -       0x00001000   Zero   RW         6348    .bss                board.o
    0x20003af8        -       0x00000188   Zero   RW         6619    .bss                idle.o
    0x20003c80        -       0x00000200   Zero   RW         6845    .bss                kservice.o
    0x20003e80        -       0x00000028   Zero   RW         7002    .bss                mem.o
    0x20003ea8        -       0x00000100   Zero   RW         7169    .bss                scheduler.o
    0x20003fa8        -       0x00000201   Zero   RW         7675    .bss                shell.o
    0x200041a9   COMPRESSED   0x00000003   PAD
    0x200041ac        -       0x00000060   Zero   RW         7901    .bss                c_w.l(libspace.o)
    0x2000420c   COMPRESSED   0x00000004   PAD
    0x20004210        -       0x00000200   Zero   RW         6331    HEAP                startup_stm32f40_41xxx.o
    0x20004410        -       0x00000400   Zero   RW         6330    STACK               startup_stm32f40_41xxx.o


==============================================================================

Image component sizes


      Code (inc. data)   RO Data    RW Data    ZI Data      Debug   Object Name

      1544        130          0          0         72       3465   app_adc.o
       304         80          0          4         40       1040   app_codec.o
       396         84          0          3          0       1024   app_key.o
       968        174         41          0         40       4620   app_led.o
       124         18          0          4          0        807   app_temp.o
       252         22          4          0       4096      31325   board.o
       356         20          0          0          0       1699   bsp_adc.o
       196         36          0          0          0       1154   bsp_codec.o
       150          0          0          0          0       1757   bsp_eeprom.o
       216         14          0          0          0        633   bsp_gpio.o
      1052         82          0          0          0       7325   bsp_i2c_port.o
      1080         60       4880        898          0       7045   bsp_oled.o
      1068         76          0          8          0       5265   bsp_temp.o
      1044         96          0          0          0       3685   bsp_timer.o
       116         12          0          4          0       8170   clock.o
      1932        656        635          0          0      15229   cmd.o
       186         30         16          0          0       6000   components.o
       308         26          0          0          0        804   context_rvds.o
      1480        738          0         16          0       6190   cpuport.o
       364         32          0          4        528     245480   debug_uart.o
        60          4          0          0          0        584   finsh_port.o
       164         26          0          0        392       5094   idle.o
       522          0          0          0          0       9890   ipc.o
        64         12          0          1          0       1590   irq.o
      1794        166        290          0        512       9701   kservice.o
       268         30          0          5         40      62539   main.o
      1110        310         51         24         40       5315   mem.o
       140         24          0          0          0       1499   misc.o
       898        162        154          0          0       8624   msh.o
       326          4          0         64          0       8360   object.o
       526         90          0         24        256       8538   scheduler.o
       508        190          0          0       9144       2925   scs_thread.o
      1356        154          4         24        513      10932   shell.o
        64         26        392          0       1536        872   startup_stm32f40_41xxx.o
       184         16          0          0          0       2052   stm32f4xx_exti.o
       248          0          0          0          0       4001   stm32f4xx_gpio.o
        18          0          0          0          0       2719   stm32f4xx_it.o
       328         36          0         16          0       4583   stm32f4xx_rcc.o
        64          4          0          0          0        640   stm32f4xx_syscfg.o
       552         48          0          0          0       5528   stm32f4xx_tim.o
       478          8          0          0          0       6048   stm32f4xx_usart.o
       622        140          0          0          0      29031   sys.o
       532         54          0         20          0       2425   system_stm32f4xx.o
       820         38          0          0          0      12648   thread.o
       810         24          0         12          0      11832   timer.o

    ----------------------------------------------------------------------
     25630       3952       6502       1136      17212     570687   Object Totals
         0          0         32          0          0          0   (incl. Generated)
        38          0          3          5          3          0   (incl. Padding)

    ----------------------------------------------------------------------

      Code (inc. data)   RO Data    RW Data    ZI Data      Debug   Library Member Name

        90          0          0          0          0          0   __dczerorl2.o
         8          0          0          0          0         68   __main.o
       284          0          0          0          0        156   __printf_wp.o
         0          0          0          0          0          0   __rtentry.o
        12          0          0          0          0          0   __rtentry2.o
         6          0          0          0          0          0   __rtentry4.o
        52          8          0          0          0          0   __scatter.o
        28          0          0          0          0          0   __scatter_zi.o
        28          0          0          0          0         68   _chval.o
        48          6          0          0          0         96   _printf_char_common.o
        36          4          0          0          0         80   _printf_char_file.o
         6          0          0          0          0          0   _printf_d.o
       120         16          0          0          0         92   _printf_dec.o
         6          0          0          0          0          0   _printf_f.o
      1054          0          0          0          0        216   _printf_fp_dec.o
       128         16          0          0          0         84   _printf_fp_infnan.o
        88          4         40          0          0         88   _printf_hex_int.o
       178          0          0          0          0         88   _printf_intcommon.o
        78          0          0          0          0        108   _printf_pad.o
         0          0          0          0          0          0   _printf_percent.o
         4          0          0          0          0          0   _printf_percent_end.o
         6          0          0          0          0          0   _printf_x.o
        10          0          0          0          0         68   _sputc.o
       158          0          0          0          0         92   _strtoul.o
        26          0          0          0          0         80   atoi.o
       228          4        148          0          0         96   bigflt0.o
      1936        128          0          0          0        672   btod.o
        18          0          0          0          0         80   exit.o
         8          0          0          0          0         68   ferror.o
         6          0          0          0          0        152   heapauxi.o
        44         10        272          0          0         76   lc_ctype_c.o
        44         10         28          0          0         76   lc_numeric_c.o
         2          0          0          0          0          0   libinit.o
        34          0          0          0          0          0   libinit2.o
         2          0          0          0          0          0   libshutdown.o
         2          0          0          0          0          0   libshutdown2.o
         8          4          0          0         96         68   libspace.o
       138          0          0          0          0         80   lludiv10.o
        24          4          0          0          0         84   noretval__2printf.o
        40          6          0          0          0         84   noretval__2sprintf.o
        16          4          0          0          0         76   rt_ctype_table.o
         8          4          0          0          0         68   rt_errno_addr_intlibspace.o
         8          4          0          0          0         68   rt_locale_intlibspace.o
        68          0          0          0          0         68   rt_memclr.o
        78          0          0          0          0         80   rt_memclr_w.o
       100          0          0          0          0         80   rt_memcpy_w.o
         2          0          0          0          0          0   rtexit.o
        10          0          0          0          0          0   rtexit2.o
        24          0          0          0          0         68   strcat.o
       128          0          0          0          0         68   strcmpv7m.o
        72          0          0          0          0         80   strcpy.o
        62          0          0          0          0         76   strlen.o
       150          0          0          0          0         80   strncmp.o
        86          0          0          0          0         76   strncpy.o
       112          0          0          0          0         88   strtol.o
        74          0          0          0          0         80   sys_stackheap_outer.o
        98          4          0          0          0        140   d2f.o
       826         16          0          0          0        492   daddsub_clz.o
        24          0          0          0          0        116   dcmpi.o
       688        140          0          0          0        256   ddiv.o
        90          4          0          0          0        140   dfixu.o
        84          0          0          0          0        232   dflt_clz.o
       120          4          0          0          0        140   dleqf.o
       340         12          0          0          0        152   dmul.o
       156          4          0          0          0        140   dnaninf.o
        12          0          0          0          0        116   dretinf.o
       108          0          0          0          0        128   drleqf.o
        86          4          0          0          0        132   f2d.o
       140          4          0          0          0        132   fnaninf.o
        10          0          0          0          0        116   fpinit.o
        10          0          0          0          0        116   fretinf.o
         4          0          0          0          0        116   printf1.o
         0          0          0          0          0          0   usenofp.o
        48          0          0          0          0        124   fpclassify.o

    ----------------------------------------------------------------------
      8848        424        488          0        100       6764   Library Totals
        18          0          0          0          4          0   (incl. Padding)

    ----------------------------------------------------------------------

      Code (inc. data)   RO Data    RW Data    ZI Data      Debug   Library Name

      5986        232        488          0         96       3976   c_w.l
      2796        192          0          0          0       2664   fz_wm.l
        48          0          0          0          0        124   m_wm.l

    ----------------------------------------------------------------------
      8848        424        488          0        100       6764   Library Totals

    ----------------------------------------------------------------------

==============================================================================


      Code (inc. data)   RO Data    RW Data    ZI Data      Debug   

     34478       4376       6990       1136      17312     549463   Grand Totals
     34478       4376       6990        424      17312     549463   ELF Image Totals (compressed)
     34478       4376       6990        424          0          0   ROM Totals

==============================================================================

    Total RO  Size (Code + RO Data)                41468 (  40.50kB)
    Total RW  Size (RW Data + ZI Data)             18448 (  18.02kB)
    Total ROM Size (Code + RO Data + RW Data)      41892 (  40.91kB)

==============================================================================

